06-18 22:18:23.572   543  8437 D C2MtkBufferManager: over 5000ms not request from VCodec but callback hooked, slow BM Cc fetch thread
06-18 22:18:23.593   543  8437 D C2MtkBufferManager: over 5000ms not request from VCodec but callback hooked, slow BM Cc fetch thread
06-18 22:18:23.613   543  8437 D C2MtkBufferManager: over 5000ms not request from VCodec but callback hooked, slow BM Cc fetch thread
06-18 22:18:23.634   543  8437 D C2MtkBufferManager: over 5000ms not request from VCodec but callback hooked, slow BM Cc fetch thread
06-18 22:18:23.654   543  8437 D C2MtkBufferManager: over 5000ms not request from VCodec but callback hooked, slow BM Cc fetch thread
06-18 22:18:23.675   543  8437 D C2MtkBufferManager: over 5000ms not request from VCodec but callback hooked, slow BM Cc fetch thread
06-18 22:18:23.696   543  8437 D C2MtkBufferManager: over 5000ms not request from VCodec but callback hooked, slow BM Cc fetch thread
06-18 22:18:23.716   543  8437 D C2MtkBufferManager: over 5000ms not request from VCodec but callback hooked, slow BM Cc fetch thread
06-18 22:18:23.737   543  8437 D C2MtkBufferManager: over 5000ms not request from VCodec but callback hooked, slow BM Cc fetch thread
06-18 22:18:23.757   543  8437 D C2MtkBufferManager: over 5000ms not request from VCodec but callback hooked, slow BM Cc fetch thread
06-18 22:18:23.778   543  8437 D C2MtkBufferManager: over 5000ms not request from VCodec but callback hooked, slow BM Cc fetch thread
06-18 22:18:23.783   551   649 I libPowerHal: [perfLockAcq] idx:2 hdl:1659 hint:25 pid:551 duration:10000 lock_user:mtkpower@1.0-se => ret_hdl:1659
06-18 22:18:23.784   551   649 I libPowerHal: [PE] MTKPOWER_HINT_APP_TOUCH update cmd:3408600 param:1
06-18 22:18:23.796  1159 10862 D ActivityManager: getProcessesInErrorState callingUid=10135, CallingPid=2360
06-18 22:18:23.798   543  8437 D C2MtkBufferManager: over 5000ms not request from VCodec but callback hooked, slow BM Cc fetch thread
06-18 22:18:23.818   543  8437 D C2MtkBufferManager: over 5000ms not request from VCodec but callback hooked, slow BM Cc fetch thread
06-18 22:18:23.839   543  8437 D C2MtkBufferManager: over 5000ms not request from VCodec but callback hooked, slow BM Cc fetch thread
06-18 22:18:23.859   543  8437 D C2MtkBufferManager: over 5000ms not request from VCodec but callback hooked, slow BM Cc fetch thread
06-18 22:18:23.874   551   649 I libPowerHal: [perfLockRel] hdl:1659, idx:2
06-18 22:18:23.874   551   649 I libPowerHal: [PD] MTKPOWER_HINT_APP_TOUCH update cmd:3408600 param:0
06-18 22:18:23.879   543  8437 D C2MtkBufferManager: over 5000ms not request from VCodec but callback hooked, slow BM Cc fetch thread
06-18 22:18:23.894  2290  2290 D CoreService: onAccessibilityEvent: currentPackageName=aiv.reem.mymishna isEditing=false isInputMethodApp=false
06-18 22:18:23.900   543  8437 D C2MtkBufferManager: over 5000ms not request from VCodec but callback hooked, slow BM Cc fetch thread
06-18 22:18:23.920   543  8437 D C2MtkBufferManager: over 5000ms not request from VCodec but callback hooked, slow BM Cc fetch thread
06-18 22:18:23.941   543  8437 D C2MtkBufferManager: over 5000ms not request from VCodec but callback hooked, slow BM Cc fetch thread
06-18 22:18:23.959  1159 10862 D AlarmManagerService: inside native alarm timerfd set Alarm Type = 2
06-18 22:18:23.959  1159 10862 D AlarmManagerService: inside native alarm timerfd set Alarm Type = 3
06-18 22:18:23.961   543  8437 D C2MtkBufferManager: over 5000ms not request from VCodec but callback hooked, slow BM Cc fetch thread
06-18 22:18:23.963 12540 12558 I BufferQueueProducer: [ViewRootImpl[MainActivity]#1(BLAST Consumer)1](id:30fc00000001,api:1,p:12540,c:12540) disconnect: api 1
06-18 22:18:23.964 12540 12558 D OpenGLRenderer: endAllActiveAnimators on 0xb4000078e0afc4c0 (RippleDrawable) with handle 0xb4000077f0b42b40
06-18 22:18:23.965 12540 12540 D View    : [Warning] assignParent to null: this = DecorView@56084ac[MainActivity]
06-18 22:18:23.966  1159 10862 W InputManager-JNI: Input channel object '694c4d1 aiv.reem.mymishna/aiv.reem.mymishna.MainActivity (client)' was disposed without first being removed with the input manager!
06-18 22:18:23.971  1159 10862 W WindowManager: Changing focus from Window{694c4d1 u0 aiv.reem.mymishna/aiv.reem.mymishna.MainActivity EXITING} to Window{169135a u0 aiv.reem.mymishna/aiv.reem.mymishna.MainActivity} displayId=0 Callers=com.android.server.wm.RootWindowContainer.updateFocusedWindowLocked:465 com.android.server.wm.WindowManagerService.updateFocusedWindowLocked:5751 com.android.server.wm.WindowState.setupWindowForRemoveOnExit:2591 com.android.server.wm.WindowState.removeIfPossible:2559 
06-18 22:18:23.982   543  8437 D C2MtkBufferManager: over 5000ms not request from VCodec but callback hooked, slow BM Cc fetch thread
06-18 22:18:23.983 12540 12639 I BLASTBufferQueue: [ViewRootImpl[MainActivity]#1] destructor()
06-18 22:18:23.983 12540 12639 I BufferQueueConsumer: [ViewRootImpl[MainActivity]#1(BLAST Consumer)1](id:30fc00000001,api:0,p:-1,c:12540) disconnect
06-18 22:18:23.995 12540 12558 E GPUAUX  : [AUX]GuiExtAuxCheckAuxPath:667: Null anb
06-18 22:18:24.002  2290  2290 D CoreService: onAccessibilityEvent: currentPackageName=aiv.reem.mymishna isEditing=false isInputMethodApp=false
06-18 22:18:24.002   543  8437 D C2MtkBufferManager: over 5000ms not request from VCodec but callback hooked, slow BM Cc fetch thread
06-18 22:18:24.017  2216  2216 I GoogleInputMethodService: GoogleInputMethodService.onFinishInput():2259 
06-18 22:18:24.018  2216  2216 I Module  : DeviceLockedStatusModuleProvider$Module.updateDeviceLockedStatusInternal():127 repeatCheckTimes = 0, locked = false
06-18 22:18:24.019  2216  2216 I GoogleInputMethodService: GoogleInputMethodService.onStartInput():1446 onStartInput(EditorInfo{EditorInfo{packageName=aiv.reem.mymishna, inputType=0, inputTypeString=NULL, enableLearning=false, autoCorrection=false, autoComplete=false, imeOptions=12000000, privateImeOptions=null, actionName=UNSPECIFIED, actionLabel=null, initialSelStart=-1, initialSelEnd=-1, initialCapsMode=0, label=null, fieldId=-1, fieldName=null, extras=null, hintText=null, hintLocales=[]}}, false)
06-18 22:18:24.020  2216  2216 I AndroidIME: LatinIMEBase.updateInputViewCoverNavigation():321 Update input view padding, isNavbarOverInputWindow=true, bottom inset=0
06-18 22:18:24.021  2216  2216 I Module  : DeviceLockedStatusModuleProvider$Module.updateDeviceLockedStatusInternal():127 repeatCheckTimes = 1, locked = false
06-18 22:18:24.023   543  8437 D C2MtkBufferManager: over 5000ms not request from VCodec but callback hooked, slow BM Cc fetch thread
06-18 22:18:24.043   543  8437 D C2MtkBufferManager: over 5000ms not request from VCodec but callback hooked, slow BM Cc fetch thread
06-18 22:18:24.064   543  8437 D C2MtkBufferManager: over 5000ms not request from VCodec but callback hooked, slow BM Cc fetch thread
06-18 22:18:24.084   543  8437 D C2MtkBufferManager: over 5000ms not request from VCodec but callback hooked, slow BM Cc fetch thread
06-18 22:18:24.105   543  8437 D C2MtkBufferManager: over 5000ms not request from VCodec but callback hooked, slow BM Cc fetch thread
06-18 22:18:24.125   543  8437 D C2MtkBufferManager: over 5000ms not request from VCodec but callback hooked, slow BM Cc fetch thread
06-18 22:18:24.129  1159  1180 D WindowManager: setParent old=ActivityRecord{b6b53db u0 aiv.reem.mymishna/.MainActivity t40},new=null,this window=Window{694c4d1 u0 aiv.reem.mymishna/aiv.reem.mymishna.MainActivity},callers=com.android.server.wm.WindowContainer.removeChild:597 com.android.server.wm.ActivityRecord.removeChild:3769 com.android.server.wm.ActivityRecord.removeChild:365 com.android.server.wm.WindowContainer.removeImmediately:649 com.android.server.wm.WindowState.removeImmediately:2380 com.android.server.wm.WindowState.destroySurface:3505 
06-18 22:18:24.146   543  8437 D C2MtkBufferManager: over 5000ms not request from VCodec but callback hooked, slow BM Cc fetch thread
06-18 22:18:24.149   560   560 I BufferQueueDebug: [aiv.reem.mymishna/aiv.reem.mymishna.MainActivity#1](this:0xb4000071d310e410,id:-1,api:0,p:-1,c:560) onDestructor()
06-18 22:18:24.149 12540 12553 I BLASTBufferQueue: releaseBufferCallbackThunk bufferId:53858889891844 framenumber:12 blastBufferQueue is dead
06-18 22:18:24.166   543  8437 D C2MtkBufferManager: over 5000ms not request from VCodec but callback hooked, slow BM Cc fetch thread
06-18 22:18:24.187   543  8437 D C2MtkBufferManager: over 5000ms not request from VCodec but callback hooked, slow BM Cc fetch thread
06-18 22:18:24.208   543  8437 D C2MtkBufferManager: over 5000ms not request from VCodec but callback hooked, slow BM Cc fetch thread
06-18 22:18:24.228   543  8437 D C2MtkBufferManager: over 5000ms not request from VCodec but callback hooked, slow BM Cc fetch thread
06-18 22:18:24.247   551   649 I libPowerHal: [perfLockAcq] idx:2 hdl:1660 hint:25 pid:551 duration:10000 lock_user:mtkpower@1.0-se => ret_hdl:1660
06-18 22:18:24.248   551   649 I libPowerHal: [PE] MTKPOWER_HINT_APP_TOUCH update cmd:3408600 param:1
06-18 22:18:24.249   543  8437 D C2MtkBufferManager: over 5000ms not request from VCodec but callback hooked, slow BM Cc fetch thread
06-18 22:18:24.269   543  8437 D C2MtkBufferManager: over 5000ms not request from VCodec but callback hooked, slow BM Cc fetch thread
06-18 22:18:24.289   543  8437 D C2MtkBufferManager: over 5000ms not request from VCodec but callback hooked, slow BM Cc fetch thread
06-18 22:18:24.298  1159 10862 D ActivityManager: getProcessesInErrorState callingUid=10135, CallingPid=2360
06-18 22:18:24.310   543  8437 D C2MtkBufferManager: over 5000ms not request from VCodec but callback hooked, slow BM Cc fetch thread
06-18 22:18:24.330   543  8437 D C2MtkBufferManager: over 5000ms not request from VCodec but callback hooked, slow BM Cc fetch thread
06-18 22:18:24.346   551   649 I libPowerHal: [perfLockRel] hdl:1660, idx:2
06-18 22:18:24.346   551   649 I libPowerHal: [PD] MTKPOWER_HINT_APP_TOUCH update cmd:3408600 param:0
06-18 22:18:24.350   543  8437 D C2MtkBufferManager: over 5000ms not request from VCodec but callback hooked, slow BM Cc fetch thread
06-18 22:18:24.371   543  8437 D C2MtkBufferManager: over 5000ms not request from VCodec but callback hooked, slow BM Cc fetch thread
06-18 22:18:24.391   543  8437 D C2MtkBufferManager: over 5000ms not request from VCodec but callback hooked, slow BM Cc fetch thread
06-18 22:18:24.412   543  8437 D C2MtkBufferManager: over 5000ms not request from VCodec but callback hooked, slow BM Cc fetch thread
06-18 22:18:24.433   543  8437 D C2MtkBufferManager: over 5000ms not request from VCodec but callback hooked, slow BM Cc fetch thread
06-18 22:18:24.453   543  8437 D C2MtkBufferManager: over 5000ms not request from VCodec but callback hooked, slow BM Cc fetch thread
06-18 22:18:24.474   543  8437 D C2MtkBufferManager: over 5000ms not request from VCodec but callback hooked, slow BM Cc fetch thread
06-18 22:18:24.474   543  8437 W C2BqBuffer: last successful dequeue was 2380320470 us ago, 0 consecutive failures
06-18 22:18:24.475   560  1211 I SurfaceFlinger: [SF client] NEW(0xb4000070e2ff19f0) for (12540:aiv.reem.mymishna)
06-18 22:18:24.478 12540 12540 D ViewRootImpl[MainActivity]: hardware acceleration = true, sRendererEnabled = true, forceHwAccelerated = false
06-18 22:18:24.481  1159 10862 D CompatibilityChangeReporter: Compat change id reported: 168419799; UID 10166; state: DISABLED
06-18 22:18:24.485  1159 10862 W WindowManager: Changing focus from Window{169135a u0 aiv.reem.mymishna/aiv.reem.mymishna.MainActivity} to Window{20afc96 u0 aiv.reem.mymishna/aiv.reem.mymishna.MainActivity} displayId=0 Callers=com.android.server.wm.RootWindowContainer.updateFocusedWindowLocked:465 com.android.server.wm.WindowManagerService.updateFocusedWindowLocked:5751 com.android.server.wm.WindowManagerService.addWindow:1855 com.android.server.wm.Session.addToDisplayAsUser:204 
06-18 22:18:24.494   543  8437 D C2MtkBufferManager: over 5000ms not request from VCodec but callback hooked, slow BM Cc fetch thread
06-18 22:18:24.497   540   671 I hwcomposer: [HWCDisplay] [Display_0 (type:1)] fps:17.161634,dur:1281.93,max:581.26,min:14.22  
06-18 22:18:24.508  2290  2290 D CoreService: onAccessibilityEvent: currentPackageName=aiv.reem.mymishna isEditing=false isInputMethodApp=false
06-18 22:18:24.511   551   629 I libPerfCtl: xgfGetFPS pid:12540 fps:-1
06-18 22:18:24.511   551   629 I libPowerHal: [updateFPS] pid(12540) : 60 => -1
06-18 22:18:24.511   551   649 I libPowerHal: [perfNotifyAppState] pack:aiv.reem.mymishna, act:aiv.reem.mymishna.MainActivity, state:5, pid:12540, uid:10166, fps:-1
06-18 22:18:24.512   551   649 E UxUtility: notifyAppState error = NULL
06-18 22:18:24.512   551   649 I TouchUtility: notifyAppState error = NULL
06-18 22:18:24.515   543  8437 D C2MtkBufferManager: over 5000ms not request from VCodec but callback hooked, slow BM Cc fetch thread
06-18 22:18:24.524   560  1211 E BufferQueueDebug: [aiv.reem.mymishna/aiv.reem.mymishna.MainActivity#1](this:0xb4000071d31779e0,id:-1,api:0,p:-1,c:-1) id info cannot be read from 'aiv.reem.mymishna/aiv.reem.mymishna.MainActivity#1'
06-18 22:18:24.525   560  1211 I BufferQueueDebug: [aiv.reem.mymishna/aiv.reem.mymishna.MainActivity#1](this:0xb4000071d31779e0,id:-1,api:0,p:-1,c:-1) BufferQueue core=(560:/system/bin/surfaceflinger)
06-18 22:18:24.532 12540 12540 I BufferQueueConsumer: [](id:30fc00000002,api:0,p:-1,c:12540) connect: controlledByApp=false
06-18 22:18:24.532 12540 12540 I BLASTBufferQueue: [ViewRootImpl[MainActivity]#2] constructor()
06-18 22:18:24.535   543  8437 D C2MtkBufferManager: over 5000ms not request from VCodec but callback hooked, slow BM Cc fetch thread
06-18 22:18:24.535 12540 12558 I BufferQueueProducer: [ViewRootImpl[MainActivity]#2(BLAST Consumer)2](id:30fc00000002,api:1,p:12540,c:12540) connect: api=1 producerControlledByApp=true
06-18 22:18:24.556   543  8437 D C2MtkBufferManager: over 5000ms not request from VCodec but callback hooked, slow BM Cc fetch thread
06-18 22:18:24.564  2290  2290 D CoreService: onAccessibilityEvent: currentPackageName=aiv.reem.mymishna isEditing=false isInputMethodApp=false
06-18 22:18:24.576   543  8437 D C2MtkBufferManager: over 5000ms not request from VCodec but callback hooked, slow BM Cc fetch thread
06-18 22:18:24.592 12540 12558 E GPUAUX  : [AUX]GuiExtAuxCheckAuxPath:667: Null anb
06-18 22:18:24.597   543  8437 D C2MtkBufferManager: over 5000ms not request from VCodec but callback hooked, slow BM Cc fetch thread
06-18 22:18:24.597  2290  2290 D CoreService: onAccessibilityEvent: currentPackageName=aiv.reem.mymishna isEditing=false isInputMethodApp=false
06-18 22:18:24.608  2216  2216 I GoogleInputMethodService: GoogleInputMethodService.onFinishInput():2259 
06-18 22:18:24.609  2216  2216 I Module  : DeviceLockedStatusModuleProvider$Module.updateDeviceLockedStatusInternal():127 repeatCheckTimes = 0, locked = false
06-18 22:18:24.609  2216  2216 I GoogleInputMethodService: GoogleInputMethodService.onStartInput():1446 onStartInput(EditorInfo{EditorInfo{packageName=aiv.reem.mymishna, inputType=0, inputTypeString=NULL, enableLearning=false, autoCorrection=false, autoComplete=false, imeOptions=0, privateImeOptions=null, actionName=UNSPECIFIED, actionLabel=null, initialSelStart=-1, initialSelEnd=-1, initialCapsMode=0, label=null, fieldId=-1, fieldName=null, extras=null, hintText=null, hintLocales=[]}}, false)
06-18 22:18:24.610  2216  2216 I AndroidIME: LatinIMEBase.updateInputViewCoverNavigation():321 Update input view padding, isNavbarOverInputWindow=true, bottom inset=0
06-18 22:18:24.613  2216  2216 I Module  : DeviceLockedStatusModuleProvider$Module.updateDeviceLockedStatusInternal():127 repeatCheckTimes = 1, locked = false
06-18 22:18:24.617   543  8437 D C2MtkBufferManager: over 5000ms not request from VCodec but callback hooked, slow BM Cc fetch thread
06-18 22:18:24.627   560   560 I BufferQueueProducer: [aiv.reem.mymishna/aiv.reem.mymishna.MainActivity#0](this:0xb4000071d315dfd0,id:-1,api:0,p:-1,c:560) queueBuffer: fps=2.12 dur=1416.76 max=783.11 min=16.99
06-18 22:18:24.637   543  8437 D C2MtkBufferManager: over 5000ms not request from VCodec but callback hooked, slow BM Cc fetch thread
06-18 22:18:24.658   543  8437 D C2MtkBufferManager: over 5000ms not request from VCodec but callback hooked, slow BM Cc fetch thread
06-18 22:18:24.662  2290  2290 D CoreService: onAccessibilityEvent: currentPackageName=aiv.reem.mymishna isEditing=false isInputMethodApp=false
06-18 22:18:24.678   543  8437 D C2MtkBufferManager: over 5000ms not request from VCodec but callback hooked, slow BM Cc fetch thread
06-18 22:18:24.699   543  8437 D C2MtkBufferManager: over 5000ms not request from VCodec but callback hooked, slow BM Cc fetch thread
06-18 22:18:24.720   543  8437 D C2MtkBufferManager: over 5000ms not request from VCodec but callback hooked, slow BM Cc fetch thread
06-18 22:18:24.740   543  8437 D C2MtkBufferManager: over 5000ms not request from VCodec but callback hooked, slow BM Cc fetch thread
06-18 22:18:24.761   543  8437 D C2MtkBufferManager: over 5000ms not request from VCodec but callback hooked, slow BM Cc fetch thread
06-18 22:18:24.782   543  8437 D C2MtkBufferManager: over 5000ms not request from VCodec but callback hooked, slow BM Cc fetch thread
06-18 22:18:24.800  1159 10862 D ActivityManager: getProcessesInErrorState callingUid=10135, CallingPid=2360
06-18 22:18:24.802   543  8437 D C2MtkBufferManager: over 5000ms not request from VCodec but callback hooked, slow BM Cc fetch thread
06-18 22:18:24.823   543  8437 D C2MtkBufferManager: over 5000ms not request from VCodec but callback hooked, slow BM Cc fetch thread
06-18 22:18:24.843   543  8437 D C2MtkBufferManager: over 5000ms not request from VCodec but callback hooked, slow BM Cc fetch thread
06-18 22:18:24.864   543  8437 D C2MtkBufferManager: over 5000ms not request from VCodec but callback hooked, slow BM Cc fetch thread
06-18 22:18:24.884   543  8437 D C2MtkBufferManager: over 5000ms not request from VCodec but callback hooked, slow BM Cc fetch thread
06-18 22:18:24.905   543  8437 D C2MtkBufferManager: over 5000ms not request from VCodec but callback hooked, slow BM Cc fetch thread
06-18 22:18:24.925   543  8437 D C2MtkBufferManager: over 5000ms not request from VCodec but callback hooked, slow BM Cc fetch thread
06-18 22:18:24.946   543  8437 D C2MtkBufferManager: over 5000ms not request from VCodec but callback hooked, slow BM Cc fetch thread
06-18 22:18:24.966   543  8437 D C2MtkBufferManager: over 5000ms not request from VCodec but callback hooked, slow BM Cc fetch thread
06-18 22:18:24.986   543  8437 D C2MtkBufferManager: over 5000ms not request from VCodec but callback hooked, slow BM Cc fetch thread
06-18 22:18:25.007   543  8437 D C2MtkBufferManager: over 5000ms not request from VCodec but callback hooked, slow BM Cc fetch thread
06-18 22:18:25.028   543  8437 D C2MtkBufferManager: over 5000ms not request from VCodec but callback hooked, slow BM Cc fetch thread
06-18 22:18:25.048   543  8437 D C2MtkBufferManager: over 5000ms not request from VCodec but callback hooked, slow BM Cc fetch thread
06-18 22:18:25.069   543  8437 D C2MtkBufferManager: over 5000ms not request from VCodec but callback hooked, slow BM Cc fetch thread
06-18 22:18:25.089   543  8437 D C2MtkBufferManager: over 5000ms not request from VCodec but callback hooked, slow BM Cc fetch thread
06-18 22:18:25.110   543  8437 D C2MtkBufferManager: over 5000ms not request from VCodec but callback hooked, slow BM Cc fetch thread
06-18 22:18:25.130   543  8437 D C2MtkBufferManager: over 5000ms not request from VCodec but callback hooked, slow BM Cc fetch thread
06-18 22:18:25.151   543  8437 D C2MtkBufferManager: over 5000ms not request from VCodec but callback hooked, slow BM Cc fetch thread
06-18 22:18:25.171   543  8437 D C2MtkBufferManager: over 5000ms not request from VCodec but callback hooked, slow BM Cc fetch thread
06-18 22:18:25.192   543  8437 D C2MtkBufferManager: over 5000ms not request from VCodec but callback hooked, slow BM Cc fetch thread
06-18 22:18:25.212   543  8437 D C2MtkBufferManager: over 5000ms not request from VCodec but callback hooked, slow BM Cc fetch thread
06-18 22:18:25.233   543  8437 D C2MtkBufferManager: over 5000ms not request from VCodec but callback hooked, slow BM Cc fetch thread
06-18 22:18:25.254   543  8437 D C2MtkBufferManager: over 5000ms not request from VCodec but callback hooked, slow BM Cc fetch thread
06-18 22:18:25.274   543  8437 D C2MtkBufferManager: over 5000ms not request from VCodec but callback hooked, slow BM Cc fetch thread
06-18 22:18:25.294   543  8437 D C2MtkBufferManager: over 5000ms not request from VCodec but callback hooked, slow BM Cc fetch thread
06-18 22:18:25.302  1159 10862 D ActivityManager: getProcessesInErrorState callingUid=10135, CallingPid=2360
06-18 22:18:25.315   543  8437 D C2MtkBufferManager: over 5000ms not request from VCodec but callback hooked, slow BM Cc fetch thread
06-18 22:18:25.335   543  8437 D C2MtkBufferManager: over 5000ms not request from VCodec but callback hooked, slow BM Cc fetch thread
06-18 22:18:25.356   543  8437 D C2MtkBufferManager: over 5000ms not request from VCodec but callback hooked, slow BM Cc fetch thread
06-18 22:18:25.377   543  8437 D C2MtkBufferManager: over 5000ms not request from VCodec but callback hooked, slow BM Cc fetch thread
06-18 22:18:25.397   543  8437 D C2MtkBufferManager: over 5000ms not request from VCodec but callback hooked, slow BM Cc fetch thread
06-18 22:18:25.418   543  8437 D C2MtkBufferManager: over 5000ms not request from VCodec but callback hooked, slow BM Cc fetch thread
06-18 22:18:25.438   543  8437 D C2MtkBufferManager: over 5000ms not request from VCodec but callback hooked, slow BM Cc fetch thread
06-18 22:18:25.459   543  8437 D C2MtkBufferManager: over 5000ms not request from VCodec but callback hooked, slow BM Cc fetch thread
06-18 22:18:25.479   543  8437 D C2MtkBufferManager: over 5000ms not request from VCodec but callback hooked, slow BM Cc fetch thread
06-18 22:18:25.500   543  8437 D C2MtkBufferManager: over 5000ms not request from VCodec but callback hooked, slow BM Cc fetch thread
06-18 22:18:25.511   551   629 I libPerfCtl: xgfGetFPS pid:12540 fps:64
06-18 22:18:25.511   551   629 I libPowerHal: [updateFPS] pid(12540) : -1 => 60
06-18 22:18:25.512   551   649 I libPowerHal: [perfNotifyAppState] pack:aiv.reem.mymishna, act:aiv.reem.mymishna.MainActivity, state:5, pid:12540, uid:10166, fps:60
06-18 22:18:25.512   551   649 E UxUtility: notifyAppState error = NULL
06-18 22:18:25.512   551   649 I TouchUtility: notifyAppState error = NULL
06-18 22:18:25.521   543  8437 D C2MtkBufferManager: over 5000ms not request from VCodec but callback hooked, slow BM Cc fetch thread
06-18 22:18:25.541   543  8437 D C2MtkBufferManager: over 5000ms not request from VCodec but callback hooked, slow BM Cc fetch thread
06-18 22:18:25.562   543  8437 D C2MtkBufferManager: over 5000ms not request from VCodec but callback hooked, slow BM Cc fetch thread
06-18 22:18:25.562   551   649 I libPowerHal: [perfLockAcq] idx:2 hdl:1661 hint:25 pid:551 duration:10000 lock_user:mtkpower@1.0-se => ret_hdl:1661
06-18 22:18:25.563   551   649 I libPowerHal: [PE] MTKPOWER_HINT_APP_TOUCH update cmd:3408600 param:1
06-18 22:18:25.575  2290  2290 D CoreService: onAccessibilityEvent: currentPackageName=aiv.reem.mymishna isEditing=false isInputMethodApp=false
06-18 22:18:25.582   543  8437 D C2MtkBufferManager: over 5000ms not request from VCodec but callback hooked, slow BM Cc fetch thread
06-18 22:18:25.594   560   560 I BufferQueueProducer: [aiv.reem.mymishna/aiv.reem.mymishna.MainActivity#1](this:0xb4000071d31779e0,id:-1,api:0,p:-1,c:560) queueBuffer: fps=9.84 dur=1016.55 max=849.88 min=16.07
06-18 22:18:25.595   540   671 I hwcomposer: [HWCDisplay] [Display_0 (type:1)] fps:16.394403,dur:1097.94,max:781.35,min:15.24  
06-18 22:18:25.602   543  8437 D C2MtkBufferManager: over 5000ms not request from VCodec but callback hooked, slow BM Cc fetch thread
06-18 22:18:25.623   543  8437 D C2MtkBufferManager: over 5000ms not request from VCodec but callback hooked, slow BM Cc fetch thread
06-18 22:18:25.643   543  8437 D C2MtkBufferManager: over 5000ms not request from VCodec but callback hooked, slow BM Cc fetch thread
06-18 22:18:25.663   543  8437 D C2MtkBufferManager: over 5000ms not request from VCodec but callback hooked, slow BM Cc fetch thread
06-18 22:18:25.677  2290  2290 D CoreService: onAccessibilityEvent: currentPackageName=aiv.reem.mymishna isEditing=false isInputMethodApp=false
06-18 22:18:25.684   543  8437 D C2MtkBufferManager: over 5000ms not request from VCodec but callback hooked, slow BM Cc fetch thread
06-18 22:18:25.704   543  8437 D C2MtkBufferManager: over 5000ms not request from VCodec but callback hooked, slow BM Cc fetch thread
06-18 22:18:25.708  2290  2290 D CoreService: onAccessibilityEvent: currentPackageName=aiv.reem.mymishna isEditing=false isInputMethodApp=false
06-18 22:18:25.709  2290  2290 D CoreService: onAccessibilityEvent: currentPackageName=aiv.reem.mymishna isEditing=false isInputMethodApp=false
06-18 22:18:25.710  2290  2290 D CoreService: onAccessibilityEvent: currentPackageName=aiv.reem.mymishna isEditing=false isInputMethodApp=false
06-18 22:18:25.724   543  8437 D C2MtkBufferManager: over 5000ms not request from VCodec but callback hooked, slow BM Cc fetch thread
06-18 22:18:25.739  2290  2290 D CoreService: onAccessibilityEvent: currentPackageName=aiv.reem.mymishna isEditing=false isInputMethodApp=false
06-18 22:18:25.739  2290  2290 D CoreService: onAccessibilityEvent: currentPackageName=aiv.reem.mymishna isEditing=false isInputMethodApp=false
06-18 22:18:25.745   543  8437 D C2MtkBufferManager: over 5000ms not request from VCodec but callback hooked, slow BM Cc fetch thread
06-18 22:18:25.765   543  8437 D C2MtkBufferManager: over 5000ms not request from VCodec but callback hooked, slow BM Cc fetch thread
06-18 22:18:25.786   543  8437 D C2MtkBufferManager: over 5000ms not request from VCodec but callback hooked, slow BM Cc fetch thread
06-18 22:18:25.800   551   649 I libPowerHal: [perfLockRel] hdl:1661, idx:2
06-18 22:18:25.801   551   649 I libPowerHal: [PD] MTKPOWER_HINT_APP_TOUCH update cmd:3408600 param:0
06-18 22:18:25.804  1159 10862 D ActivityManager: getProcessesInErrorState callingUid=10135, CallingPid=2360
06-18 22:18:25.806   543  8437 D C2MtkBufferManager: over 5000ms not request from VCodec but callback hooked, slow BM Cc fetch thread
06-18 22:18:25.827   543  8437 D C2MtkBufferManager: over 5000ms not request from VCodec but callback hooked, slow BM Cc fetch thread
06-18 22:18:25.847   543  8437 D C2MtkBufferManager: over 5000ms not request from VCodec but callback hooked, slow BM Cc fetch thread
06-18 22:18:25.856  2290  2290 D CoreService: onAccessibilityEvent: currentPackageName=aiv.reem.mymishna isEditing=false isInputMethodApp=false
06-18 22:18:25.856  2290  2290 D CoreService: onAccessibilityEvent: currentPackageName=aiv.reem.mymishna isEditing=false isInputMethodApp=false
06-18 22:18:25.868   543  8437 D C2MtkBufferManager: over 5000ms not request from VCodec but callback hooked, slow BM Cc fetch thread
06-18 22:18:25.888   543  8437 D C2MtkBufferManager: over 5000ms not request from VCodec but callback hooked, slow BM Cc fetch thread
06-18 22:18:25.909   543  8437 D C2MtkBufferManager: over 5000ms not request from VCodec but callback hooked, slow BM Cc fetch thread
06-18 22:18:25.929   543  8437 D C2MtkBufferManager: over 5000ms not request from VCodec but callback hooked, slow BM Cc fetch thread
06-18 22:18:25.950   543  8437 D C2MtkBufferManager: over 5000ms not request from VCodec but callback hooked, slow BM Cc fetch thread
06-18 22:18:25.969  2290  2290 D CoreService: onAccessibilityEvent: currentPackageName=aiv.reem.mymishna isEditing=false isInputMethodApp=false
06-18 22:18:25.970   543  8437 D C2MtkBufferManager: over 5000ms not request from VCodec but callback hooked, slow BM Cc fetch thread
06-18 22:18:25.991   543  8437 D C2MtkBufferManager: over 5000ms not request from VCodec but callback hooked, slow BM Cc fetch thread
06-18 22:18:26.011   543  8437 D C2MtkBufferManager: over 5000ms not request from VCodec but callback hooked, slow BM Cc fetch thread
06-18 22:18:26.032   543  8437 D C2MtkBufferManager: over 5000ms not request from VCodec but callback hooked, slow BM Cc fetch thread
06-18 22:18:26.052   543  8437 D C2MtkBufferManager: over 5000ms not request from VCodec but callback hooked, slow BM Cc fetch thread
06-18 22:18:26.073   543  8437 D C2MtkBufferManager: over 5000ms not request from VCodec but callback hooked, slow BM Cc fetch thread
06-18 22:18:26.087  2290  2290 D CoreService: onAccessibilityEvent: currentPackageName=aiv.reem.mymishna isEditing=false isInputMethodApp=false
06-18 22:18:26.094   543  8437 D C2MtkBufferManager: over 5000ms not request from VCodec but callback hooked, slow BM Cc fetch thread
06-18 22:18:26.114   543  8437 D C2MtkBufferManager: over 5000ms not request from VCodec but callback hooked, slow BM Cc fetch thread
06-18 22:18:26.134   543  8437 D C2MtkBufferManager: over 5000ms not request from VCodec but callback hooked, slow BM Cc fetch thread
06-18 22:18:26.155   543  8437 D C2MtkBufferManager: over 5000ms not request from VCodec but callback hooked, slow BM Cc fetch thread
06-18 22:18:26.175   543  8437 D C2MtkBufferManager: over 5000ms not request from VCodec but callback hooked, slow BM Cc fetch thread
06-18 22:18:26.188   551   649 I libPowerHal: [perfLockAcq] idx:2 hdl:1662 hint:25 pid:551 duration:10000 lock_user:mtkpower@1.0-se => ret_hdl:1662
06-18 22:18:26.188   551   649 I libPowerHal: [PE] MTKPOWER_HINT_APP_TOUCH update cmd:3408600 param:1
06-18 22:18:26.196   543  8437 D C2MtkBufferManager: over 5000ms not request from VCodec but callback hooked, slow BM Cc fetch thread
06-18 22:18:26.216   543  8437 D C2MtkBufferManager: over 5000ms not request from VCodec but callback hooked, slow BM Cc fetch thread
06-18 22:18:26.237   543  8437 D C2MtkBufferManager: over 5000ms not request from VCodec but callback hooked, slow BM Cc fetch thread
06-18 22:18:26.257   543  8437 D C2MtkBufferManager: over 5000ms not request from VCodec but callback hooked, slow BM Cc fetch thread
06-18 22:18:26.278   543  8437 D C2MtkBufferManager: over 5000ms not request from VCodec but callback hooked, slow BM Cc fetch thread
06-18 22:18:26.281   551   649 I libPowerHal: [perfLockRel] hdl:1662, idx:2
06-18 22:18:26.281   551   649 I libPowerHal: [PD] MTKPOWER_HINT_APP_TOUCH update cmd:3408600 param:0
06-18 22:18:26.298   543  8437 D C2MtkBufferManager: over 5000ms not request from VCodec but callback hooked, slow BM Cc fetch thread
06-18 22:18:26.306  1159  1173 D AlarmManagerService: inside native alarm timerfd set Alarm Type = 2
06-18 22:18:26.306  1159 10862 D ActivityManager: getProcessesInErrorState callingUid=10135, CallingPid=2360
06-18 22:18:26.306  1159  1173 D AlarmManagerService: inside native alarm timerfd set Alarm Type = 3
06-18 22:18:26.319   543  8437 D C2MtkBufferManager: over 5000ms not request from VCodec but callback hooked, slow BM Cc fetch thread
06-18 22:18:26.336 12540 12558 I BufferQueueProducer: [ViewRootImpl[MainActivity]#2(BLAST Consumer)2](id:30fc00000002,api:1,p:12540,c:12540) disconnect: api 1
06-18 22:18:26.337 12540 12558 D OpenGLRenderer: endAllActiveAnimators on 0xb4000078e0afde80 (RippleDrawable) with handle 0xb4000077f0b46830
06-18 22:18:26.338 12540 12540 D View    : [Warning] assignParent to null: this = DecorView@9f24458[MainActivity]
06-18 22:18:26.339   543  8437 D C2MtkBufferManager: over 5000ms not request from VCodec but callback hooked, slow BM Cc fetch thread
06-18 22:18:26.339  1159 10862 W InputManager-JNI: Input channel object '20afc96 aiv.reem.mymishna/aiv.reem.mymishna.MainActivity (client)' was disposed without first being removed with the input manager!
06-18 22:18:26.343  1159 10862 W WindowManager: Changing focus from Window{20afc96 u0 aiv.reem.mymishna/aiv.reem.mymishna.MainActivity EXITING} to Window{169135a u0 aiv.reem.mymishna/aiv.reem.mymishna.MainActivity} displayId=0 Callers=com.android.server.wm.RootWindowContainer.updateFocusedWindowLocked:465 com.android.server.wm.WindowManagerService.updateFocusedWindowLocked:5751 com.android.server.wm.WindowState.setupWindowForRemoveOnExit:2591 com.android.server.wm.WindowState.removeIfPossible:2559 
06-18 22:18:26.360   543  8437 D C2MtkBufferManager: over 5000ms not request from VCodec but callback hooked, slow BM Cc fetch thread
06-18 22:18:26.367 12540 12553 I BLASTBufferQueue: [ViewRootImpl[MainActivity]#2] destructor()
06-18 22:18:26.367 12540 12553 I BufferQueueConsumer: [ViewRootImpl[MainActivity]#2(BLAST Consumer)2](id:30fc00000002,api:0,p:-1,c:12540) disconnect
06-18 22:18:26.373  2290  2290 D CoreService: onAccessibilityEvent: currentPackageName=aiv.reem.mymishna isEditing=false isInputMethodApp=false
06-18 22:18:26.379 12540 12558 E GPUAUX  : [AUX]GuiExtAuxCheckAuxPath:667: Null anb
06-18 22:18:26.380   543  8437 D C2MtkBufferManager: over 5000ms not request from VCodec but callback hooked, slow BM Cc fetch thread
06-18 22:18:26.384  2216  2216 I GoogleInputMethodService: GoogleInputMethodService.onFinishInput():2259 
06-18 22:18:26.385  2216  2216 I Module  : DeviceLockedStatusModuleProvider$Module.updateDeviceLockedStatusInternal():127 repeatCheckTimes = 0, locked = false
06-18 22:18:26.386  2216  2216 I GoogleInputMethodService: GoogleInputMethodService.onStartInput():1446 onStartInput(EditorInfo{EditorInfo{packageName=aiv.reem.mymishna, inputType=0, inputTypeString=NULL, enableLearning=false, autoCorrection=false, autoComplete=false, imeOptions=12000000, privateImeOptions=null, actionName=UNSPECIFIED, actionLabel=null, initialSelStart=-1, initialSelEnd=-1, initialCapsMode=0, label=null, fieldId=-1, fieldName=null, extras=null, hintText=null, hintLocales=[]}}, false)
06-18 22:18:26.387  2216  2216 I AndroidIME: LatinIMEBase.updateInputViewCoverNavigation():321 Update input view padding, isNavbarOverInputWindow=true, bottom inset=0
06-18 22:18:26.387  2216  2216 I Module  : DeviceLockedStatusModuleProvider$Module.updateDeviceLockedStatusInternal():127 repeatCheckTimes = 1, locked = false
06-18 22:18:26.394   560   560 I BufferQueueProducer: [aiv.reem.mymishna/aiv.reem.mymishna.MainActivity#0](this:0xb4000071d315dfd0,id:-1,api:0,p:-1,c:560) queueBuffer: fps=1.13 dur=1766.68 max=1749.80 min=16.89
06-18 22:18:26.401   543  8437 D C2MtkBufferManager: over 5000ms not request from VCodec but callback hooked, slow BM Cc fetch thread
06-18 22:18:26.421   543  8437 D C2MtkBufferManager: over 5000ms not request from VCodec but callback hooked, slow BM Cc fetch thread
06-18 22:18:26.442   543  8437 D C2MtkBufferManager: over 5000ms not request from VCodec but callback hooked, slow BM Cc fetch thread
06-18 22:18:26.462   543  8437 D C2MtkBufferManager: over 5000ms not request from VCodec but callback hooked, slow BM Cc fetch thread
06-18 22:18:26.483   543  8437 D C2MtkBufferManager: over 5000ms not request from VCodec but callback hooked, slow BM Cc fetch thread
06-18 22:18:26.495  1159  1180 D WindowManager: setParent old=ActivityRecord{b6b53db u0 aiv.reem.mymishna/.MainActivity t40},new=null,this window=Window{20afc96 u0 aiv.reem.mymishna/aiv.reem.mymishna.MainActivity},callers=com.android.server.wm.WindowContainer.removeChild:597 com.android.server.wm.ActivityRecord.removeChild:3769 com.android.server.wm.ActivityRecord.removeChild:365 com.android.server.wm.WindowContainer.removeImmediately:649 com.android.server.wm.WindowState.removeImmediately:2380 com.android.server.wm.WindowState.destroySurface:3505 
06-18 22:18:26.503   543  8437 D C2MtkBufferManager: over 5000ms not request from VCodec but callback hooked, slow BM Cc fetch thread
06-18 22:18:26.512   551   629 I libPerfCtl: xgfGetFPS pid:12540 fps:54
06-18 22:18:26.516   560   560 I BufferQueueDebug: [aiv.reem.mymishna/aiv.reem.mymishna.MainActivity#1](this:0xb4000071d31779e0,id:-1,api:0,p:-1,c:560) onDestructor()
06-18 22:18:26.516 12540 12553 I BLASTBufferQueue: releaseBufferCallbackThunk bufferId:53858889891849 framenumber:51 blastBufferQueue is dead
06-18 22:18:26.524   543  8437 D C2MtkBufferManager: over 5000ms not request from VCodec but callback hooked, slow BM Cc fetch thread
06-18 22:18:26.544   543  8437 D C2MtkBufferManager: over 5000ms not request from VCodec but callback hooked, slow BM Cc fetch thread
06-18 22:18:26.565   543  8437 D C2MtkBufferManager: over 5000ms not request from VCodec but callback hooked, slow BM Cc fetch thread
06-18 22:18:26.585   543  8437 D C2MtkBufferManager: over 5000ms not request from VCodec but callback hooked, slow BM Cc fetch thread
06-18 22:18:26.606   543  8437 D C2MtkBufferManager: over 5000ms not request from VCodec but callback hooked, slow BM Cc fetch thread
06-18 22:18:26.627   543  8437 D C2MtkBufferManager: over 5000ms not request from VCodec but callback hooked, slow BM Cc fetch thread
06-18 22:18:26.647   543  8437 D C2MtkBufferManager: over 5000ms not request from VCodec but callback hooked, slow BM Cc fetch thread
06-18 22:18:26.668   543  8437 D C2MtkBufferManager: over 5000ms not request from VCodec but callback hooked, slow BM Cc fetch thread
06-18 22:18:26.688   543  8437 D C2MtkBufferManager: over 5000ms not request from VCodec but callback hooked, slow BM Cc fetch thread
06-18 22:18:26.709   543  8437 D C2MtkBufferManager: over 5000ms not request from VCodec but callback hooked, slow BM Cc fetch thread
06-18 22:18:26.729   543  8437 D C2MtkBufferManager: over 5000ms not request from VCodec but callback hooked, slow BM Cc fetch thread
06-18 22:18:26.750   543  8437 D C2MtkBufferManager: over 5000ms not request from VCodec but callback hooked, slow BM Cc fetch thread
06-18 22:18:26.771   543  8437 D C2MtkBufferManager: over 5000ms not request from VCodec but callback hooked, slow BM Cc fetch thread
06-18 22:18:26.792   543  8437 D C2MtkBufferManager: over 5000ms not request from VCodec but callback hooked, slow BM Cc fetch thread
06-18 22:18:26.808  1159 10862 D ActivityManager: getProcessesInErrorState callingUid=10135, CallingPid=2360
06-18 22:18:26.812   543  8437 D C2MtkBufferManager: over 5000ms not request from VCodec but callback hooked, slow BM Cc fetch thread
06-18 22:18:26.833   543  8437 D C2MtkBufferManager: over 5000ms not request from VCodec but callback hooked, slow BM Cc fetch thread
06-18 22:18:26.853   543  8437 D C2MtkBufferManager: over 5000ms not request from VCodec but callback hooked, slow BM Cc fetch thread
06-18 22:18:26.874   543  8437 D C2MtkBufferManager: over 5000ms not request from VCodec but callback hooked, slow BM Cc fetch thread
06-18 22:18:26.895   543  8437 D C2MtkBufferManager: over 5000ms not request from VCodec but callback hooked, slow BM Cc fetch thread
06-18 22:18:26.915   543  8437 D C2MtkBufferManager: over 5000ms not request from VCodec but callback hooked, slow BM Cc fetch thread
06-18 22:18:26.936   543  8437 D C2MtkBufferManager: over 5000ms not request from VCodec but callback hooked, slow BM Cc fetch thread
06-18 22:18:26.956   543  8437 D C2MtkBufferManager: over 5000ms not request from VCodec but callback hooked, slow BM Cc fetch thread
06-18 22:18:26.962   551   649 I libPowerHal: [perfLockAcq] idx:2 hdl:1663 hint:25 pid:551 duration:10000 lock_user:mtkpower@1.0-se => ret_hdl:1663
06-18 22:18:26.963   551   649 I libPowerHal: [PE] MTKPOWER_HINT_APP_TOUCH update cmd:3408600 param:1
06-18 22:18:26.977   543  8437 D C2MtkBufferManager: over 5000ms not request from VCodec but callback hooked, slow BM Cc fetch thread
06-18 22:18:26.997   543  8437 D C2MtkBufferManager: over 5000ms not request from VCodec but callback hooked, slow BM Cc fetch thread
06-18 22:18:27.017   543  8437 D C2MtkBufferManager: over 5000ms not request from VCodec but callback hooked, slow BM Cc fetch thread
06-18 22:18:27.038   543  8437 D C2MtkBufferManager: over 5000ms not request from VCodec but callback hooked, slow BM Cc fetch thread
06-18 22:18:27.053   551   649 I libPowerHal: [perfLockRel] hdl:1663, idx:2
06-18 22:18:27.053   551   649 I libPowerHal: [PD] MTKPOWER_HINT_APP_TOUCH update cmd:3408600 param:0
06-18 22:18:27.058   543  8437 D C2MtkBufferManager: over 5000ms not request from VCodec but callback hooked, slow BM Cc fetch thread
06-18 22:18:27.062  1159 10862 D AlarmManagerService: inside native alarm timerfd set Alarm Type = 2
06-18 22:18:27.062  1159 10862 D AlarmManagerService: inside native alarm timerfd set Alarm Type = 3
06-18 22:18:27.062  1159 10862 D AlarmManagerService: inside native alarm timerfd set Alarm Type = 2
06-18 22:18:27.078   543  8437 D C2MtkBufferManager: over 5000ms not request from VCodec but callback hooked, slow BM Cc fetch thread
06-18 22:18:27.099   543  8437 D C2MtkBufferManager: over 5000ms not request from VCodec but callback hooked, slow BM Cc fetch thread
06-18 22:18:27.120   543  8437 D C2MtkBufferManager: over 5000ms not request from VCodec but callback hooked, slow BM Cc fetch thread
06-18 22:18:27.140   543  8437 D C2MtkBufferManager: over 5000ms not request from VCodec but callback hooked, slow BM Cc fetch thread
06-18 22:18:27.161   543  8437 D C2MtkBufferManager: over 5000ms not request from VCodec but callback hooked, slow BM Cc fetch thread
06-18 22:18:27.170 12540 12558 E GPUAUX  : [AUX]GuiExtAuxCheckAuxPath:667: Null anb
06-18 22:18:27.170 12540 12558 E GPUAUX  : [AUX]GuiExtAuxCheckAuxPath:667: Null anb
06-18 22:18:27.171 12540 12558 E GPUAUX  : [AUX]GuiExtAuxCheckAuxPath:667: Null anb
06-18 22:18:27.171 12540 12558 E GPUAUX  : [AUX]GuiExtAuxCheckAuxPath:667: Null anb
06-18 22:18:27.171 12540 12558 E GPUAUX  : [AUX]GuiExtAuxCheckAuxPath:667: Null anb
06-18 22:18:27.171 12540 12558 E GPUAUX  : [AUX]GuiExtAuxCheckAuxPath:667: Null anb
06-18 22:18:27.171 12540 12558 E GPUAUX  : [AUX]GuiExtAuxCheckAuxPath:667: Null anb
06-18 22:18:27.172  2290  2290 D CoreService: onAccessibilityEvent: currentPackageName=aiv.reem.mymishna isEditing=false isInputMethodApp=false
06-18 22:18:27.172  2290  2290 D CoreService: onAccessibilityEvent: currentPackageName=aiv.reem.mymishna isEditing=false isInputMethodApp=false
06-18 22:18:27.176  2290  2290 D CoreService: onAccessibilityEvent: currentPackageName=aiv.reem.mymishna isEditing=false isInputMethodApp=false
06-18 22:18:27.178  2290  2290 D CoreService: onAccessibilityEvent: currentPackageName=aiv.reem.mymishna isEditing=false isInputMethodApp=false
06-18 22:18:27.178   540   671 I hwcomposer: [HWCDisplay] [Display_0 (type:1)] fps:31.582153,dur:1583.17,max:647.24,min:10.95  
06-18 22:18:27.181   543  8437 D C2MtkBufferManager: over 5000ms not request from VCodec but callback hooked, slow BM Cc fetch thread
06-18 22:18:27.202   543  8437 D C2MtkBufferManager: over 5000ms not request from VCodec but callback hooked, slow BM Cc fetch thread
06-18 22:18:27.222   543  8437 D C2MtkBufferManager: over 5000ms not request from VCodec but callback hooked, slow BM Cc fetch thread
06-18 22:18:27.243   543  8437 D C2MtkBufferManager: over 5000ms not request from VCodec but callback hooked, slow BM Cc fetch thread
06-18 22:18:27.264   543  8437 D C2MtkBufferManager: over 5000ms not request from VCodec but callback hooked, slow BM Cc fetch thread
06-18 22:18:27.284   543  8437 D C2MtkBufferManager: over 5000ms not request from VCodec but callback hooked, slow BM Cc fetch thread
06-18 22:18:27.305   543  8437 D C2MtkBufferManager: over 5000ms not request from VCodec but callback hooked, slow BM Cc fetch thread
06-18 22:18:27.310  1159 10862 D ActivityManager: getProcessesInErrorState callingUid=10135, CallingPid=2360
06-18 22:18:27.325   543  8437 D C2MtkBufferManager: over 5000ms not request from VCodec but callback hooked, slow BM Cc fetch thread
06-18 22:18:27.346   543  8437 D C2MtkBufferManager: over 5000ms not request from VCodec but callback hooked, slow BM Cc fetch thread
06-18 22:18:27.366   543  8437 D C2MtkBufferManager: over 5000ms not request from VCodec but callback hooked, slow BM Cc fetch thread
06-18 22:18:27.387   543  8437 D C2MtkBufferManager: over 5000ms not request from VCodec but callback hooked, slow BM Cc fetch thread
06-18 22:18:27.407   543  8437 D C2MtkBufferManager: over 5000ms not request from VCodec but callback hooked, slow BM Cc fetch thread
06-18 22:18:27.428   543  8437 D C2MtkBufferManager: over 5000ms not request from VCodec but callback hooked, slow BM Cc fetch thread
06-18 22:18:27.448   543  8437 D C2MtkBufferManager: over 5000ms not request from VCodec but callback hooked, slow BM Cc fetch thread
06-18 22:18:27.469   543  8437 D C2MtkBufferManager: over 5000ms not request from VCodec but callback hooked, slow BM Cc fetch thread
06-18 22:18:27.490   543  8437 D C2MtkBufferManager: over 5000ms not request from VCodec but callback hooked, slow BM Cc fetch thread
06-18 22:18:27.510   543  8437 D C2MtkBufferManager: over 5000ms not request from VCodec but callback hooked, slow BM Cc fetch thread
06-18 22:18:27.512   551   629 I libPerfCtl: xgfGetFPS pid:12540 fps:-1
06-18 22:18:27.512   551   629 I libPowerHal: [updateFPS] pid(12540) : 60 => -1
06-18 22:18:27.513   551   649 I libPowerHal: [perfNotifyAppState] pack:aiv.reem.mymishna, act:aiv.reem.mymishna.MainActivity, state:5, pid:12540, uid:10166, fps:-1
06-18 22:18:27.513   551   649 E UxUtility: notifyAppState error = NULL
06-18 22:18:27.513   551   649 I TouchUtility: notifyAppState error = NULL
06-18 22:18:27.531   543  8437 D C2MtkBufferManager: over 5000ms not request from VCodec but callback hooked, slow BM Cc fetch thread
06-18 22:18:27.551   543  8437 D C2MtkBufferManager: over 5000ms not request from VCodec but callback hooked, slow BM Cc fetch thread
06-18 22:18:27.572   543  8437 D C2MtkBufferManager: over 5000ms not request from VCodec but callback hooked, slow BM Cc fetch thread
06-18 22:18:27.592   543  8437 D C2MtkBufferManager: over 5000ms not request from VCodec but callback hooked, slow BM Cc fetch thread
06-18 22:18:27.613   543  8437 D C2MtkBufferManager: over 5000ms not request from VCodec but callback hooked, slow BM Cc fetch thread
06-18 22:18:27.633   543  8437 D C2MtkBufferManager: over 5000ms not request from VCodec but callback hooked, slow BM Cc fetch thread
06-18 22:18:27.654   543  8437 D C2MtkBufferManager: over 5000ms not request from VCodec but callback hooked, slow BM Cc fetch thread
06-18 22:18:27.674   543  8437 D C2MtkBufferManager: over 5000ms not request from VCodec but callback hooked, slow BM Cc fetch thread
06-18 22:18:27.695   543  8437 D C2MtkBufferManager: over 5000ms not request from VCodec but callback hooked, slow BM Cc fetch thread
06-18 22:18:27.716   543  8437 D C2MtkBufferManager: over 5000ms not request from VCodec but callback hooked, slow BM Cc fetch thread
06-18 22:18:27.736   543  8437 D C2MtkBufferManager: over 5000ms not request from VCodec but callback hooked, slow BM Cc fetch thread
06-18 22:18:27.757   543  8437 D C2MtkBufferManager: over 5000ms not request from VCodec but callback hooked, slow BM Cc fetch thread
06-18 22:18:27.778   543  8437 D C2MtkBufferManager: over 5000ms not request from VCodec but callback hooked, slow BM Cc fetch thread
06-18 22:18:27.798   543  8437 D C2MtkBufferManager: over 5000ms not request from VCodec but callback hooked, slow BM Cc fetch thread
06-18 22:18:27.812  1159  1173 D ActivityManager: getProcessesInErrorState callingUid=10135, CallingPid=2360
06-18 22:18:27.819   543  8437 D C2MtkBufferManager: over 5000ms not request from VCodec but callback hooked, slow BM Cc fetch thread
06-18 22:18:27.839   543  8437 D C2MtkBufferManager: over 5000ms not request from VCodec but callback hooked, slow BM Cc fetch thread
06-18 22:18:27.860   551   649 I libPowerHal: [perfLockAcq] idx:2 hdl:1664 hint:25 pid:551 duration:10000 lock_user:mtkpower@1.0-se => ret_hdl:1664
06-18 22:18:27.860   543  8437 D C2MtkBufferManager: over 5000ms not request from VCodec but callback hooked, slow BM Cc fetch thread
06-18 22:18:27.861   551   649 I libPowerHal: [PE] MTKPOWER_HINT_APP_TOUCH update cmd:3408600 param:1
06-18 22:18:27.880   543  8437 D C2MtkBufferManager: over 5000ms not request from VCodec but callback hooked, slow BM Cc fetch thread
06-18 22:18:27.901   543  8437 D C2MtkBufferManager: over 5000ms not request from VCodec but callback hooked, slow BM Cc fetch thread
06-18 22:18:27.921   543  8437 D C2MtkBufferManager: over 5000ms not request from VCodec but callback hooked, slow BM Cc fetch thread
06-18 22:18:27.927   551   649 I libPowerHal: [perfLockRel] hdl:1664, idx:2
06-18 22:18:27.927   551   649 I libPowerHal: [PD] MTKPOWER_HINT_APP_TOUCH update cmd:3408600 param:0
06-18 22:18:27.935  1159  1173 D AlarmManagerService: inside native alarm timerfd set Alarm Type = 2
06-18 22:18:27.935  1159  1173 D AlarmManagerService: inside native alarm timerfd set Alarm Type = 3
06-18 22:18:27.935  1159  1173 D AlarmManagerService: inside native alarm timerfd set Alarm Type = 2
06-18 22:18:27.939 12540 12540 I chromium: [INFO:CONSOLE(1088)] "Uncaught ReferenceError: hebcal is not defined", source: file:///android_asset/mishna_app.html (1088)
06-18 22:18:27.941   543  8437 D C2MtkBufferManager: over 5000ms not request from VCodec but callback hooked, slow BM Cc fetch thread
06-18 22:18:27.946 12540 12558 E GPUAUX  : [AUX]GuiExtAuxCheckAuxPath:667: Null anb
06-18 22:18:27.952  2290  2290 D CoreService: onAccessibilityEvent: currentPackageName=aiv.reem.mymishna isEditing=false isInputMethodApp=false
06-18 22:18:27.954  2290  2290 D CoreService: onAccessibilityEvent: currentPackageName=aiv.reem.mymishna isEditing=false isInputMethodApp=false
