06-18 22:18:18.565   543  8437 D C2MtkBufferManager: over 5000ms not request from VCodec but callback hooked, slow BM Cc fetch thread
06-18 22:18:18.585   543  8437 D C2MtkBufferManager: over 5000ms not request from VCodec but callback hooked, slow BM Cc fetch thread
06-18 22:18:18.606   543  8437 D C2MtkBufferManager: over 5000ms not request from VCodec but callback hooked, slow BM Cc fetch thread
06-18 22:18:18.626   543  8437 D C2MtkBufferManager: over 5000ms not request from VCodec but callback hooked, slow BM Cc fetch thread
06-18 22:18:18.646   543  8437 D C2MtkBufferManager: over 5000ms not request from VCodec but callback hooked, slow BM Cc fetch thread
06-18 22:18:18.667   543  8437 D C2MtkBufferManager: over 5000ms not request from VCodec but callback hooked, slow BM Cc fetch thread
06-18 22:18:18.687   543  8437 D C2MtkBufferManager: over 5000ms not request from VCodec but callback hooked, slow BM Cc fetch thread
06-18 22:18:18.707   543  8437 D C2MtkBufferManager: over 5000ms not request from VCodec but callback hooked, slow BM Cc fetch thread
06-18 22:18:18.728   543  8437 D C2MtkBufferManager: over 5000ms not request from VCodec but callback hooked, slow BM Cc fetch thread
06-18 22:18:18.748   543  8437 D C2MtkBufferManager: over 5000ms not request from VCodec but callback hooked, slow BM Cc fetch thread
06-18 22:18:18.767  1159 10862 I mtkpower_client: perf_lock_rel, hdl:1642, tid:10862
06-18 22:18:18.767  1159  2288 I mtkpower_client: perf_lock_acq, hdl:1643, dur:3000, num:4, tid:2288
06-18 22:18:18.767   551   649 I libPowerHal: [perfLockRel] hdl:1642, idx:4
06-18 22:18:18.769   543  8437 D C2MtkBufferManager: over 5000ms not request from VCodec but callback hooked, slow BM Cc fetch thread
06-18 22:18:18.770  1159  2288 I mtkpower_client: ret_hdl:1651
06-18 22:18:18.770   551   649 I libPowerHal: [perfLockAcq] idx:4 hdl:1651 hint:-1 pid:1159 duration:3000 lock_user:system_server => ret_hdl:1651
06-18 22:18:18.771   551   649 I libPowerHal: [fpsgo_noctrl_render_thread] 12558, 0xb4000076cbf6e5c0
06-18 22:18:18.771   551   649 I libPowerHal: [PE] system_server update cmd:2000400 param:12558
06-18 22:18:18.771   551   649 I libPowerHal: [fpsgo_ctrl_render_thread] -12558, 0xb4000076cbf6e5c0
06-18 22:18:18.771   551   649 E libPowerHal: Could not open '/sys/kernel/fpsgo/fstb/set_ui_ctrl'
06-18 22:18:18.771   551   649 E libPowerHal: error : 2, No such file or directory
06-18 22:18:18.771   551   649 I libPowerHal: [PE] system_server update cmd:2000300 param:-12558
06-18 22:18:18.771  1159  2288 I mtkpower_client: perf_lock_rel, hdl:1651, tid:2288
06-18 22:18:18.772   551   649 I libPowerHal: [perfLockRel] hdl:1651, idx:4
06-18 22:18:18.772   551   649 I libPowerHal: [fpsgo_noctrl_render_thread] 12558, 0xb4000076cbf6e5c0
06-18 22:18:18.772   551   649 I libPowerHal: [PD] system_server update ONESHOT cmd:2000400 param:12558
06-18 22:18:18.773   551   649 I libPowerHal: [fpsgo_ctrl_render_thread] -12558, 0xb4000076cbf6e5c0
06-18 22:18:18.773   551   649 E libPowerHal: Could not open '/sys/kernel/fpsgo/fstb/set_ui_ctrl'
06-18 22:18:18.773   551   649 E libPowerHal: error : 2, No such file or directory
06-18 22:18:18.773   551   649 I libPowerHal: [PD] system_server update ONESHOT cmd:2000300 param:-12558
06-18 22:18:18.777  1159  2288 D ActivityManager: getProcessesInErrorState callingUid=10135, CallingPid=2360
06-18 22:18:18.789   543  8437 D C2MtkBufferManager: over 5000ms not request from VCodec but callback hooked, slow BM Cc fetch thread
06-18 22:18:18.809   543  8437 D C2MtkBufferManager: over 5000ms not request from VCodec but callback hooked, slow BM Cc fetch thread
06-18 22:18:18.830   543  8437 D C2MtkBufferManager: over 5000ms not request from VCodec but callback hooked, slow BM Cc fetch thread
06-18 22:18:18.850   543  8437 D C2MtkBufferManager: over 5000ms not request from VCodec but callback hooked, slow BM Cc fetch thread
06-18 22:18:18.861   551   649 I mtkpower@impl: [powerd_req] TIMER_MSG_PERF_LOCK_TIMEOUT hdl:1641
06-18 22:18:18.861   551   649 I libPowerHal: [perfLockRel] hdl:1641, idx:2
06-18 22:18:18.862   551   649 I libPowerHal: MTKPOWER_HINT_UX_SCROLLING: cpu_ctrl set cpu freq: -1 -1 -1 -1
06-18 22:18:18.862   551   649 I libPowerHal: [PD] MTKPOWER_HINT_UX_SCROLLING update cmd:1408300 param:40
06-18 22:18:18.865  1159  2288 I mtkpower_client: perf_lock_acq, hdl:1650, dur:0, num:2, tid:2288
06-18 22:18:18.866  1159  2288 I mtkpower_client: ret_hdl:1652
06-18 22:18:18.866   551   649 I libPowerHal: [perfLockAcq] idx:2 hdl:1652 hint:-1 pid:1159 duration:0 lock_user:system_server => ret_hdl:1652
06-18 22:18:18.866   551   649 I libPowerHal: [PE] system_server update cmd:2004200, param:12558
06-18 22:18:18.866  1159  2288 I mtkpower_client: perf_lock_rel, hdl:1652, tid:2288
06-18 22:18:18.867   551   649 I libPowerHal: [perfLockRel] hdl:1652, idx:2
06-18 22:18:18.868   551   649 I libPowerHal: [PD] system_server update cmd:2004200 param:0
06-18 22:18:18.871   543  8437 D C2MtkBufferManager: over 5000ms not request from VCodec but callback hooked, slow BM Cc fetch thread
06-18 22:18:18.891   543  8437 D C2MtkBufferManager: over 5000ms not request from VCodec but callback hooked, slow BM Cc fetch thread
06-18 22:18:18.912   543  8437 D C2MtkBufferManager: over 5000ms not request from VCodec but callback hooked, slow BM Cc fetch thread
06-18 22:18:18.932   543  8437 D C2MtkBufferManager: over 5000ms not request from VCodec but callback hooked, slow BM Cc fetch thread
06-18 22:18:18.953   543  8437 D C2MtkBufferManager: over 5000ms not request from VCodec but callback hooked, slow BM Cc fetch thread
06-18 22:18:18.965  1159  1183 D AES     : AEEIOCTL_GET/SET_SF_STATE IOCTL,cmd= 1074294797, lParam=0. 
06-18 22:18:18.965  1159  1183 D AES     : AEEIOCTL_RT_MON_Kick IOCTL,cmd= 2147774474, lParam=300. 
06-18 22:18:18.973   543  8437 D C2MtkBufferManager: over 5000ms not request from VCodec but callback hooked, slow BM Cc fetch thread
06-18 22:18:18.994   543  8437 D C2MtkBufferManager: over 5000ms not request from VCodec but callback hooked, slow BM Cc fetch thread
06-18 22:18:19.014   543  8437 D C2MtkBufferManager: over 5000ms not request from VCodec but callback hooked, slow BM Cc fetch thread
06-18 22:18:19.035   543  8437 D C2MtkBufferManager: over 5000ms not request from VCodec but callback hooked, slow BM Cc fetch thread
06-18 22:18:19.055   543  8437 D C2MtkBufferManager: over 5000ms not request from VCodec but callback hooked, slow BM Cc fetch thread
06-18 22:18:19.076   543  8437 D C2MtkBufferManager: over 5000ms not request from VCodec but callback hooked, slow BM Cc fetch thread
06-18 22:18:19.096   543  8437 D C2MtkBufferManager: over 5000ms not request from VCodec but callback hooked, slow BM Cc fetch thread
06-18 22:18:19.117   543  8437 D C2MtkBufferManager: over 5000ms not request from VCodec but callback hooked, slow BM Cc fetch thread
06-18 22:18:19.137   543  8437 D C2MtkBufferManager: over 5000ms not request from VCodec but callback hooked, slow BM Cc fetch thread
06-18 22:18:19.158   543  8437 D C2MtkBufferManager: over 5000ms not request from VCodec but callback hooked, slow BM Cc fetch thread
06-18 22:18:19.179   543  8437 D C2MtkBufferManager: over 5000ms not request from VCodec but callback hooked, slow BM Cc fetch thread
06-18 22:18:19.199   543  8437 D C2MtkBufferManager: over 5000ms not request from VCodec but callback hooked, slow BM Cc fetch thread
06-18 22:18:19.220   543  8437 D C2MtkBufferManager: over 5000ms not request from VCodec but callback hooked, slow BM Cc fetch thread
06-18 22:18:19.240   543  8437 D C2MtkBufferManager: over 5000ms not request from VCodec but callback hooked, slow BM Cc fetch thread
06-18 22:18:19.261   543  8437 D C2MtkBufferManager: over 5000ms not request from VCodec but callback hooked, slow BM Cc fetch thread
06-18 22:18:19.279  1159  2288 D ActivityManager: getProcessesInErrorState callingUid=10135, CallingPid=2360
06-18 22:18:19.282   543  8437 D C2MtkBufferManager: over 5000ms not request from VCodec but callback hooked, slow BM Cc fetch thread
06-18 22:18:19.302   543  8437 D C2MtkBufferManager: over 5000ms not request from VCodec but callback hooked, slow BM Cc fetch thread
06-18 22:18:19.323   543  8437 D C2MtkBufferManager: over 5000ms not request from VCodec but callback hooked, slow BM Cc fetch thread
06-18 22:18:19.343   543  8437 D C2MtkBufferManager: over 5000ms not request from VCodec but callback hooked, slow BM Cc fetch thread
06-18 22:18:19.364   543  8437 D C2MtkBufferManager: over 5000ms not request from VCodec but callback hooked, slow BM Cc fetch thread
06-18 22:18:19.384   543  8437 D C2MtkBufferManager: over 5000ms not request from VCodec but callback hooked, slow BM Cc fetch thread
06-18 22:18:19.405   543  8437 D C2MtkBufferManager: over 5000ms not request from VCodec but callback hooked, slow BM Cc fetch thread
06-18 22:18:19.425   543  8437 D C2MtkBufferManager: over 5000ms not request from VCodec but callback hooked, slow BM Cc fetch thread
06-18 22:18:19.446   543  8437 D C2MtkBufferManager: over 5000ms not request from VCodec but callback hooked, slow BM Cc fetch thread
06-18 22:18:19.466   543  8437 D C2MtkBufferManager: over 5000ms not request from VCodec but callback hooked, slow BM Cc fetch thread
06-18 22:18:19.466   543  8437 W C2BqBuffer: last successful dequeue was 2375313229 us ago, 0 consecutive failures
06-18 22:18:19.487   543  8437 D C2MtkBufferManager: over 5000ms not request from VCodec but callback hooked, slow BM Cc fetch thread
06-18 22:18:19.507   543  8437 D C2MtkBufferManager: over 5000ms not request from VCodec but callback hooked, slow BM Cc fetch thread
06-18 22:18:19.509   551   629 I libPerfCtl: xgfGetFPS pid:1367 fps:-1
06-18 22:18:19.509   551   629 I libPerfCtl: xgfGetFPS pid:1769 fps:-1
06-18 22:18:19.510   551   629 I libPerfCtl: xgfGetFPS pid:12540 fps:59
06-18 22:18:19.528   543  8437 D C2MtkBufferManager: over 5000ms not request from VCodec but callback hooked, slow BM Cc fetch thread
06-18 22:18:19.548   543  8437 D C2MtkBufferManager: over 5000ms not request from VCodec but callback hooked, slow BM Cc fetch thread
06-18 22:18:19.569   543  8437 D C2MtkBufferManager: over 5000ms not request from VCodec but callback hooked, slow BM Cc fetch thread
06-18 22:18:19.589   543  8437 D C2MtkBufferManager: over 5000ms not request from VCodec but callback hooked, slow BM Cc fetch thread
06-18 22:18:19.610   543  8437 D C2MtkBufferManager: over 5000ms not request from VCodec but callback hooked, slow BM Cc fetch thread
06-18 22:18:19.631   543  8437 D C2MtkBufferManager: over 5000ms not request from VCodec but callback hooked, slow BM Cc fetch thread
06-18 22:18:19.651   543  8437 D C2MtkBufferManager: over 5000ms not request from VCodec but callback hooked, slow BM Cc fetch thread
06-18 22:18:19.671   543  8437 D C2MtkBufferManager: over 5000ms not request from VCodec but callback hooked, slow BM Cc fetch thread
06-18 22:18:19.692   543  8437 D C2MtkBufferManager: over 5000ms not request from VCodec but callback hooked, slow BM Cc fetch thread
06-18 22:18:19.713   543  8437 D C2MtkBufferManager: over 5000ms not request from VCodec but callback hooked, slow BM Cc fetch thread
06-18 22:18:19.733   543  8437 D C2MtkBufferManager: over 5000ms not request from VCodec but callback hooked, slow BM Cc fetch thread
06-18 22:18:19.754   543  8437 D C2MtkBufferManager: over 5000ms not request from VCodec but callback hooked, slow BM Cc fetch thread
06-18 22:18:19.774   543  8437 D C2MtkBufferManager: over 5000ms not request from VCodec but callback hooked, slow BM Cc fetch thread
06-18 22:18:19.781  1159  1173 D ActivityManager: getProcessesInErrorState callingUid=10135, CallingPid=2360
06-18 22:18:19.795   543  8437 D C2MtkBufferManager: over 5000ms not request from VCodec but callback hooked, slow BM Cc fetch thread
06-18 22:18:19.815   543  8437 D C2MtkBufferManager: over 5000ms not request from VCodec but callback hooked, slow BM Cc fetch thread
06-18 22:18:19.836   543  8437 D C2MtkBufferManager: over 5000ms not request from VCodec but callback hooked, slow BM Cc fetch thread
06-18 22:18:19.857   543  8437 D C2MtkBufferManager: over 5000ms not request from VCodec but callback hooked, slow BM Cc fetch thread
06-18 22:18:19.877   543  8437 D C2MtkBufferManager: over 5000ms not request from VCodec but callback hooked, slow BM Cc fetch thread
06-18 22:18:19.897   543  8437 D C2MtkBufferManager: over 5000ms not request from VCodec but callback hooked, slow BM Cc fetch thread
06-18 22:18:19.918   543  8437 D C2MtkBufferManager: over 5000ms not request from VCodec but callback hooked, slow BM Cc fetch thread
06-18 22:18:19.938   543  8437 D C2MtkBufferManager: over 5000ms not request from VCodec but callback hooked, slow BM Cc fetch thread
06-18 22:18:19.959   543  8437 D C2MtkBufferManager: over 5000ms not request from VCodec but callback hooked, slow BM Cc fetch thread
06-18 22:18:19.980   543  8437 D C2MtkBufferManager: over 5000ms not request from VCodec but callback hooked, slow BM Cc fetch thread
06-18 22:18:20.000   543  8437 D C2MtkBufferManager: over 5000ms not request from VCodec but callback hooked, slow BM Cc fetch thread
06-18 22:18:20.021   543  8437 D C2MtkBufferManager: over 5000ms not request from VCodec but callback hooked, slow BM Cc fetch thread
06-18 22:18:20.041   543  8437 D C2MtkBufferManager: over 5000ms not request from VCodec but callback hooked, slow BM Cc fetch thread
06-18 22:18:20.062   543  8437 D C2MtkBufferManager: over 5000ms not request from VCodec but callback hooked, slow BM Cc fetch thread
06-18 22:18:20.082   543  8437 D C2MtkBufferManager: over 5000ms not request from VCodec but callback hooked, slow BM Cc fetch thread
06-18 22:18:20.103   543  8437 D C2MtkBufferManager: over 5000ms not request from VCodec but callback hooked, slow BM Cc fetch thread
06-18 22:18:20.123   543  8437 D C2MtkBufferManager: over 5000ms not request from VCodec but callback hooked, slow BM Cc fetch thread
06-18 22:18:20.144   543  8437 D C2MtkBufferManager: over 5000ms not request from VCodec but callback hooked, slow BM Cc fetch thread
06-18 22:18:20.164   543  8437 D C2MtkBufferManager: over 5000ms not request from VCodec but callback hooked, slow BM Cc fetch thread
06-18 22:18:20.185   543  8437 D C2MtkBufferManager: over 5000ms not request from VCodec but callback hooked, slow BM Cc fetch thread
06-18 22:18:20.206   543  8437 D C2MtkBufferManager: over 5000ms not request from VCodec but callback hooked, slow BM Cc fetch thread
06-18 22:18:20.226   543  8437 D C2MtkBufferManager: over 5000ms not request from VCodec but callback hooked, slow BM Cc fetch thread
06-18 22:18:20.247   543  8437 D C2MtkBufferManager: over 5000ms not request from VCodec but callback hooked, slow BM Cc fetch thread
06-18 22:18:20.267   543  8437 D C2MtkBufferManager: over 5000ms not request from VCodec but callback hooked, slow BM Cc fetch thread
06-18 22:18:20.283  1159  1173 D ActivityManager: getProcessesInErrorState callingUid=10135, CallingPid=2360
06-18 22:18:20.288   543  8437 D C2MtkBufferManager: over 5000ms not request from VCodec but callback hooked, slow BM Cc fetch thread
06-18 22:18:20.308   543  8437 D C2MtkBufferManager: over 5000ms not request from VCodec but callback hooked, slow BM Cc fetch thread
06-18 22:18:20.329   543  8437 D C2MtkBufferManager: over 5000ms not request from VCodec but callback hooked, slow BM Cc fetch thread
06-18 22:18:20.349   543  8437 D C2MtkBufferManager: over 5000ms not request from VCodec but callback hooked, slow BM Cc fetch thread
06-18 22:18:20.370   543  8437 D C2MtkBufferManager: over 5000ms not request from VCodec but callback hooked, slow BM Cc fetch thread
06-18 22:18:20.390   543  8437 D C2MtkBufferManager: over 5000ms not request from VCodec but callback hooked, slow BM Cc fetch thread
06-18 22:18:20.411   543  8437 D C2MtkBufferManager: over 5000ms not request from VCodec but callback hooked, slow BM Cc fetch thread
06-18 22:18:20.431   543  8437 D C2MtkBufferManager: over 5000ms not request from VCodec but callback hooked, slow BM Cc fetch thread
06-18 22:18:20.452   543  8437 D C2MtkBufferManager: over 5000ms not request from VCodec but callback hooked, slow BM Cc fetch thread
06-18 22:18:20.473   543  8437 D C2MtkBufferManager: over 5000ms not request from VCodec but callback hooked, slow BM Cc fetch thread
06-18 22:18:20.477   551   649 I libPowerHal: [perfLockAcq] idx:2 hdl:1653 hint:25 pid:551 duration:10000 lock_user:mtkpower@1.0-se => ret_hdl:1653
06-18 22:18:20.478   551   649 I libPowerHal: [PE] MTKPOWER_HINT_APP_TOUCH update cmd:3408600 param:1
06-18 22:18:20.493   543  8437 D C2MtkBufferManager: over 5000ms not request from VCodec but callback hooked, slow BM Cc fetch thread
06-18 22:18:20.509   551   629 I libPerfCtl: xgfGetFPS pid:1367 fps:-1
06-18 22:18:20.510   551   629 I libPerfCtl: xgfGetFPS pid:1769 fps:-1
06-18 22:18:20.510   551   629 I libPerfCtl: xgfGetFPS pid:12540 fps:-1
06-18 22:18:20.510   551   629 I libPowerHal: [updateFPS] pid(12540) : 60 => -1
06-18 22:18:20.510   551   649 I libPowerHal: [perfNotifyAppState] pack:aiv.reem.mymishna, act:aiv.reem.mymishna.MainActivity, state:5, pid:12540, uid:10166, fps:-1
06-18 22:18:20.510   551   649 E UxUtility: notifyAppState error = NULL
06-18 22:18:20.510   551   649 I TouchUtility: notifyAppState error = NULL
06-18 22:18:20.513   543  8437 D C2MtkBufferManager: over 5000ms not request from VCodec but callback hooked, slow BM Cc fetch thread
06-18 22:18:20.532   551   649 I libPowerHal: [perfLockRel] hdl:1653, idx:2
06-18 22:18:20.533   551   649 I libPowerHal: [PD] MTKPOWER_HINT_APP_TOUCH update cmd:3408600 param:0
06-18 22:18:20.534   543  8437 D C2MtkBufferManager: over 5000ms not request from VCodec but callback hooked, slow BM Cc fetch thread
06-18 22:18:20.554   543  8437 D C2MtkBufferManager: over 5000ms not request from VCodec but callback hooked, slow BM Cc fetch thread
06-18 22:18:20.574   543  8437 D C2MtkBufferManager: over 5000ms not request from VCodec but callback hooked, slow BM Cc fetch thread
06-18 22:18:20.591  2290  2290 D CoreService: onAccessibilityEvent: currentPackageName=aiv.reem.mymishna isEditing=false isInputMethodApp=false
06-18 22:18:20.591  2290  2290 D CoreService: onAccessibilityEvent: currentPackageName=aiv.reem.mymishna isEditing=false isInputMethodApp=false
06-18 22:18:20.592  2290  2290 D CoreService: onAccessibilityEvent: currentPackageName=aiv.reem.mymishna isEditing=false isInputMethodApp=false
06-18 22:18:20.595   543  8437 D C2MtkBufferManager: over 5000ms not request from VCodec but callback hooked, slow BM Cc fetch thread
06-18 22:18:20.615   543  8437 D C2MtkBufferManager: over 5000ms not request from VCodec but callback hooked, slow BM Cc fetch thread
06-18 22:18:20.635   543  8437 D C2MtkBufferManager: over 5000ms not request from VCodec but callback hooked, slow BM Cc fetch thread
06-18 22:18:20.656   543  8437 D C2MtkBufferManager: over 5000ms not request from VCodec but callback hooked, slow BM Cc fetch thread
06-18 22:18:20.676   543  8437 D C2MtkBufferManager: over 5000ms not request from VCodec but callback hooked, slow BM Cc fetch thread
06-18 22:18:20.697   543  8437 D C2MtkBufferManager: over 5000ms not request from VCodec but callback hooked, slow BM Cc fetch thread
06-18 22:18:20.718   543  8437 D C2MtkBufferManager: over 5000ms not request from VCodec but callback hooked, slow BM Cc fetch thread
06-18 22:18:20.738   543  8437 D C2MtkBufferManager: over 5000ms not request from VCodec but callback hooked, slow BM Cc fetch thread
06-18 22:18:20.759   543  8437 D C2MtkBufferManager: over 5000ms not request from VCodec but callback hooked, slow BM Cc fetch thread
06-18 22:18:20.768 12540 12558 E GPUAUX  : [AUX]GuiExtAuxCheckAuxPath:667: Null anb
06-18 22:18:20.768 12540 12558 E GPUAUX  : [AUX]GuiExtAuxCheckAuxPath:667: Null anb
06-18 22:18:20.768 12540 12558 E GPUAUX  : [AUX]GuiExtAuxCheckAuxPath:667: Null anb
06-18 22:18:20.768 12540 12558 E GPUAUX  : [AUX]GuiExtAuxCheckAuxPath:667: Null anb
06-18 22:18:20.768 12540 12558 E GPUAUX  : [AUX]GuiExtAuxCheckAuxPath:667: Null anb
06-18 22:18:20.768 12540 12558 E GPUAUX  : [AUX]GuiExtAuxCheckAuxPath:667: Null anb
06-18 22:18:20.768 12540 12558 E GPUAUX  : [AUX]GuiExtAuxCheckAuxPath:667: Null anb
06-18 22:18:20.777   551   649 I mtkpower@impl: [powerd_req] TIMER_MSG_PERF_LOCK_TIMEOUT hdl:1637
06-18 22:18:20.777   551   649 I libPowerHal: [perfLockRel] hdl:1637, idx:-1
06-18 22:18:20.779   543  8437 D C2MtkBufferManager: over 5000ms not request from VCodec but callback hooked, slow BM Cc fetch thread
06-18 22:18:20.785   560   560 I BufferQueueProducer: [aiv.reem.mymishna/aiv.reem.mymishna.MainActivity#0](this:0xb4000071d315dfd0,id:-1,api:0,p:-1,c:560) queueBuffer: fps=11.85 dur=2616.51 max=1766.44 min=16.42
06-18 22:18:20.785  1159  1173 D ActivityManager: getProcessesInErrorState callingUid=10135, CallingPid=2360
06-18 22:18:20.786   540   671 I hwcomposer: [HWCDisplay] [Display_0 (type:1)] fps:11.848051,dur:2616.46,max:1766.05,min:16.17  
06-18 22:18:20.793  2290  2290 D CoreService: onAccessibilityEvent: currentPackageName=aiv.reem.mymishna isEditing=false isInputMethodApp=false
06-18 22:18:20.800   543  8437 D C2MtkBufferManager: over 5000ms not request from VCodec but callback hooked, slow BM Cc fetch thread
06-18 22:18:20.820   543  8437 D C2MtkBufferManager: over 5000ms not request from VCodec but callback hooked, slow BM Cc fetch thread
06-18 22:18:20.841   543  8437 D C2MtkBufferManager: over 5000ms not request from VCodec but callback hooked, slow BM Cc fetch thread
06-18 22:18:20.861   543  8437 D C2MtkBufferManager: over 5000ms not request from VCodec but callback hooked, slow BM Cc fetch thread
06-18 22:18:20.882   543  8437 D C2MtkBufferManager: over 5000ms not request from VCodec but callback hooked, slow BM Cc fetch thread
06-18 22:18:20.903   543  8437 D C2MtkBufferManager: over 5000ms not request from VCodec but callback hooked, slow BM Cc fetch thread
06-18 22:18:20.924   543  8437 D C2MtkBufferManager: over 5000ms not request from VCodec but callback hooked, slow BM Cc fetch thread
06-18 22:18:20.944   543  8437 D C2MtkBufferManager: over 5000ms not request from VCodec but callback hooked, slow BM Cc fetch thread
06-18 22:18:20.965   543  8437 D C2MtkBufferManager: over 5000ms not request from VCodec but callback hooked, slow BM Cc fetch thread
06-18 22:18:20.985   543  8437 D C2MtkBufferManager: over 5000ms not request from VCodec but callback hooked, slow BM Cc fetch thread
06-18 22:18:21.006   543  8437 D C2MtkBufferManager: over 5000ms not request from VCodec but callback hooked, slow BM Cc fetch thread
06-18 22:18:21.027   543  8437 D C2MtkBufferManager: over 5000ms not request from VCodec but callback hooked, slow BM Cc fetch thread
06-18 22:18:21.047   543  8437 D C2MtkBufferManager: over 5000ms not request from VCodec but callback hooked, slow BM Cc fetch thread
06-18 22:18:21.068   551   649 I libPowerHal: [perfLockAcq] idx:2 hdl:1654 hint:25 pid:551 duration:10000 lock_user:mtkpower@1.0-se => ret_hdl:1654
06-18 22:18:21.068   543  8437 D C2MtkBufferManager: over 5000ms not request from VCodec but callback hooked, slow BM Cc fetch thread
06-18 22:18:21.068   551   649 I libPowerHal: [PE] MTKPOWER_HINT_APP_TOUCH update cmd:3408600 param:1
06-18 22:18:21.088   543  8437 D C2MtkBufferManager: over 5000ms not request from VCodec but callback hooked, slow BM Cc fetch thread
06-18 22:18:21.109   543  8437 D C2MtkBufferManager: over 5000ms not request from VCodec but callback hooked, slow BM Cc fetch thread
06-18 22:18:21.128   551   649 I libPowerHal: [perfLockRel] hdl:1654, idx:2
06-18 22:18:21.128   551   649 I libPowerHal: [PD] MTKPOWER_HINT_APP_TOUCH update cmd:3408600 param:0
06-18 22:18:21.129   543  8437 D C2MtkBufferManager: over 5000ms not request from VCodec but callback hooked, slow BM Cc fetch thread
06-18 22:18:21.149   543  8437 D C2MtkBufferManager: over 5000ms not request from VCodec but callback hooked, slow BM Cc fetch thread
06-18 22:18:21.166  2290  2290 D CoreService: onAccessibilityEvent: currentPackageName=aiv.reem.mymishna isEditing=false isInputMethodApp=false
06-18 22:18:21.168  2290  2290 D CoreService: onAccessibilityEvent: currentPackageName=aiv.reem.mymishna isEditing=false isInputMethodApp=false
06-18 22:18:21.168  2290  2290 D CoreService: onAccessibilityEvent: currentPackageName=aiv.reem.mymishna isEditing=false isInputMethodApp=false
06-18 22:18:21.169 12540 12558 E GPUAUX  : [AUX]GuiExtAuxCheckAuxPath:667: Null anb
06-18 22:18:21.169 12540 12558 E GPUAUX  : [AUX]GuiExtAuxCheckAuxPath:667: Null anb
06-18 22:18:21.170 12540 12558 E GPUAUX  : [AUX]GuiExtAuxCheckAuxPath:667: Null anb
06-18 22:18:21.170 12540 12558 E GPUAUX  : [AUX]GuiExtAuxCheckAuxPath:667: Null anb
06-18 22:18:21.170   543  8437 D C2MtkBufferManager: over 5000ms not request from VCodec but callback hooked, slow BM Cc fetch thread
06-18 22:18:21.190   543  8437 D C2MtkBufferManager: over 5000ms not request from VCodec but callback hooked, slow BM Cc fetch thread
06-18 22:18:21.211   543  8437 D C2MtkBufferManager: over 5000ms not request from VCodec but callback hooked, slow BM Cc fetch thread
06-18 22:18:21.231   543  8437 D C2MtkBufferManager: over 5000ms not request from VCodec but callback hooked, slow BM Cc fetch thread
06-18 22:18:21.252   543  8437 D C2MtkBufferManager: over 5000ms not request from VCodec but callback hooked, slow BM Cc fetch thread
06-18 22:18:21.272   543  8437 D C2MtkBufferManager: over 5000ms not request from VCodec but callback hooked, slow BM Cc fetch thread
06-18 22:18:21.287  1159  1173 D ActivityManager: getProcessesInErrorState callingUid=10135, CallingPid=2360
06-18 22:18:21.293   543  8437 D C2MtkBufferManager: over 5000ms not request from VCodec but callback hooked, slow BM Cc fetch thread
06-18 22:18:21.313   543  8437 D C2MtkBufferManager: over 5000ms not request from VCodec but callback hooked, slow BM Cc fetch thread
06-18 22:18:21.334   543  8437 D C2MtkBufferManager: over 5000ms not request from VCodec but callback hooked, slow BM Cc fetch thread
06-18 22:18:21.354   543  8437 D C2MtkBufferManager: over 5000ms not request from VCodec but callback hooked, slow BM Cc fetch thread
06-18 22:18:21.375   543  8437 D C2MtkBufferManager: over 5000ms not request from VCodec but callback hooked, slow BM Cc fetch thread
06-18 22:18:21.395   543  8437 D C2MtkBufferManager: over 5000ms not request from VCodec but callback hooked, slow BM Cc fetch thread
06-18 22:18:21.416   543  8437 D C2MtkBufferManager: over 5000ms not request from VCodec but callback hooked, slow BM Cc fetch thread
06-18 22:18:21.436   543  8437 D C2MtkBufferManager: over 5000ms not request from VCodec but callback hooked, slow BM Cc fetch thread
06-18 22:18:21.457   543  8437 D C2MtkBufferManager: over 5000ms not request from VCodec but callback hooked, slow BM Cc fetch thread
06-18 22:18:21.477   543  8437 D C2MtkBufferManager: over 5000ms not request from VCodec but callback hooked, slow BM Cc fetch thread
06-18 22:18:21.493   551   649 I libPowerHal: [perfLockAcq] idx:2 hdl:1655 hint:25 pid:551 duration:10000 lock_user:mtkpower@1.0-se => ret_hdl:1655
06-18 22:18:21.494   551   649 I libPowerHal: [PE] MTKPOWER_HINT_APP_TOUCH update cmd:3408600 param:1
06-18 22:18:21.498   543  8437 D C2MtkBufferManager: over 5000ms not request from VCodec but callback hooked, slow BM Cc fetch thread
06-18 22:18:21.510   551   629 I libPerfCtl: xgfGetFPS pid:1367 fps:-1
06-18 22:18:21.510   551   629 I libPerfCtl: xgfGetFPS pid:1769 fps:-1
06-18 22:18:21.510   551   629 I libPerfCtl: xgfGetFPS pid:12540 fps:112
06-18 22:18:21.510   551   629 I libPowerHal: [updateFPS] pid(12540) : -1 => 120
06-18 22:18:21.510   551   649 I libPowerHal: [perfNotifyAppState] pack:aiv.reem.mymishna, act:aiv.reem.mymishna.MainActivity, state:5, pid:12540, uid:10166, fps:120
06-18 22:18:21.510   551   649 E UxUtility: notifyAppState error = NULL
06-18 22:18:21.510   551   649 I TouchUtility: notifyAppState error = NULL
06-18 22:18:21.518   543  8437 D C2MtkBufferManager: over 5000ms not request from VCodec but callback hooked, slow BM Cc fetch thread
06-18 22:18:21.538   543  8437 D C2MtkBufferManager: over 5000ms not request from VCodec but callback hooked, slow BM Cc fetch thread
06-18 22:18:21.559   543  8437 D C2MtkBufferManager: over 5000ms not request from VCodec but callback hooked, slow BM Cc fetch thread
06-18 22:18:21.579   543  8437 D C2MtkBufferManager: over 5000ms not request from VCodec but callback hooked, slow BM Cc fetch thread
06-18 22:18:21.599   543  8437 D C2MtkBufferManager: over 5000ms not request from VCodec but callback hooked, slow BM Cc fetch thread
06-18 22:18:21.620   543  8437 D C2MtkBufferManager: over 5000ms not request from VCodec but callback hooked, slow BM Cc fetch thread
06-18 22:18:21.640   543  8437 D C2MtkBufferManager: over 5000ms not request from VCodec but callback hooked, slow BM Cc fetch thread
06-18 22:18:21.661   543  8437 D C2MtkBufferManager: over 5000ms not request from VCodec but callback hooked, slow BM Cc fetch thread
06-18 22:18:21.681   543  8437 D C2MtkBufferManager: over 5000ms not request from VCodec but callback hooked, slow BM Cc fetch thread
06-18 22:18:21.702   543  8437 D C2MtkBufferManager: over 5000ms not request from VCodec but callback hooked, slow BM Cc fetch thread
06-18 22:18:21.722   543  8437 D C2MtkBufferManager: over 5000ms not request from VCodec but callback hooked, slow BM Cc fetch thread
06-18 22:18:21.743   543  8437 D C2MtkBufferManager: over 5000ms not request from VCodec but callback hooked, slow BM Cc fetch thread
06-18 22:18:21.763   543  8437 D C2MtkBufferManager: over 5000ms not request from VCodec but callback hooked, slow BM Cc fetch thread
06-18 22:18:21.784   543  8437 D C2MtkBufferManager: over 5000ms not request from VCodec but callback hooked, slow BM Cc fetch thread
06-18 22:18:21.789  1159  1173 D ActivityManager: getProcessesInErrorState callingUid=10135, CallingPid=2360
06-18 22:18:21.802   551   649 I libPowerHal: [perfLockRel] hdl:1655, idx:2
06-18 22:18:21.802   551   649 I libPowerHal: [PD] MTKPOWER_HINT_APP_TOUCH update cmd:3408600 param:0
06-18 22:18:21.804   543  8437 D C2MtkBufferManager: over 5000ms not request from VCodec but callback hooked, slow BM Cc fetch thread
06-18 22:18:21.811   722   722 I thermal_repeater: [recvMdThermalInfo] ret=27, strLen=127,  3, 41, 0, -28405, 32767, 0
06-18 22:18:21.825   543  8437 D C2MtkBufferManager: over 5000ms not request from VCodec but callback hooked, slow BM Cc fetch thread
06-18 22:18:21.845   543  8437 D C2MtkBufferManager: over 5000ms not request from VCodec but callback hooked, slow BM Cc fetch thread
06-18 22:18:21.866   543  8437 D C2MtkBufferManager: over 5000ms not request from VCodec but callback hooked, slow BM Cc fetch thread
06-18 22:18:21.886   543  8437 D C2MtkBufferManager: over 5000ms not request from VCodec but callback hooked, slow BM Cc fetch thread
06-18 22:18:21.907   543  8437 D C2MtkBufferManager: over 5000ms not request from VCodec but callback hooked, slow BM Cc fetch thread
06-18 22:18:21.927   543  8437 D C2MtkBufferManager: over 5000ms not request from VCodec but callback hooked, slow BM Cc fetch thread
06-18 22:18:21.948   543  8437 D C2MtkBufferManager: over 5000ms not request from VCodec but callback hooked, slow BM Cc fetch thread
06-18 22:18:21.968   543  8437 D C2MtkBufferManager: over 5000ms not request from VCodec but callback hooked, slow BM Cc fetch thread
06-18 22:18:21.989   543  8437 D C2MtkBufferManager: over 5000ms not request from VCodec but callback hooked, slow BM Cc fetch thread
06-18 22:18:22.010   543  8437 D C2MtkBufferManager: over 5000ms not request from VCodec but callback hooked, slow BM Cc fetch thread
06-18 22:18:22.030   543  8437 D C2MtkBufferManager: over 5000ms not request from VCodec but callback hooked, slow BM Cc fetch thread
06-18 22:18:22.051   543  8437 D C2MtkBufferManager: over 5000ms not request from VCodec but callback hooked, slow BM Cc fetch thread
06-18 22:18:22.071   543  8437 D C2MtkBufferManager: over 5000ms not request from VCodec but callback hooked, slow BM Cc fetch thread
06-18 22:18:22.089   551   649 I libPowerHal: [perfLockAcq] idx:2 hdl:1656 hint:25 pid:551 duration:10000 lock_user:mtkpower@1.0-se => ret_hdl:1656
06-18 22:18:22.090   551   649 I libPowerHal: [PE] MTKPOWER_HINT_APP_TOUCH update cmd:3408600 param:1
06-18 22:18:22.092   543  8437 D C2MtkBufferManager: over 5000ms not request from VCodec but callback hooked, slow BM Cc fetch thread
06-18 22:18:22.112   543  8437 D C2MtkBufferManager: over 5000ms not request from VCodec but callback hooked, slow BM Cc fetch thread
06-18 22:18:22.132   543  8437 D C2MtkBufferManager: over 5000ms not request from VCodec but callback hooked, slow BM Cc fetch thread
06-18 22:18:22.141   551   649 I libPowerHal: [perfLockRel] hdl:1656, idx:2
06-18 22:18:22.141   551   649 I libPowerHal: [PD] MTKPOWER_HINT_APP_TOUCH update cmd:3408600 param:0
06-18 22:18:22.152  1159  1173 D CompatibilityChangeReporter: Compat change id reported: 171306433; UID 10166; state: ENABLED
06-18 22:18:22.153   543  8437 D C2MtkBufferManager: over 5000ms not request from VCodec but callback hooked, slow BM Cc fetch thread
06-18 22:18:22.153  1159  1173 D AlarmManagerService: inside native alarm timerfd set Alarm Type = 2
06-18 22:18:22.153  1159  1173 D AlarmManagerService: inside native alarm timerfd set Alarm Type = 3
06-18 22:18:22.173   543  8437 D C2MtkBufferManager: over 5000ms not request from VCodec but callback hooked, slow BM Cc fetch thread
06-18 22:18:22.193 12540 12558 E GPUAUX  : [AUX]GuiExtAuxCheckAuxPath:667: Null anb
06-18 22:18:22.193   543  8437 D C2MtkBufferManager: over 5000ms not request from VCodec but callback hooked, slow BM Cc fetch thread
06-18 22:18:22.193 12540 12558 E GPUAUX  : [AUX]GuiExtAuxCheckAuxPath:667: Null anb
06-18 22:18:22.194 12540 12558 E GPUAUX  : [AUX]GuiExtAuxCheckAuxPath:667: Null anb
06-18 22:18:22.194 12540 12558 E GPUAUX  : [AUX]GuiExtAuxCheckAuxPath:667: Null anb
06-18 22:18:22.194 12540 12558 E GPUAUX  : [AUX]GuiExtAuxCheckAuxPath:667: Null anb
06-18 22:18:22.194 12540 12558 E GPUAUX  : [AUX]GuiExtAuxCheckAuxPath:667: Null anb
06-18 22:18:22.195 12540 12558 E GPUAUX  : [AUX]GuiExtAuxCheckAuxPath:667: Null anb
06-18 22:18:22.196  2290  2290 D CoreService: onAccessibilityEvent: currentPackageName=aiv.reem.mymishna isEditing=false isInputMethodApp=false
06-18 22:18:22.196  2290  2290 D CoreService: onAccessibilityEvent: currentPackageName=aiv.reem.mymishna isEditing=false isInputMethodApp=false
06-18 22:18:22.201   560   560 I BufferQueueProducer: [aiv.reem.mymishna/aiv.reem.mymishna.MainActivity#0](this:0xb4000071d315dfd0,id:-1,api:0,p:-1,c:560) queueBuffer: fps=4.24 dur=1416.69 max=999.96 min=16.53
06-18 22:18:22.203   540   671 I hwcomposer: [HWCDisplay] [Display_0 (type:1)] fps:4.234941,dur:1416.78,max:1000.23,min:16.33  
06-18 22:18:22.214   543  8437 D C2MtkBufferManager: over 5000ms not request from VCodec but callback hooked, slow BM Cc fetch thread
06-18 22:18:22.234   543  8437 D C2MtkBufferManager: over 5000ms not request from VCodec but callback hooked, slow BM Cc fetch thread
06-18 22:18:22.255   543  8437 D C2MtkBufferManager: over 5000ms not request from VCodec but callback hooked, slow BM Cc fetch thread
06-18 22:18:22.276   543  8437 D C2MtkBufferManager: over 5000ms not request from VCodec but callback hooked, slow BM Cc fetch thread
06-18 22:18:22.291  1159  1173 D ActivityManager: getProcessesInErrorState callingUid=10135, CallingPid=2360
06-18 22:18:22.296   543  8437 D C2MtkBufferManager: over 5000ms not request from VCodec but callback hooked, slow BM Cc fetch thread
06-18 22:18:22.317   543  8437 D C2MtkBufferManager: over 5000ms not request from VCodec but callback hooked, slow BM Cc fetch thread
06-18 22:18:22.338   543  8437 D C2MtkBufferManager: over 5000ms not request from VCodec but callback hooked, slow BM Cc fetch thread
06-18 22:18:22.358   543  8437 D C2MtkBufferManager: over 5000ms not request from VCodec but callback hooked, slow BM Cc fetch thread
06-18 22:18:22.379   543  8437 D C2MtkBufferManager: over 5000ms not request from VCodec but callback hooked, slow BM Cc fetch thread
06-18 22:18:22.400   543  8437 D C2MtkBufferManager: over 5000ms not request from VCodec but callback hooked, slow BM Cc fetch thread
06-18 22:18:22.421   543  8437 D C2MtkBufferManager: over 5000ms not request from VCodec but callback hooked, slow BM Cc fetch thread
06-18 22:18:22.441   543  8437 D C2MtkBufferManager: over 5000ms not request from VCodec but callback hooked, slow BM Cc fetch thread
06-18 22:18:22.462   543  8437 D C2MtkBufferManager: over 5000ms not request from VCodec but callback hooked, slow BM Cc fetch thread
06-18 22:18:22.482   543  8437 D C2MtkBufferManager: over 5000ms not request from VCodec but callback hooked, slow BM Cc fetch thread
06-18 22:18:22.503   543  8437 D C2MtkBufferManager: over 5000ms not request from VCodec but callback hooked, slow BM Cc fetch thread
06-18 22:18:22.510   551   629 I libPerfCtl: xgfGetFPS pid:1367 fps:-1
06-18 22:18:22.510   551   629 I libPerfCtl: xgfGetFPS pid:1769 fps:-1
06-18 22:18:22.510   551   629 I libPerfCtl: xgfGetFPS pid:12540 fps:-1
06-18 22:18:22.511   551   629 I libPowerHal: [updateFPS] pid(12540) : 120 => -1
06-18 22:18:22.511   551   649 I libPowerHal: [perfNotifyAppState] pack:aiv.reem.mymishna, act:aiv.reem.mymishna.MainActivity, state:5, pid:12540, uid:10166, fps:-1
06-18 22:18:22.512   551   649 E UxUtility: notifyAppState error = NULL
06-18 22:18:22.512   551   649 I TouchUtility: notifyAppState error = NULL
06-18 22:18:22.523   543  8437 D C2MtkBufferManager: over 5000ms not request from VCodec but callback hooked, slow BM Cc fetch thread
06-18 22:18:22.544   543  8437 D C2MtkBufferManager: over 5000ms not request from VCodec but callback hooked, slow BM Cc fetch thread
06-18 22:18:22.565   543  8437 D C2MtkBufferManager: over 5000ms not request from VCodec but callback hooked, slow BM Cc fetch thread
06-18 22:18:22.585   543  8437 D C2MtkBufferManager: over 5000ms not request from VCodec but callback hooked, slow BM Cc fetch thread
06-18 22:18:22.606   543  8437 D C2MtkBufferManager: over 5000ms not request from VCodec but callback hooked, slow BM Cc fetch thread
06-18 22:18:22.627   543  8437 D C2MtkBufferManager: over 5000ms not request from VCodec but callback hooked, slow BM Cc fetch thread
06-18 22:18:22.648   543  8437 D C2MtkBufferManager: over 5000ms not request from VCodec but callback hooked, slow BM Cc fetch thread
06-18 22:18:22.668   543  8437 D C2MtkBufferManager: over 5000ms not request from VCodec but callback hooked, slow BM Cc fetch thread
06-18 22:18:22.677   551   649 I libPowerHal: [perfLockAcq] idx:2 hdl:1657 hint:25 pid:551 duration:10000 lock_user:mtkpower@1.0-se => ret_hdl:1657
06-18 22:18:22.677   551   649 I libPowerHal: [PE] MTKPOWER_HINT_APP_TOUCH update cmd:3408600 param:1
06-18 22:18:22.689   543  8437 D C2MtkBufferManager: over 5000ms not request from VCodec but callback hooked, slow BM Cc fetch thread
06-18 22:18:22.709   543  8437 D C2MtkBufferManager: over 5000ms not request from VCodec but callback hooked, slow BM Cc fetch thread
06-18 22:18:22.730   543  8437 D C2MtkBufferManager: over 5000ms not request from VCodec but callback hooked, slow BM Cc fetch thread
06-18 22:18:22.750   543  8437 D C2MtkBufferManager: over 5000ms not request from VCodec but callback hooked, slow BM Cc fetch thread
06-18 22:18:22.760   551   649 I libPowerHal: [perfLockRel] hdl:1657, idx:2
06-18 22:18:22.760   551   649 I libPowerHal: [PD] MTKPOWER_HINT_APP_TOUCH update cmd:3408600 param:0
06-18 22:18:22.771   543  8437 D C2MtkBufferManager: over 5000ms not request from VCodec but callback hooked, slow BM Cc fetch thread
06-18 22:18:22.791   543  8437 D C2MtkBufferManager: over 5000ms not request from VCodec but callback hooked, slow BM Cc fetch thread
06-18 22:18:22.793  1159 10862 D ActivityManager: getProcessesInErrorState callingUid=10135, CallingPid=2360
06-18 22:18:22.812   543  8437 D C2MtkBufferManager: over 5000ms not request from VCodec but callback hooked, slow BM Cc fetch thread
06-18 22:18:22.832   543  8437 D C2MtkBufferManager: over 5000ms not request from VCodec but callback hooked, slow BM Cc fetch thread
06-18 22:18:22.853   543  8437 D C2MtkBufferManager: over 5000ms not request from VCodec but callback hooked, slow BM Cc fetch thread
06-18 22:18:22.873   543  8437 D C2MtkBufferManager: over 5000ms not request from VCodec but callback hooked, slow BM Cc fetch thread
06-18 22:18:22.879 12540 12540 D CompatibilityChangeReporter: Compat change id reported: 170233598; UID 10166; state: DISABLED
06-18 22:18:22.894   543  8437 D C2MtkBufferManager: over 5000ms not request from VCodec but callback hooked, slow BM Cc fetch thread
06-18 22:18:22.914   543  8437 D C2MtkBufferManager: over 5000ms not request from VCodec but callback hooked, slow BM Cc fetch thread
06-18 22:18:22.935   543  8437 D C2MtkBufferManager: over 5000ms not request from VCodec but callback hooked, slow BM Cc fetch thread
06-18 22:18:22.956   543  8437 D C2MtkBufferManager: over 5000ms not request from VCodec but callback hooked, slow BM Cc fetch thread
06-18 22:18:22.977   543  8437 D C2MtkBufferManager: over 5000ms not request from VCodec but callback hooked, slow BM Cc fetch thread
06-18 22:18:22.984   560  1211 I SurfaceFlinger: [SF client] NEW(0xb4000070e2fe4e10) for (12540:aiv.reem.mymishna)
06-18 22:18:22.988 12540 12540 D ViewRootImpl[MainActivity]: hardware acceleration = true, sRendererEnabled = true, forceHwAccelerated = false
06-18 22:18:22.993  1159  1173 W WindowManager: Changing focus from Window{169135a u0 aiv.reem.mymishna/aiv.reem.mymishna.MainActivity} to Window{694c4d1 u0 aiv.reem.mymishna/aiv.reem.mymishna.MainActivity} displayId=0 Callers=com.android.server.wm.RootWindowContainer.updateFocusedWindowLocked:465 com.android.server.wm.WindowManagerService.updateFocusedWindowLocked:5751 com.android.server.wm.WindowManagerService.addWindow:1855 com.android.server.wm.Session.addToDisplayAsUser:204 
06-18 22:18:22.997   543  8437 D C2MtkBufferManager: over 5000ms not request from VCodec but callback hooked, slow BM Cc fetch thread
06-18 22:18:23.013  2290  2290 D CoreService: onAccessibilityEvent: currentPackageName=aiv.reem.mymishna isEditing=false isInputMethodApp=false
06-18 22:18:23.015  2290  2290 D CoreService: onAccessibilityEvent: currentPackageName=aiv.reem.mymishna isEditing=false isInputMethodApp=false
06-18 22:18:23.017   543  8437 D C2MtkBufferManager: over 5000ms not request from VCodec but callback hooked, slow BM Cc fetch thread
06-18 22:18:23.030   560  1210 E BufferQueueDebug: [aiv.reem.mymishna/aiv.reem.mymishna.MainActivity#1](this:0xb4000071d310e410,id:-1,api:0,p:-1,c:-1) id info cannot be read from 'aiv.reem.mymishna/aiv.reem.mymishna.MainActivity#1'
06-18 22:18:23.031   560  1210 I BufferQueueDebug: [aiv.reem.mymishna/aiv.reem.mymishna.MainActivity#1](this:0xb4000071d310e410,id:-1,api:0,p:-1,c:-1) BufferQueue core=(560:/system/bin/surfaceflinger)
06-18 22:18:23.038   543  8437 D C2MtkBufferManager: over 5000ms not request from VCodec but callback hooked, slow BM Cc fetch thread
06-18 22:18:23.041 12540 12540 I BufferQueueConsumer: [](id:30fc00000001,api:0,p:-1,c:12540) connect: controlledByApp=false
06-18 22:18:23.042 12540 12540 I BLASTBufferQueue: [ViewRootImpl[MainActivity]#1] constructor()
06-18 22:18:23.046 12540 12558 I BufferQueueProducer: [ViewRootImpl[MainActivity]#1(BLAST Consumer)1](id:30fc00000001,api:1,p:12540,c:12540) connect: api=1 producerControlledByApp=true
06-18 22:18:23.058   543  8437 D C2MtkBufferManager: over 5000ms not request from VCodec but callback hooked, slow BM Cc fetch thread
06-18 22:18:23.079   543  8437 D C2MtkBufferManager: over 5000ms not request from VCodec but callback hooked, slow BM Cc fetch thread
06-18 22:18:23.087  2290  2290 D CoreService: onAccessibilityEvent: currentPackageName=aiv.reem.mymishna isEditing=false isInputMethodApp=false
06-18 22:18:23.099   543  8437 D C2MtkBufferManager: over 5000ms not request from VCodec but callback hooked, slow BM Cc fetch thread
06-18 22:18:23.120   543  8437 D C2MtkBufferManager: over 5000ms not request from VCodec but callback hooked, slow BM Cc fetch thread
06-18 22:18:23.141   543  8437 D C2MtkBufferManager: over 5000ms not request from VCodec but callback hooked, slow BM Cc fetch thread
06-18 22:18:23.161   543  8437 D C2MtkBufferManager: over 5000ms not request from VCodec but callback hooked, slow BM Cc fetch thread
06-18 22:18:23.178 12540 12558 E GPUAUX  : [AUX]GuiExtAuxCheckAuxPath:667: Null anb
06-18 22:18:23.182   543  8437 D C2MtkBufferManager: over 5000ms not request from VCodec but callback hooked, slow BM Cc fetch thread
06-18 22:18:23.194  2216  2216 I GoogleInputMethodService: GoogleInputMethodService.onFinishInput():2259 
06-18 22:18:23.195  2216  2216 I Module  : DeviceLockedStatusModuleProvider$Module.updateDeviceLockedStatusInternal():127 repeatCheckTimes = 0, locked = false
06-18 22:18:23.196  2216  2216 I GoogleInputMethodService: GoogleInputMethodService.onStartInput():1446 onStartInput(EditorInfo{EditorInfo{packageName=aiv.reem.mymishna, inputType=0, inputTypeString=NULL, enableLearning=false, autoCorrection=false, autoComplete=false, imeOptions=0, privateImeOptions=null, actionName=UNSPECIFIED, actionLabel=null, initialSelStart=-1, initialSelEnd=-1, initialCapsMode=0, label=null, fieldId=-1, fieldName=null, extras=null, hintText=null, hintLocales=[]}}, false)
06-18 22:18:23.196  2216  2216 I AndroidIME: LatinIMEBase.updateInputViewCoverNavigation():321 Update input view padding, isNavbarOverInputWindow=true, bottom inset=0
06-18 22:18:23.197  2216  2216 I Module  : DeviceLockedStatusModuleProvider$Module.updateDeviceLockedStatusInternal():127 repeatCheckTimes = 1, locked = false
06-18 22:18:23.202  2290  2290 D CoreService: onAccessibilityEvent: currentPackageName=aiv.reem.mymishna isEditing=false isInputMethodApp=false
06-18 22:18:23.202   543  8437 D C2MtkBufferManager: over 5000ms not request from VCodec but callback hooked, slow BM Cc fetch thread
06-18 22:18:23.210   560   560 I BufferQueueProducer: [aiv.reem.mymishna/aiv.reem.mymishna.MainActivity#0](this:0xb4000071d315dfd0,id:-1,api:0,p:-1,c:560) queueBuffer: fps=2.97 dur=1009.10 max=971.10 min=16.70
06-18 22:18:23.215   540   671 I hwcomposer: [HWCDisplay] [Display_0 (type:1)] fps:7.903173,dur:1012.25,max:780.10,min:12.98  
06-18 22:18:23.223   543  8437 D C2MtkBufferManager: over 5000ms not request from VCodec but callback hooked, slow BM Cc fetch thread
06-18 22:18:23.243   543  8437 D C2MtkBufferManager: over 5000ms not request from VCodec but callback hooked, slow BM Cc fetch thread
06-18 22:18:23.264   543  8437 D C2MtkBufferManager: over 5000ms not request from VCodec but callback hooked, slow BM Cc fetch thread
06-18 22:18:23.284   543  8437 D C2MtkBufferManager: over 5000ms not request from VCodec but callback hooked, slow BM Cc fetch thread
06-18 22:18:23.295  1159 10862 D ActivityManager: getProcessesInErrorState callingUid=10135, CallingPid=2360
06-18 22:18:23.305   543  8437 D C2MtkBufferManager: over 5000ms not request from VCodec but callback hooked, slow BM Cc fetch thread
06-18 22:18:23.325   543  8437 D C2MtkBufferManager: over 5000ms not request from VCodec but callback hooked, slow BM Cc fetch thread
06-18 22:18:23.346   543  8437 D C2MtkBufferManager: over 5000ms not request from VCodec but callback hooked, slow BM Cc fetch thread
06-18 22:18:23.366   543  8437 D C2MtkBufferManager: over 5000ms not request from VCodec but callback hooked, slow BM Cc fetch thread
06-18 22:18:23.387   543  8437 D C2MtkBufferManager: over 5000ms not request from VCodec but callback hooked, slow BM Cc fetch thread
06-18 22:18:23.396   551   649 I libPowerHal: [perfLockAcq] idx:2 hdl:1658 hint:25 pid:551 duration:10000 lock_user:mtkpower@1.0-se => ret_hdl:1658
06-18 22:18:23.396   551   649 I libPowerHal: [PE] MTKPOWER_HINT_APP_TOUCH update cmd:3408600 param:1
06-18 22:18:23.407   543  8437 D C2MtkBufferManager: over 5000ms not request from VCodec but callback hooked, slow BM Cc fetch thread
06-18 22:18:23.428   543  8437 D C2MtkBufferManager: over 5000ms not request from VCodec but callback hooked, slow BM Cc fetch thread
06-18 22:18:23.448   543  8437 D C2MtkBufferManager: over 5000ms not request from VCodec but callback hooked, slow BM Cc fetch thread
06-18 22:18:23.457   551   649 I libPowerHal: [perfLockRel] hdl:1658, idx:2
06-18 22:18:23.458   551   649 I libPowerHal: [PD] MTKPOWER_HINT_APP_TOUCH update cmd:3408600 param:0
06-18 22:18:23.469   543  8437 D C2MtkBufferManager: over 5000ms not request from VCodec but callback hooked, slow BM Cc fetch thread
06-18 22:18:23.490   543  8437 D C2MtkBufferManager: over 5000ms not request from VCodec but callback hooked, slow BM Cc fetch thread
06-18 22:18:23.510   543  8437 D C2MtkBufferManager: over 5000ms not request from VCodec but callback hooked, slow BM Cc fetch thread
06-18 22:18:23.511   551   629 I libPerfCtl: xgfGetFPS pid:1769 fps:-1
06-18 22:18:23.511   551   629 I libPerfCtl: xgfGetFPS pid:12540 fps:64
06-18 22:18:23.511   551   629 I libPowerHal: [updateFPS] pid(12540) : -1 => 60
06-18 22:18:23.511   551   649 I libPowerHal: [perfNotifyAppState] pack:aiv.reem.mymishna, act:aiv.reem.mymishna.MainActivity, state:5, pid:12540, uid:10166, fps:60
06-18 22:18:23.512   551   649 E UxUtility: notifyAppState error = NULL
06-18 22:18:23.512   551   649 I TouchUtility: notifyAppState error = NULL
06-18 22:18:23.531   543  8437 D C2MtkBufferManager: over 5000ms not request from VCodec but callback hooked, slow BM Cc fetch thread
06-18 22:18:23.551   543  8437 D C2MtkBufferManager: over 5000ms not request from VCodec but callback hooked, slow BM Cc fetch thread
