--------- beginning of main
06-18 22:18:04.678   551   629 I libPerfCtl: xgfGetFPS pid:1367 fps:-1
06-18 22:18:04.678   551   629 I libPerfCtl: xgfGetFPS pid:1769 fps:-1
06-18 22:18:05.446   560   560 I BufferQueueProducer: [StatusBar#0](this:0xb4000071d3141830,id:-1,api:0,p:-1,c:560) queueBuffer: fps=0.44 dur=2249.39 max=2249.39 min=2249.39
06-18 22:18:05.450   560   560 I BufferQueueProducer: [FramebufferSurface](this:0xb400007182fe1410,id:-1,api:1,p:560,c:560) queueBuffer: fps=0.44 dur=2248.85 max=2248.85 min=2248.85
06-18 22:18:05.451   540   671 I hwcomposer: [HWCDisplay] [Display_0 (type:1)] fps:0.444640,dur:2249.01,max:2249.01,min:2249.01  
06-18 22:18:05.452   560   560 E CompositionEngine: Fence::merge return error: Timer expired (-62)
06-18 22:18:05.678   551   629 I libPerfCtl: xgfGetFPS pid:1367 fps:-1
06-18 22:18:05.678   551   629 I libPerfCtl: xgfGetFPS pid:1769 fps:-1
06-18 22:18:05.824  2070  2070 W ThreadPoolForeg: type=1400 audit(0.0:768): avc: denied { write } for name="traced_producer" dev="tmpfs" ino=10613 scontext=u:r:gmscore_app:s0:c512,c768 tcontext=u:object_r:traced_producer_socket:s0 tclass=sock_file permissive=0 app=com.google.android.gms
06-18 22:18:06.678   551   629 I libPerfCtl: xgfGetFPS pid:1367 fps:-1
06-18 22:18:06.679   551   629 I libPerfCtl: xgfGetFPS pid:1769 fps:-1
06-18 22:18:06.781  5448  5620 I WM-WorkerWrapper: Worker result SUCCESS for Work [ id=88319975-549f-4c49-95b5-0f78efcc301a, tags={ com.whatsapp.xmpp.messaging.XmppLifecycleWorker } ]
06-18 22:18:06.804  1159  1195 E system_server: Cannot read thread CPU times for PID 1159
06-18 22:18:07.679   551   629 I libPerfCtl: xgfGetFPS pid:1769 fps:-1
06-18 22:18:09.439   543  8437 W C2BqBuffer: last successful dequeue was 2365285775 us ago, 0 consecutive failures
06-18 22:18:11.793   722   722 I thermal_repeater: [recvMdThermalInfo] ret=28, strLen=127,  3, 41, -9, -28405, 32767, 0
06-18 22:18:11.988  1960  1960 W ThreadPoolForeg: type=1400 audit(0.0:769): avc: denied { write } for name="traced_producer" dev="tmpfs" ino=10613 scontext=u:r:gmscore_app:s0:c512,c768 tcontext=u:object_r:traced_producer_socket:s0 tclass=sock_file permissive=0 app=com.google.android.gms
06-18 22:18:12.950   551   649 I libPowerHal: [perfLockAcq] idx:2 hdl:1631 hint:25 pid:551 duration:10000 lock_user:mtkpower@1.0-se => ret_hdl:1631
06-18 22:18:12.951   551   649 I libPowerHal: [PE] MTKPOWER_HINT_APP_TOUCH update cmd:3408600 param:1
06-18 22:18:12.951  1769  1769 W itapii  : L3N5c3RlbS9iaW4va2V5Ym9hcmRlbmc=
06-18 22:18:12.951  1769  1769 W itapii  : corecccttt
06-18 22:18:13.004   551   649 I libPowerHal: [perfLockRel] hdl:1631, idx:2
06-18 22:18:13.004   551   649 I libPowerHal: [PD] MTKPOWER_HINT_APP_TOUCH update cmd:3408600 param:0
06-18 22:18:13.447   551   649 I libPowerHal: [perfLockAcq] idx:2 hdl:1632 hint:25 pid:551 duration:10000 lock_user:mtkpower@1.0-se => ret_hdl:1632
06-18 22:18:13.447  1769  1769 W itapii  : L3N5c3RlbS9iaW4va2V5Ym9hcmRlbmc=
06-18 22:18:13.448  1769  1769 W itapii  : corecccttt
06-18 22:18:13.448   551   649 I libPowerHal: [PE] MTKPOWER_HINT_APP_TOUCH update cmd:3408600 param:1
06-18 22:18:13.466  1769  1769 W itapii  : L3N5c3RlbS9iaW4va2V5Ym9hcmRlbmc=
06-18 22:18:13.466  1769  1769 W itapii  : corecccttt
06-18 22:18:13.482  1769  1769 W itapii  : L3N5c3RlbS9iaW4va2V5Ym9hcmRlbmc=
06-18 22:18:13.482  1769  1769 W itapii  : corecccttt
06-18 22:18:13.497  1769  1769 W itapii  : L3N5c3RlbS9iaW4va2V5Ym9hcmRlbmc=
06-18 22:18:13.498  1769  1769 W itapii  : corecccttt
06-18 22:18:13.499   551   649 I libPowerHal: [perfLockRel] hdl:1632, idx:2
06-18 22:18:13.499  1769  1769 W itapii  : L3N5c3RlbS9iaW4va2V5Ym9hcmRlbmc=
06-18 22:18:13.499  1769  1769 W itapii  : corecccttt
06-18 22:18:13.499   551   649 I libPowerHal: [PD] MTKPOWER_HINT_APP_TOUCH update cmd:3408600 param:0
--------- beginning of system
06-18 22:18:13.502  1159  6775 I ActivityTaskManager: START u0 {act=android.intent.action.MAIN cat=[android.intent.category.LAUNCHER] flg=0x10200000 cmp=aiv.reem.mymishna/.MainActivity bnds=[174,484][320,694]} from uid 10112
06-18 22:18:13.503  1159  6775 W ActivityTaskManager: Can't find TaskDisplayArea to determine support for multi window. Task id=40 attached=false
06-18 22:18:13.511   551   602 I mtkpower@impl: [setMode] type:5, enabled:1
06-18 22:18:13.511   551   649 I libPowerHal: [perfLockAcq] idx:2 hdl:1633 hint:11 pid:551 duration:30000 lock_user:mtkpower@1.0-se => ret_hdl:1633
06-18 22:18:13.512   551   649 I libPowerHal: LAUNCH: cpu_ctrl set cpu freq: 1800000 -1 2000000 -1
06-18 22:18:13.512   551   649 I libPowerHal: [PE] LAUNCH update cmd:1000000, param:0
06-18 22:18:13.512   551   649 I libPowerHal: [PE] LAUNCH update cmd:1408300, param:100
06-18 22:18:13.512   551   649 I libPowerHal: [PE] LAUNCH update cmd:1000000 param:0
06-18 22:18:13.514  1159  6775 I PowerHalWrapper: <amsBoostResume> last:com.android.launcher3, next:aiv.reem.mymishna 
06-18 22:18:13.514   543  8437 D C2MtkBufferManager: over 5000ms not request from VCodec but callback hooked, slow BM Cc fetch thread
06-18 22:18:13.515   551   649 I libPowerHal: [perfLockAcq] idx:3 hdl:1634 hint:22 pid:551 duration:10000 lock_user:mtkpower@1.0-se => ret_hdl:1634
06-18 22:18:13.515   551   649 I libPowerHal: [perfLockRel] hdl:1630, idx:-1
06-18 22:18:13.517   560   560 I BufferQueueProducer: [com.android.launcher3/com.android.launcher3.uioverrides.QuickstepLauncher#0](this:0xb4000071d310e410,id:-1,api:0,p:-1,c:560) queueBuffer: fps=0.07 dur=13446.73 max=13446.73 min=13446.73
06-18 22:18:13.517  1769  1769 W View    : requestLayout() improperly called by android.widget.TextView{70e2bb V.ED..C.. ......ID 153,261-432,322 #7f0901db app:id/weather} during second layout pass: posting in next frame
06-18 22:18:13.518   560  1210 I SurfaceFlinger: [SF client] NEW(0xb4000070e2fefc30) for (1367:com.android.systemui)
06-18 22:18:13.519  1367  1475 D ViewRootImpl[mymishna]: hardware acceleration = true, sRendererEnabled = true, forceHwAccelerated = false
06-18 22:18:13.521   560   560 I BufferQueueProducer: [FramebufferSurface](this:0xb400007182fe1410,id:-1,api:1,p:560,c:560) queueBuffer: fps=0.12 dur=8071.18 max=8071.18 min=8071.18
06-18 22:18:13.522  1769  1769 W itapii  : L3N5c3RlbS9iaW4va2V5Ym9hcmRlbmc=
06-18 22:18:13.522   540   671 I hwcomposer: [HWCDisplay] [Display_0 (type:1)] fps:0.123902,dur:8070.87,max:8070.87,min:8070.87  
06-18 22:18:13.522  1769  1769 W itapii  : corecccttt
06-18 22:18:13.522  1769  1769 W View    : requestLayout() improperly called by android.widget.TextView{70e2bb V.ED..C.. ......ID 153,261-432,322 #7f0901db app:id/weather} during layout: running second layout pass
06-18 22:18:13.522   560   560 E CompositionEngine: Fence::merge return error: Timer expired (-62)
06-18 22:18:13.523  1769  1769 W itapii  : L3N5c3RlbS9iaW4va2V5Ym9hcmRlbmc=
06-18 22:18:13.523  1769  1769 W itapii  : corecccttt
06-18 22:18:13.527  1159  1179 I PowerHalWrapper: amsBoostProcessCreate package:aiv.reem.mymishna 
06-18 22:18:13.527  1159  1179 D SBE-LaunchIdentify: SBE boost:aiv.reem.mymishna begin
06-18 22:18:13.528   551   649 I libPowerHal: [perfLockAcq] idx:4 hdl:1635 hint:21 pid:551 duration:10000 lock_user:mtkpower@1.0-se => ret_hdl:1635
06-18 22:18:13.528  2290  2290 D CoreService: onAccessibilityEvent: currentPackageName=com.android.launcher3 isEditing=false isInputMethodApp=false
06-18 22:18:13.528  2290  2290 D CoreService: onAccessibilityEvent: currentPackageName=com.android.launcher3 isEditing=false isInputMethodApp=false
06-18 22:18:13.528   551   649 I libPowerHal: [PE] MTKPOWER_HINT_PROCESS_CREATE update cmd:2020000, param:15
06-18 22:18:13.528   551   649 I libPowerHal: [PE] MTKPOWER_HINT_PROCESS_CREATE update cmd:1410000, param:1
06-18 22:18:13.529  1159  1186 D DexOptExtImpl: aiv.reem.mymishna reason is 1 abi is arm64-v8a
06-18 22:18:13.529   551   649 I libPowerHal: [perfLockRel] hdl:1532, idx:-1
06-18 22:18:13.532  1159 10862 I PowerHalWrapper: amsBoostNotify pid:1769,activity:com.android.launcher3.uioverrides.QuickstepLauncher, package:com.android.launcher3, mProcessCreatePackaiv.reem.mymishna 
06-18 22:18:13.532  1159 10862 I PowerHalWrapper: state: 0 
06-18 22:18:13.532  1159 10862 I PowerHalWrapper: amsBoostNotify AMS_BOOST_PROCESS_CREATE_BOOST:true 
06-18 22:18:13.532   551   649 I libPowerHal: [perfNotifyAppState] pack:com.android.launcher3, act:com.android.launcher3.uioverrides.QuickstepLauncher, state:0, pid:1769, uid:10112, fps:-1
06-18 22:18:13.533  1159  1179 D CompatibilityChangeReporter: Compat change id reported: 135634846; UID 10166; state: DISABLED
06-18 22:18:13.533   560  1210 E BufferQueueDebug: [Splash Screen aiv.reem.mymishna#0](this:0xb4000071d31779e0,id:-1,api:0,p:-1,c:-1) id info cannot be read from 'Splash Screen aiv.reem.mymishna#0'
06-18 22:18:13.533   560  1210 I BufferQueueDebug: [Splash Screen aiv.reem.mymishna#0](this:0xb4000071d31779e0,id:-1,api:0,p:-1,c:-1) BufferQueue core=(560:/system/bin/surfaceflinger)
06-18 22:18:13.533  1159  1179 D CompatibilityChangeReporter: Compat change id reported: 177438394; UID 10166; state: DISABLED
06-18 22:18:13.533  1159  1179 D CompatibilityChangeReporter: Compat change id reported: 135772972; UID 10166; state: DISABLED
06-18 22:18:13.534  1159  1179 D CompatibilityChangeReporter: Compat change id reported: 135754954; UID 10166; state: ENABLED
06-18 22:18:13.534  1159  1189 D CompatibilityChangeReporter: Compat change id reported: 143937733; UID 10166; state: ENABLED
06-18 22:18:13.534   543  8437 D C2MtkBufferManager: over 5000ms not request from VCodec but callback hooked, slow BM Cc fetch thread
06-18 22:18:13.535  1769  1769 W View    : requestLayout() improperly called by android.widget.TextView{70e2bb V.ED..C.. ........ 153,261-432,322 #7f0901db app:id/weather} during second layout pass: posting in next frame
06-18 22:18:13.536  1159  2288 W WindowManager: Changing focus from Window{a0ad372 u0 com.android.launcher3/com.android.launcher3.uioverrides.QuickstepLauncher} to null displayId=0 Callers=com.android.server.wm.RootWindowContainer.updateFocusedWindowLocked:465 com.android.server.wm.WindowManagerService.updateFocusedWindowLocked:5751 com.android.server.wm.WindowManagerService.relayoutWindow:2476 com.android.server.wm.Session.relayout:235 
06-18 22:18:13.537  1367  1475 I BufferQueueConsumer: [](id:55700000046,api:0,p:-1,c:1367) connect: controlledByApp=false
06-18 22:18:13.538  1367  1475 I BLASTBufferQueue: [ViewRootImpl[mymishna]#70] constructor()
06-18 22:18:13.539  1367  1660 I BufferQueueProducer: [ViewRootImpl[mymishna]#70(BLAST Consumer)70](id:55700000046,api:1,p:1367,c:1367) connect: api=1 producerControlledByApp=true
06-18 22:18:13.540   560   560 E CompositionEngine: Fence::merge return error: Timer expired (-62)
06-18 22:18:13.548   527   527 D Zygote  : Forked child process 12540
06-18 22:18:13.549  1769  1769 W itapii  : L3N5c3RlbS9iaW4va2V5Ym9hcmRlbmc=
06-18 22:18:13.549  1769  1769 W itapii  : corecccttt
06-18 22:18:13.549  1159  1189 I ActivityManager: Start proc 12540:aiv.reem.mymishna/u0a166 for pre-top-activity {aiv.reem.mymishna/aiv.reem.mymishna.MainActivity}
06-18 22:18:13.549  1769  1769 W View    : requestLayout() improperly called by android.widget.TextView{70e2bb V.ED..C.. ......ID 153,261-432,322 #7f0901db app:id/weather} during layout: running second layout pass
06-18 22:18:13.550  1769  1769 W itapii  : L3N5c3RlbS9iaW4va2V5Ym9hcmRlbmc=
06-18 22:18:13.550  1769  1769 W itapii  : corecccttt
06-18 22:18:13.555   543  8437 D C2MtkBufferManager: over 5000ms not request from VCodec but callback hooked, slow BM Cc fetch thread
06-18 22:18:13.556   560   560 E CompositionEngine: Fence::merge return error: Timer expired (-62)
06-18 22:18:13.557  2290  2290 D CoreService: onAccessibilityEvent: currentPackageName=aiv.reem.mymishna isEditing=false isInputMethodApp=false
06-18 22:18:13.560 12540 12540 I v.reem.mymishn: Late-enabling -Xcheck:jni
06-18 22:18:13.569  1769  1769 W View    : requestLayout() improperly called by android.widget.TextView{70e2bb V.ED..C.. ........ 153,261-432,322 #7f0901db app:id/weather} during second layout pass: posting in next frame
06-18 22:18:13.574   560   560 E CompositionEngine: Fence::merge return error: Timer expired (-62)
06-18 22:18:13.575   543  8437 D C2MtkBufferManager: over 5000ms not request from VCodec but callback hooked, slow BM Cc fetch thread
06-18 22:18:13.582  1769  1769 W itapii  : L3N5c3RlbS9iaW4va2V5Ym9hcmRlbmc=
06-18 22:18:13.582  1769  1769 W itapii  : corecccttt
06-18 22:18:13.583  1769  1769 W View    : requestLayout() improperly called by android.widget.TextView{70e2bb V.ED..C.. ......ID 153,261-432,322 #7f0901db app:id/weather} during layout: running second layout pass
06-18 22:18:13.583  1769  1769 W itapii  : L3N5c3RlbS9iaW4va2V5Ym9hcmRlbmc=
06-18 22:18:13.583  1769  1769 W itapii  : corecccttt
06-18 22:18:13.588   560   560 E CompositionEngine: Fence::merge return error: Timer expired (-62)
06-18 22:18:13.591  8748  8753 I adbd    : jdwp connection from 12540
06-18 22:18:13.595 12540 12540 D ProcessState: Binder ioctl to enable oneway spam detection failed: Invalid argument
06-18 22:18:13.595   543  8437 D C2MtkBufferManager: over 5000ms not request from VCodec but callback hooked, slow BM Cc fetch thread
06-18 22:18:13.600  1769  1769 W View    : requestLayout() improperly called by android.widget.TextView{70e2bb V.ED..C.. ........ 153,261-432,322 #7f0901db app:id/weather} during second layout pass: posting in next frame
06-18 22:18:13.605  1159 10862 V ActivityManager: New death recipient com.android.server.am.ActivityManagerService$AppDeathRecipient@e3a99bc for thread android.os.BinderProxy@d32ed45
06-18 22:18:13.605   560   560 E CompositionEngine: Fence::merge return error: Timer expired (-62)
06-18 22:18:13.609  1159 10862 I PowerHalWrapper: amsBoostNotify pid:12540,activity:aiv.reem.mymishna.MainActivity, package:aiv.reem.mymishna, mProcessCreatePackaiv.reem.mymishna 
06-18 22:18:13.609  1159 10862 I PowerHalWrapper: state: 1 
06-18 22:18:13.609  1159 10862 I PowerHalWrapper: amsBoostNotify AMS_BOOST_PROCESS_CREATE_BOOST:true 
06-18 22:18:13.610   551   649 I libPowerHal: [perfNotifyAppState] pack:aiv.reem.mymishna, act:aiv.reem.mymishna.MainActivity, state:1, pid:12540, uid:10166, fps:-1
06-18 22:18:13.610   551   649 I libPowerHal: [perfNotifyAppState] foreground:aiv.reem.mymishna, pid:12540, uid:10166
06-18 22:18:13.610   551   649 E UxUtility: notifyAppState error = NULL
06-18 22:18:13.610   551   649 I TouchUtility: notifyAppState error = NULL
06-18 22:18:13.610   551   601 I mtkpower@impl: [notifyAppState] pc:1, com.android.launcher3 => aiv.reem.mymishna
06-18 22:18:13.616   543  8437 D C2MtkBufferManager: over 5000ms not request from VCodec but callback hooked, slow BM Cc fetch thread
06-18 22:18:13.616  1769  1769 W itapii  : L3N5c3RlbS9iaW4va2V5Ym9hcmRlbmc=
06-18 22:18:13.616  1769  1769 W itapii  : corecccttt
06-18 22:18:13.617  1769  1769 W View    : requestLayout() improperly called by android.widget.TextView{70e2bb V.ED..C.. ......ID 153,261-432,322 #7f0901db app:id/weather} during layout: running second layout pass
06-18 22:18:13.618  1769  1769 W itapii  : L3N5c3RlbS9iaW4va2V5Ym9hcmRlbmc=
06-18 22:18:13.618  1769  1769 W itapii  : corecccttt
06-18 22:18:13.619 12540 12540 D CompatibilityChangeReporter: Compat change id reported: 171979766; UID 10166; state: ENABLED
06-18 22:18:13.623   560   560 E CompositionEngine: Fence::merge return error: Timer expired (-62)
06-18 22:18:13.632  2290  2290 D CoreService: onAccessibilityEvent: currentPackageName=com.android.launcher3 isEditing=false isInputMethodApp=false
06-18 22:18:13.633  1769  1769 W View    : requestLayout() improperly called by android.widget.TextView{70e2bb V.ED..C.. ........ 153,261-432,322 #7f0901db app:id/weather} during second layout pass: posting in next frame
06-18 22:18:13.636   543  8437 D C2MtkBufferManager: over 5000ms not request from VCodec but callback hooked, slow BM Cc fetch thread
06-18 22:18:13.648  1769  1769 W itapii  : L3N5c3RlbS9iaW4va2V5Ym9hcmRlbmc=
06-18 22:18:13.649  1769  1769 W itapii  : corecccttt
06-18 22:18:13.649  1769  1769 W View    : requestLayout() improperly called by android.widget.TextView{70e2bb V.ED..C.. ......ID 153,261-432,322 #7f0901db app:id/weather} during layout: running second layout pass
06-18 22:18:13.650  1769  1769 W itapii  : L3N5c3RlbS9iaW4va2V5Ym9hcmRlbmc=
06-18 22:18:13.650  1769  1769 W itapii  : corecccttt
06-18 22:18:13.656   543  8437 D C2MtkBufferManager: over 5000ms not request from VCodec but callback hooked, slow BM Cc fetch thread
06-18 22:18:13.666  1769  1769 W View    : requestLayout() improperly called by android.widget.TextView{70e2bb V.ED..C.. ........ 153,261-432,322 #7f0901db app:id/weather} during second layout pass: posting in next frame
06-18 22:18:13.677   543  8437 D C2MtkBufferManager: over 5000ms not request from VCodec but callback hooked, slow BM Cc fetch thread
06-18 22:18:13.682  1769  1769 W itapii  : L3N5c3RlbS9iaW4va2V5Ym9hcmRlbmc=
06-18 22:18:13.682  1769  1769 W itapii  : corecccttt
06-18 22:18:13.683  1769  1769 W View    : requestLayout() improperly called by android.widget.TextView{70e2bb V.ED..C.. ......ID 153,261-432,322 #7f0901db app:id/weather} during layout: running second layout pass
06-18 22:18:13.684  1769  1769 W itapii  : L3N5c3RlbS9iaW4va2V5Ym9hcmRlbmc=
06-18 22:18:13.684  1769  1769 W itapii  : corecccttt
06-18 22:18:13.697   543  8437 D C2MtkBufferManager: over 5000ms not request from VCodec but callback hooked, slow BM Cc fetch thread
06-18 22:18:13.700  1769  1769 W View    : requestLayout() improperly called by android.widget.TextView{70e2bb V.ED..C.. ........ 153,261-432,322 #7f0901db app:id/weather} during second layout pass: posting in next frame
06-18 22:18:13.715  1769  1769 W itapii  : L3N5c3RlbS9iaW4va2V5Ym9hcmRlbmc=
06-18 22:18:13.716  1769  1769 W itapii  : corecccttt
06-18 22:18:13.716  1769  1769 W View    : requestLayout() improperly called by android.widget.TextView{70e2bb V.ED..C.. ......ID 153,261-432,322 #7f0901db app:id/weather} during layout: running second layout pass
06-18 22:18:13.717  1769  1769 W itapii  : L3N5c3RlbS9iaW4va2V5Ym9hcmRlbmc=
06-18 22:18:13.717  1769  1769 W itapii  : corecccttt
06-18 22:18:13.717   543  8437 D C2MtkBufferManager: over 5000ms not request from VCodec but callback hooked, slow BM Cc fetch thread
06-18 22:18:13.731  2290  2290 D CoreService: onAccessibilityEvent: currentPackageName=com.android.launcher3 isEditing=false isInputMethodApp=false
06-18 22:18:13.733  1769  1769 W View    : requestLayout() improperly called by android.widget.TextView{70e2bb V.ED..C.. ........ 153,261-432,322 #7f0901db app:id/weather} during second layout pass: posting in next frame
06-18 22:18:13.737   543  8437 D C2MtkBufferManager: over 5000ms not request from VCodec but callback hooked, slow BM Cc fetch thread
06-18 22:18:13.748  1769  1769 W itapii  : L3N5c3RlbS9iaW4va2V5Ym9hcmRlbmc=
06-18 22:18:13.749  1769  1769 W itapii  : corecccttt
06-18 22:18:13.749  1769  1769 W View    : requestLayout() improperly called by android.widget.TextView{70e2bb V.ED..C.. ......ID 153,261-432,322 #7f0901db app:id/weather} during layout: running second layout pass
06-18 22:18:13.750  1769  1769 W itapii  : L3N5c3RlbS9iaW4va2V5Ym9hcmRlbmc=
06-18 22:18:13.750  1769  1769 W itapii  : corecccttt
06-18 22:18:13.758   543  8437 D C2MtkBufferManager: over 5000ms not request from VCodec but callback hooked, slow BM Cc fetch thread
06-18 22:18:13.762  1159  2288 D ActivityManager: getProcessesInErrorState callingUid=10135, CallingPid=2360
06-18 22:18:13.764 12540 12540 V GraphicsEnvironment: ANGLE Developer option for 'aiv.reem.mymishna' set to: 'default'
06-18 22:18:13.764 12540 12540 V GraphicsEnvironment: Neither updatable production driver nor prerelease driver is supported.
06-18 22:18:13.766  1769  1769 W View    : requestLayout() improperly called by android.widget.TextView{70e2bb V.ED..C.. ........ 153,261-432,322 #7f0901db app:id/weather} during second layout pass: posting in next frame
06-18 22:18:13.769 12540 12540 D NetworkSecurityConfig: No Network Security Config specified, using platform default
06-18 22:18:13.770 12540 12540 D NetworkSecurityConfig: No Network Security Config specified, using platform default
06-18 22:18:13.778   543  8437 D C2MtkBufferManager: over 5000ms not request from VCodec but callback hooked, slow BM Cc fetch thread
06-18 22:18:13.782  1769  1769 W itapii  : L3N5c3RlbS9iaW4va2V5Ym9hcmRlbmc=
06-18 22:18:13.782  1769  1769 W itapii  : corecccttt
06-18 22:18:13.783  1769  1769 W View    : requestLayout() improperly called by android.widget.TextView{70e2bb V.ED..C.. ......ID 153,261-432,322 #7f0901db app:id/weather} during layout: running second layout pass
06-18 22:18:13.783  1769  1769 W itapii  : L3N5c3RlbS9iaW4va2V5Ym9hcmRlbmc=
06-18 22:18:13.783  1769  1769 W itapii  : corecccttt
06-18 22:18:13.798   543  8437 D C2MtkBufferManager: over 5000ms not request from VCodec but callback hooked, slow BM Cc fetch thread
06-18 22:18:13.801 12540 12560 D libMEOW : meow new tls: 0xb4000079d0b6f0b0
06-18 22:18:13.801  1769  1769 W View    : requestLayout() improperly called by android.widget.TextView{70e2bb V.ED..C.. ........ 153,261-432,322 #7f0901db app:id/weather} during second layout pass: posting in next frame
06-18 22:18:13.802 12540 12560 D libMEOW : meow reload base cfg path: na
06-18 22:18:13.802 12540 12560 D libMEOW : meow reload overlay cfg path: na
06-18 22:18:13.804 12540 12560 E QT      : [QT]file does not exist
06-18 22:18:13.804 12540 12560 D libMEOW : applied 1 plugins for [aiv.reem.mymishna]:
06-18 22:18:13.804 12540 12560 D libMEOW :   plugin 1: [libMEOW_gift.so]: 0xb400007990ada840
06-18 22:18:13.805 12540 12560 D libMEOW : rebuild call chain: 0xb4000079d0b5f0a0
06-18 22:18:13.805 12540 12560 D libMEOW : meow delete tls: 0xb4000079d0b6f0b0
06-18 22:18:13.815  1769  1769 W itapii  : L3N5c3RlbS9iaW4va2V5Ym9hcmRlbmc=
06-18 22:18:13.816  1769  1769 W itapii  : corecccttt
06-18 22:18:13.816  1769  1769 W View    : requestLayout() improperly called by android.widget.TextView{70e2bb V.ED..C.. ......ID 153,261-432,322 #7f0901db app:id/weather} during layout: running second layout pass
06-18 22:18:13.817  1769  1769 W itapii  : L3N5c3RlbS9iaW4va2V5Ym9hcmRlbmc=
06-18 22:18:13.817  1769  1769 W itapii  : corecccttt
06-18 22:18:13.819   543  8437 D C2MtkBufferManager: over 5000ms not request from VCodec but callback hooked, slow BM Cc fetch thread
06-18 22:18:13.832  2290  2290 D CoreService: onAccessibilityEvent: currentPackageName=com.android.launcher3 isEditing=false isInputMethodApp=false
06-18 22:18:13.833  1769  1769 W View    : requestLayout() improperly called by android.widget.TextView{70e2bb V.ED..C.. ........ 153,261-432,322 #7f0901db app:id/weather} during second layout pass: posting in next frame
06-18 22:18:13.839   543  8437 D C2MtkBufferManager: over 5000ms not request from VCodec but callback hooked, slow BM Cc fetch thread
06-18 22:18:13.849  1769  1769 W itapii  : L3N5c3RlbS9iaW4va2V5Ym9hcmRlbmc=
06-18 22:18:13.849  1769  1769 W itapii  : corecccttt
06-18 22:18:13.849  1769  1769 W View    : requestLayout() improperly called by android.widget.TextView{70e2bb V.ED..C.. ......ID 153,261-432,322 #7f0901db app:id/weather} during layout: running second layout pass
06-18 22:18:13.850  1769  1769 W itapii  : L3N5c3RlbS9iaW4va2V5Ym9hcmRlbmc=
06-18 22:18:13.850  1769  1769 W itapii  : corecccttt
06-18 22:18:13.860   543  8437 D C2MtkBufferManager: over 5000ms not request from VCodec but callback hooked, slow BM Cc fetch thread
06-18 22:18:13.866  1769  1769 W View    : requestLayout() improperly called by android.widget.TextView{70e2bb V.ED..C.. ........ 153,261-432,322 #7f0901db app:id/weather} during second layout pass: posting in next frame
06-18 22:18:13.868 12540 12540 D AppCompatDelegate: Checking for metadata for AppLocalesMetadataHolderService : Service not found
06-18 22:18:13.877  1159  6775 V SettingsProvider: packageValueForCallResult, name = null, value : Bundle[{_track_generation=android.util.MemoryIntArray@a2, value=null, _generation_index=0, _generation=44}]
06-18 22:18:13.880   543  8437 D C2MtkBufferManager: over 5000ms not request from VCodec but callback hooked, slow BM Cc fetch thread
06-18 22:18:13.882  1769  1769 W itapii  : L3N5c3RlbS9iaW4va2V5Ym9hcmRlbmc=
06-18 22:18:13.882  1769  1769 W itapii  : corecccttt
06-18 22:18:13.883  1769  1769 W View    : requestLayout() improperly called by android.widget.TextView{70e2bb V.ED..C.. ......ID 153,261-432,322 #7f0901db app:id/weather} during layout: running second layout pass
06-18 22:18:13.883  1769  1769 W itapii  : L3N5c3RlbS9iaW4va2V5Ym9hcmRlbmc=
06-18 22:18:13.883  1769  1769 W itapii  : corecccttt
06-18 22:18:13.899  1769  1769 W View    : requestLayout() improperly called by android.widget.TextView{70e2bb V.ED..C.. ........ 153,261-432,322 #7f0901db app:id/weather} during second layout pass: posting in next frame
06-18 22:18:13.900   543  8437 D C2MtkBufferManager: over 5000ms not request from VCodec but callback hooked, slow BM Cc fetch thread
06-18 22:18:13.914 12540 12540 I WebViewFactory: Loading com.android.webview version 91.0.4472.114 (code 447211453)
06-18 22:18:13.915  1769  1769 W itapii  : L3N5c3RlbS9iaW4va2V5Ym9hcmRlbmc=
06-18 22:18:13.915  1769  1769 W itapii  : corecccttt
06-18 22:18:13.916  1769  1769 W View    : requestLayout() improperly called by android.widget.TextView{70e2bb V.ED..C.. ......ID 153,261-432,322 #7f0901db app:id/weather} during layout: running second layout pass
06-18 22:18:13.916  1769  1769 W itapii  : L3N5c3RlbS9iaW4va2V5Ym9hcmRlbmc=
06-18 22:18:13.916  1769  1769 W itapii  : corecccttt
06-18 22:18:13.921   543  8437 D C2MtkBufferManager: over 5000ms not request from VCodec but callback hooked, slow BM Cc fetch thread
06-18 22:18:13.922 12540 12540 D nativeloader: classloader namespace configured for unbundled product apk. library_path=/product/app/webview/lib/arm64:/product/app/webview/webview.apk!/lib/arm64-v8a:/product/lib64:/system/product/lib64
06-18 22:18:13.933  2290  2290 D CoreService: onAccessibilityEvent: currentPackageName=com.android.launcher3 isEditing=false isInputMethodApp=false
06-18 22:18:13.934  1769  1769 W View    : requestLayout() improperly called by android.widget.TextView{70e2bb V.ED..C.. ........ 153,261-432,322 #7f0901db app:id/weather} during second layout pass: posting in next frame
06-18 22:18:13.941   543  8437 D C2MtkBufferManager: over 5000ms not request from VCodec but callback hooked, slow BM Cc fetch thread
06-18 22:18:13.948  1769  1769 W itapii  : L3N5c3RlbS9iaW4va2V5Ym9hcmRlbmc=
06-18 22:18:13.949  1769  1769 W itapii  : corecccttt
06-18 22:18:13.949 12540 12540 W v.reem.mymishn: Accessing hidden method Landroid/os/Trace;->isTagEnabled(J)Z (unsupported, reflection, allowed)
06-18 22:18:13.949 12540 12540 W v.reem.mymishn: Accessing hidden method Landroid/os/Trace;->traceBegin(JLjava/lang/String;)V (unsupported, reflection, allowed)
06-18 22:18:13.949 12540 12540 W v.reem.mymishn: Accessing hidden method Landroid/os/Trace;->traceEnd(J)V (unsupported, reflection, allowed)
06-18 22:18:13.949 12540 12540 W v.reem.mymishn: Accessing hidden method Landroid/os/Trace;->asyncTraceBegin(JLjava/lang/String;I)V (unsupported, reflection, allowed)
06-18 22:18:13.949 12540 12540 W v.reem.mymishn: Accessing hidden method Landroid/os/Trace;->asyncTraceEnd(JLjava/lang/String;I)V (unsupported, reflection, allowed)
06-18 22:18:13.949  1769  1769 W View    : requestLayout() improperly called by android.widget.TextView{70e2bb V.ED..C.. ......ID 153,261-432,322 #7f0901db app:id/weather} during layout: running second layout pass
06-18 22:18:13.950  1769  1769 W itapii  : L3N5c3RlbS9iaW4va2V5Ym9hcmRlbmc=
06-18 22:18:13.950  1769  1769 W itapii  : corecccttt
06-18 22:18:13.961   543  8437 D C2MtkBufferManager: over 5000ms not request from VCodec but callback hooked, slow BM Cc fetch thread
06-18 22:18:13.967  1769  1769 W View    : requestLayout() improperly called by android.widget.TextView{70e2bb V.ED..C.. ......ID 153,261-432,322 #7f0901db app:id/weather} during second layout pass: posting in next frame
06-18 22:18:13.982   543  8437 D C2MtkBufferManager: over 5000ms not request from VCodec but callback hooked, slow BM Cc fetch thread
06-18 22:18:13.982  1769  1769 W itapii  : L3N5c3RlbS9iaW4va2V5Ym9hcmRlbmc=
06-18 22:18:13.982  1769  1769 W itapii  : corecccttt
06-18 22:18:13.983  1769  1769 W View    : requestLayout() improperly called by android.widget.TextView{70e2bb V.ED..C.. ......ID 153,261-432,322 #7f0901db app:id/weather} during layout: running second layout pass
06-18 22:18:13.984  1769  1769 W itapii  : L3N5c3RlbS9iaW4va2V5Ym9hcmRlbmc=
06-18 22:18:13.984  1769  1769 W itapii  : corecccttt
06-18 22:18:13.990 12540 12540 I cr_LibraryLoader: Loaded native library version number "91.0.4472.114"
06-18 22:18:13.991 12540 12540 W v.reem.mymishn: Accessing hidden field Ljava/util/Collections$SynchronizedCollection;->mutex:Ljava/lang/Object; (max-target-o, reflection, denied)
06-18 22:18:13.991 12540 12540 W v.reem.mymishn: Accessing hidden field Ljava/util/Collections$SynchronizedCollection;->c:Ljava/util/Collection; (unsupported, reflection, allowed)
06-18 22:18:13.991 12540 12540 W v.reem.mymishn: Accessing hidden method Ljava/util/Collections$SynchronizedSet;-><init>(Ljava/util/Set;Ljava/lang/Object;)V (max-target-o, reflection, denied)
06-18 22:18:13.992 12540 12540 W v.reem.mymishn: Accessing hidden method Ljava/util/Collections$SynchronizedCollection;-><init>(Ljava/util/Collection;Ljava/lang/Object;)V (max-target-o, reflection, denied)
06-18 22:18:13.993 12540 12540 I cr_CachingUmaRecorder: Flushed 6 samples from 6 histograms.
06-18 22:18:13.999  1769  1769 W View    : requestLayout() improperly called by android.widget.TextView{70e2bb V.ED..C.. ......ID 153,261-432,322 #7f0901db app:id/weather} during second layout pass: posting in next frame
06-18 22:18:14.002   543  8437 D C2MtkBufferManager: over 5000ms not request from VCodec but callback hooked, slow BM Cc fetch thread
06-18 22:18:14.011  1159  2288 D CompatibilityChangeReporter: Compat change id reported: 135634846; UID 10166; state: DISABLED
06-18 22:18:14.011  1159  1189 D CompatibilityChangeReporter: Compat change id reported: 143937733; UID 10166; state: ENABLED
06-18 22:18:14.015  1769  1769 W itapii  : L3N5c3RlbS9iaW4va2V5Ym9hcmRlbmc=
06-18 22:18:14.015  1769  1769 W itapii  : corecccttt
06-18 22:18:14.016  1769  1769 W View    : requestLayout() improperly called by android.widget.TextView{70e2bb V.ED..C.. ......ID 153,261-432,322 #7f0901db app:id/weather} during layout: running second layout pass
06-18 22:18:14.016  1769  1769 W itapii  : L3N5c3RlbS9iaW4va2V5Ym9hcmRlbmc=
06-18 22:18:14.016  1769  1769 W itapii  : corecccttt
06-18 22:18:14.023   543  8437 D C2MtkBufferManager: over 5000ms not request from VCodec but callback hooked, slow BM Cc fetch thread
06-18 22:18:14.024  1510  1510 D Zygote  : Forked child process 12568
06-18 22:18:14.027  1159  1189 I ActivityManager: Start proc 12568:com.android.webview:sandboxed_process0:org.chromium.content.app.SandboxedProcessService0:0/u0i17 for  {aiv.reem.mymishna/org.chromium.content.app.SandboxedProcessService0:0}
06-18 22:18:14.033  2290  2290 D CoreService: onAccessibilityEvent: currentPackageName=com.android.launcher3 isEditing=false isInputMethodApp=false
06-18 22:18:14.034  1769  1769 W View    : requestLayout() improperly called by android.widget.TextView{70e2bb V.ED..C.. ........ 153,261-432,322 #7f0901db app:id/weather} during second layout pass: posting in next frame
06-18 22:18:14.036 12568 12568 E ocessService0:: Not starting debugger since process cannot load the jdwp agent.
06-18 22:18:14.041 12568 12568 D ProcessState: Binder ioctl to enable oneway spam detection failed: Invalid argument
06-18 22:18:14.043   543  8437 D C2MtkBufferManager: over 5000ms not request from VCodec but callback hooked, slow BM Cc fetch thread
06-18 22:18:14.049 12540 12570 W chromium: [WARNING:dns_config_service_android.cc(153)] Failed to read DnsConfig.
06-18 22:18:14.051  1159 10862 V ActivityManager: New death recipient com.android.server.am.ActivityManagerService$AppDeathRecipient@2d931c6 for thread android.os.BinderProxy@8c8b587
06-18 22:18:14.052  1769  2317 I BufferQueueProducer: [ViewRootImpl[QuickstepLauncher]#27(BLAST Consumer)27](id:6e900000023,api:1,p:1769,c:1769) disconnect: api 1
06-18 22:18:14.061  1769  1769 W itapii  : L3N5c3RlbS9iaW4va2V5Ym9hcmRlbmc=
06-18 22:18:14.061  1769  1769 W itapii  : corecccttt
06-18 22:18:14.063  1769  1769 W View    : requestLayout() improperly called by android.widget.TextView{70e2bb V.ED..C.. ......ID 153,261-432,322 #7f0901db app:id/weather} during layout: running second layout pass
06-18 22:18:14.064  1769  1769 W itapii  : L3N5c3RlbS9iaW4va2V5Ym9hcmRlbmc=
06-18 22:18:14.064   543  8437 D C2MtkBufferManager: over 5000ms not request from VCodec but callback hooked, slow BM Cc fetch thread
06-18 22:18:14.064  1769  1769 W itapii  : corecccttt
06-18 22:18:14.064 12568 12568 D CompatibilityChangeReporter: Compat change id reported: 171979766; UID 99017; state: ENABLED
06-18 22:18:14.083  1159 10862 V SettingsProvider: packageValueForCallResult, name = null, value : Bundle[{_track_generation=android.util.MemoryIntArray@a2, value=null, _generation_index=3, _generation=12}]
06-18 22:18:14.084   543  8437 D C2MtkBufferManager: over 5000ms not request from VCodec but callback hooked, slow BM Cc fetch thread
06-18 22:18:14.086 12568 12568 D NetworkSecurityConfig: No Network Security Config specified, using platform default
06-18 22:18:14.086 12568 12568 D NetworkSecurityConfig: No Network Security Config specified, using platform default
06-18 22:18:14.092 12568 12568 I cr_ChildProcessService: Creating new ChildProcessService pid=12568
06-18 22:18:14.094 12540 12540 D CompatibilityChangeReporter: Compat change id reported: 171228096; UID 10166; state: ENABLED
06-18 22:18:14.097   415   415 E SELinux : avc:  denied  { find } for pid=12568 uid=99017 name=content_capture scontext=u:r:isolated_app:s0:c512,c768 tcontext=u:object_r:content_capture_service:s0 tclass=service_manager permissive=0
06-18 22:18:14.104   543  8437 D C2MtkBufferManager: over 5000ms not request from VCodec but callback hooked, slow BM Cc fetch thread
06-18 22:18:14.106  1769  8588 I BLASTBufferQueue: [ViewRootImpl[QuickstepLauncher]#27] destructor()
06-18 22:18:14.106  1769  8588 I BufferQueueConsumer: [ViewRootImpl[QuickstepLauncher]#27(BLAST Consumer)27](id:6e900000023,api:0,p:-1,c:1769) disconnect
06-18 22:18:14.125   543  8437 D C2MtkBufferManager: over 5000ms not request from VCodec but callback hooked, slow BM Cc fetch thread
06-18 22:18:14.132  2290  2290 D CoreService: onAccessibilityEvent: currentPackageName=com.android.launcher3 isEditing=false isInputMethodApp=false
06-18 22:18:14.145   543  8437 D C2MtkBufferManager: over 5000ms not request from VCodec but callback hooked, slow BM Cc fetch thread
06-18 22:18:14.157 12540 12540 W v.reem.mymishn: Accessing hidden method Landroid/view/View;->computeFitSystemWindows(Landroid/graphics/Rect;Landroid/graphics/Rect;)Z (unsupported, reflection, allowed)
06-18 22:18:14.159 12540 12540 W v.reem.mymishn: Accessing hidden method Landroid/view/ViewGroup;->makeOptionalFitsSystemWindows()V (unsupported, reflection, allowed)
06-18 22:18:14.165   543  8437 D C2MtkBufferManager: over 5000ms not request from VCodec but callback hooked, slow BM Cc fetch thread
06-18 22:18:14.169 12540 12588 W v.reem.mymishn: Accessing hidden method Landroid/media/AudioManager;->getOutputLatency(I)I (unsupported, reflection, allowed)
06-18 22:18:14.171 12540 12600 D libMEOW : meow new tls: 0xb4000079d0b6f0b0
06-18 22:18:14.171 12540 12600 D libMEOW : applied 1 plugins for [aiv.reem.mymishna]:
06-18 22:18:14.171 12540 12600 D libMEOW :   plugin 1: [libMEOW_gift.so]: 0xb400007990ada840
06-18 22:18:14.171 12540 12600 D libMEOW : rebuild call chain: 0xb4000079d0b5f0a0
06-18 22:18:14.177 12540 12600 D hw-ProcessState: Binder ioctl to enable oneway spam detection failed: Invalid argument
06-18 22:18:14.178   416   416 I hwservicemanager: getTransport: Cannot find entry android.hardware.configstore@1.0::ISurfaceFlingerConfigs/default in either framework or device VINTF manifest.
06-18 22:18:14.179 12540 12588 W cr_media: Requires BLUETOOTH permission
06-18 22:18:14.182 12568 12597 I cr_LibraryLoader: Loaded native library version number "91.0.4472.114"
06-18 22:18:14.183 12568 12597 W ocessService0:: Accessing hidden field Ljava/util/Collections$SynchronizedCollection;->mutex:Ljava/lang/Object; (max-target-o, reflection, denied)
06-18 22:18:14.183 12568 12597 W ocessService0:: Accessing hidden method Ljava/util/Collections$SynchronizedSet;-><init>(Ljava/util/Set;Ljava/lang/Object;)V (max-target-o, reflection, denied)
06-18 22:18:14.183 12568 12597 W ocessService0:: Accessing hidden method Ljava/util/Collections$SynchronizedCollection;-><init>(Ljava/util/Collection;Ljava/lang/Object;)V (max-target-o, reflection, denied)
06-18 22:18:14.184 12568 12597 I cr_CachingUmaRecorder: Flushed 1 samples from 1 histograms.
06-18 22:18:14.186   543  8437 D C2MtkBufferManager: over 5000ms not request from VCodec but callback hooked, slow BM Cc fetch thread
06-18 22:18:14.192 12568 12597 W SystemServiceRegistry: No service published for: uimode
06-18 22:18:14.206   543  8437 D C2MtkBufferManager: over 5000ms not request from VCodec but callback hooked, slow BM Cc fetch thread
06-18 22:18:14.208 12540 12600 I GED     : ged_boost_gpu_freq, level 100, eOrigin 2, final_idx 29, oppidx_max 29, oppidx_min 0
06-18 22:18:14.226   543  8437 D C2MtkBufferManager: over 5000ms not request from VCodec but callback hooked, slow BM Cc fetch thread
06-18 22:18:14.228 12540 12540 I SurfaceFactory: [static] sSurfaceFactory = com.mediatek.view.impl.SurfaceFactoryImpl@b35ddb
06-18 22:18:14.229   560   677 I SurfaceFlinger: [SF client] NEW(0xb4000070e2ff3970) for (12540:aiv.reem.mymishna)
06-18 22:18:14.230 12540 12540 I MsyncFactory: [static] sMsyncFactory = com.mediatek.view.impl.MsyncFactoryImpl@559e078
06-18 22:18:14.231 12540 12627 D OpenMsyncAppList: loadTunerAppList + 
06-18 22:18:14.235 12540 12627 D OpenMsyncAppList: loadTunerAppList - 
06-18 22:18:14.240  1367  1367 D KeyguardBatteryView: onReceive: level = 92, status = 2, charging = true
06-18 22:18:14.241 12540 12540 D ViewRootImpl[MainActivity]: hardware acceleration = true, sRendererEnabled = true, forceHwAccelerated = false
06-18 22:18:14.243   560   677 I SurfaceFlinger: [SF client] NEW(0xb4000070e2ff37b0) for (1159:system_server)
06-18 22:18:14.247   543  8437 D C2MtkBufferManager: over 5000ms not request from VCodec but callback hooked, slow BM Cc fetch thread
06-18 22:18:14.248 12540 12540 D libMEOW : meow new tls: 0xb4000079d0b9f0e0
06-18 22:18:14.248 12540 12540 D libMEOW : applied 1 plugins for [aiv.reem.mymishna]:
06-18 22:18:14.248 12540 12540 D libMEOW :   plugin 1: [libMEOW_gift.so]: 0xb400007990ada840
06-18 22:18:14.248 12540 12540 D libMEOW : rebuild call chain: 0xb4000079d0b8f0d0
06-18 22:18:14.264  1159  6775 D ActivityManager: getProcessesInErrorState callingUid=10135, CallingPid=2360
06-18 22:18:14.268  1159  6775 V SettingsProvider: packageValueForCallResult, name = null, value : Bundle[{_track_generation=android.util.MemoryIntArray@a2, value=null, _generation_index=2, _generation=10}]
06-18 22:18:14.269   543  8437 D C2MtkBufferManager: over 5000ms not request from VCodec but callback hooked, slow BM Cc fetch thread
06-18 22:18:14.285   560   560 I BufferQueueProducer: [StatusBar#0](this:0xb4000071d3141830,id:-1,api:0,p:-1,c:560) queueBuffer: fps=0.11 dur=8839.19 max=8839.19 min=8839.19
06-18 22:18:14.290   543  8437 D C2MtkBufferManager: over 5000ms not request from VCodec but callback hooked, slow BM Cc fetch thread
06-18 22:18:14.295 12540 12587 E AndroidProtocolHandler: Unable to open asset URL: file:///android_asset/hebcal.min.js
06-18 22:18:14.304 12540 12540 I PowerHalWrapper: PowerHalWrapper.getInstance 
06-18 22:18:14.310   543  8437 D C2MtkBufferManager: over 5000ms not request from VCodec but callback hooked, slow BM Cc fetch thread
06-18 22:18:14.331   543  8437 D C2MtkBufferManager: over 5000ms not request from VCodec but callback hooked, slow BM Cc fetch thread
06-18 22:18:14.345   560   677 E BufferQueueDebug: [aiv.reem.mymishna/aiv.reem.mymishna.MainActivity#0](this:0xb4000071d315dfd0,id:-1,api:0,p:-1,c:-1) id info cannot be read from 'aiv.reem.mymishna/aiv.reem.mymishna.MainActivity#0'
06-18 22:18:14.346   560   677 I BufferQueueDebug: [aiv.reem.mymishna/aiv.reem.mymishna.MainActivity#0](this:0xb4000071d315dfd0,id:-1,api:0,p:-1,c:-1) BufferQueue core=(560:/system/bin/surfaceflinger)
06-18 22:18:14.349  1159  6775 W WindowManager: Changing focus from null to Window{169135a u0 aiv.reem.mymishna/aiv.reem.mymishna.MainActivity} displayId=0 Callers=com.android.server.wm.RootWindowContainer.updateFocusedWindowLocked:465 com.android.server.wm.WindowManagerService.updateFocusedWindowLocked:5751 com.android.server.wm.WindowManagerService.relayoutWindow:2476 com.android.server.wm.Session.relayout:235 
06-18 22:18:14.351   543  8437 D C2MtkBufferManager: over 5000ms not request from VCodec but callback hooked, slow BM Cc fetch thread
06-18 22:18:14.351  1159  6775 I WindowManager: Relayout Window{169135a u0 aiv.reem.mymishna/aiv.reem.mymishna.MainActivity}: oldVis=4 newVis=0 focusMayChange = true requestedWidth = 640 requestedHeight = 960 outFrames = ClientWindowFrames{frame=[0,0][640,960] display=[0,0][640,960] backdrop=[0,0][640,960]} outSurfaceControl = Surface(name=aiv.reem.mymishna/aiv.reem.mymishna.MainActivity)/@0x3975b44
06-18 22:18:14.353  1159  1180 D CompatibilityChangeReporter: Compat change id reported: 158002302; UID 10166; state: ENABLED
06-18 22:18:14.354 12540 12540 I BufferQueueConsumer: [](id:30fc00000000,api:0,p:-1,c:12540) connect: controlledByApp=false
06-18 22:18:14.356 12540 12540 I BLASTBufferQueue: [ViewRootImpl[MainActivity]#0] constructor()
06-18 22:18:14.359 12540 12558 D libMEOW : meow new tls: 0xb4000079d0b7f0c0
06-18 22:18:14.359 12540 12558 D libMEOW : applied 1 plugins for [aiv.reem.mymishna]:
06-18 22:18:14.359 12540 12558 D libMEOW :   plugin 1: [libMEOW_gift.so]: 0xb400007990ada840
06-18 22:18:14.360 12540 12558 D libMEOW : rebuild call chain: 0xb4000079d0baf0f0
06-18 22:18:14.360 12540 12558 E OpenGLRenderer: Device claims wide gamut support, cannot find matching config, error = EGL_SUCCESS
06-18 22:18:14.360 12540 12558 W OpenGLRenderer: Failed to initialize 101010-2 format, error = EGL_SUCCESS
06-18 22:18:14.367   560   677 E HWComposer: getSupportedContentTypes: getSupportedContentTypes failed for display 0: Unsupported (8)
06-18 22:18:14.368 12540 12558 I BufferQueueProducer: [ViewRootImpl[MainActivity]#0(BLAST Consumer)0](id:30fc00000000,api:1,p:12540,c:12540) connect: api=1 producerControlledByApp=true
06-18 22:18:14.371   543  8437 D C2MtkBufferManager: over 5000ms not request from VCodec but callback hooked, slow BM Cc fetch thread
06-18 22:18:14.373 12540 12631 E ion     : ioctl c0044901 failed with code -1: Invalid argument
06-18 22:18:14.375  2290  2290 D CoreService: onAccessibilityEvent: currentPackageName=aiv.reem.mymishna isEditing=false isInputMethodApp=false
06-18 22:18:14.378 12540 12558 D hw-ProcessState: Binder ioctl to enable oneway spam detection failed: Invalid argument
06-18 22:18:14.391   543  8437 D C2MtkBufferManager: over 5000ms not request from VCodec but callback hooked, slow BM Cc fetch thread
06-18 22:18:14.412   543  8437 D C2MtkBufferManager: over 5000ms not request from VCodec but callback hooked, slow BM Cc fetch thread
06-18 22:18:14.431 12540 12558 E OpenGLRenderer: fbcNotifyFrameComplete error: undefined symbol: fbcNotifyFrameComplete
06-18 22:18:14.431 12540 12558 E OpenGLRenderer: fbcNotifyNoRender error: undefined symbol: fbcNotifyNoRender
06-18 22:18:14.432   543  8437 D C2MtkBufferManager: over 5000ms not request from VCodec but callback hooked, slow BM Cc fetch thread
06-18 22:18:14.446  1367  1660 I BufferQueueProducer: [ViewRootImpl[mymishna]#70(BLAST Consumer)70](id:55700000046,api:1,p:1367,c:1367) disconnect: api 1
06-18 22:18:14.447  1159  1176 I ActivityTaskManager: Displayed aiv.reem.mymishna/.MainActivity: +942ms
06-18 22:18:14.447  1367  1475 D View    : [Warning] assignParent to null: this = android.widget.FrameLayout{716e841 V.E...... ........ 0,0-640,960}
06-18 22:18:14.449  1367  1475 I BLASTBufferQueue: [ViewRootImpl[mymishna]#70] destructor()
06-18 22:18:14.450  1367  1475 I BufferQueueConsumer: [ViewRootImpl[mymishna]#70(BLAST Consumer)70](id:55700000046,api:0,p:-1,c:1367) disconnect
06-18 22:18:14.451   560   560 I ClientCache: add: Cache owner=0xb4000070d2fe03d0
06-18 22:18:14.452   543  8437 D C2MtkBufferManager: over 5000ms not request from VCodec but callback hooked, slow BM Cc fetch thread
06-18 22:18:14.453   543  8437 W C2BqBuffer: last successful dequeue was 2370299343 us ago, 0 consecutive failures
06-18 22:18:14.456  1159  6775 W InputManager-JNI: Input channel object '9e93951 Splash Screen aiv.reem.mymishna (client)' was disposed without first being removed with the input manager!
06-18 22:18:14.463  1159  1179 I PowerHalWrapper: amsBoostNotify pid:1769,activity:com.android.launcher3.uioverrides.QuickstepLauncher, package:com.android.launcher3, mProcessCreatePackaiv.reem.mymishna 
06-18 22:18:14.463  1159  1179 I PowerHalWrapper: state: 0 
06-18 22:18:14.463  1159  1179 I PowerHalWrapper: amsBoostNotify AMS_BOOST_PROCESS_CREATE_BOOST:true 
06-18 22:18:14.464   551   649 I libPowerHal: [perfNotifyAppState] pack:com.android.launcher3, act:com.android.launcher3.uioverrides.QuickstepLauncher, state:0, pid:1769, uid:10112, fps:-1
06-18 22:18:14.473   543  8437 D C2MtkBufferManager: over 5000ms not request from VCodec but callback hooked, slow BM Cc fetch thread
06-18 22:18:14.479  2216  2216 I GoogleInputMethodService: GoogleInputMethodService.onFinishInput():2259 
06-18 22:18:14.480  2216  2216 I Module  : DeviceLockedStatusModuleProvider$Module.updateDeviceLockedStatusInternal():127 repeatCheckTimes = 0, locked = false
06-18 22:18:14.481  2216  2216 I GoogleInputMethodService: GoogleInputMethodService.onStartInput():1446 onStartInput(EditorInfo{EditorInfo{packageName=aiv.reem.mymishna, inputType=0, inputTypeString=NULL, enableLearning=false, autoCorrection=false, autoComplete=false, imeOptions=0, privateImeOptions=null, actionName=UNSPECIFIED, actionLabel=null, initialSelStart=-1, initialSelEnd=-1, initialCapsMode=0, label=null, fieldId=-1, fieldName=null, extras=null, hintText=null, hintLocales=[]}}, false)
06-18 22:18:14.482  2216  2216 I AndroidIME: LatinIMEBase.updateInputViewCoverNavigation():321 Update input view padding, isNavbarOverInputWindow=true, bottom inset=0
06-18 22:18:14.482  1769  1769 W View    : requestLayout() improperly called by android.widget.TextView{70e2bb V.ED..C.. ......ID 153,261-432,322 #7f0901db app:id/weather} during second layout pass: posting in next frame
06-18 22:18:14.483  2216  2216 I Module  : DeviceLockedStatusModuleProvider$Module.updateDeviceLockedStatusInternal():127 repeatCheckTimes = 1, locked = false
06-18 22:18:14.488  2290  2290 D CoreService: onAccessibilityEvent: currentPackageName=aiv.reem.mymishna isEditing=false isInputMethodApp=false
06-18 22:18:14.493   543  8437 D C2MtkBufferManager: over 5000ms not request from VCodec but callback hooked, slow BM Cc fetch thread
06-18 22:18:14.502   560   560 I BufferQueueDebug: [com.android.launcher3/com.android.launcher3.uioverrides.QuickstepLauncher#0](this:0xb4000071d310e410,id:-1,api:0,p:-1,c:560) onDestructor()
06-18 22:18:14.502  1769  8636 I BLASTBufferQueue: releaseBufferCallbackThunk bufferId:7597797146897 framenumber:56 blastBufferQueue is dead
06-18 22:18:14.508   551   629 I libPerfCtl: xgfGetFPS pid:1367 fps:-1
06-18 22:18:14.508   551   629 I libPerfCtl: xgfGetFPS pid:1769 fps:60
06-18 22:18:14.509   551   629 I libPerfCtl: xgfGetFPS pid:12540 fps:-1
06-18 22:18:14.513   543  8437 D C2MtkBufferManager: over 5000ms not request from VCodec but callback hooked, slow BM Cc fetch thread
06-18 22:18:14.534   543  8437 D C2MtkBufferManager: over 5000ms not request from VCodec but callback hooked, slow BM Cc fetch thread
06-18 22:18:14.554   540   671 I hwcomposer: [HWCDisplay] [Display_0 (type:1)] fps:43.609135,dur:1031.89,max:133.44,min:7.01  
06-18 22:18:14.554   543  8437 D C2MtkBufferManager: over 5000ms not request from VCodec but callback hooked, slow BM Cc fetch thread
06-18 22:18:14.575   543  8437 D C2MtkBufferManager: over 5000ms not request from VCodec but callback hooked, slow BM Cc fetch thread
06-18 22:18:14.595   543  8437 D C2MtkBufferManager: over 5000ms not request from VCodec but callback hooked, slow BM Cc fetch thread
06-18 22:18:14.615   543  8437 D C2MtkBufferManager: over 5000ms not request from VCodec but callback hooked, slow BM Cc fetch thread
06-18 22:18:14.619  1159  1180 D WindowManager: setParent old=ActivityRecord{b6b53db u0 aiv.reem.mymishna/.MainActivity t40},new=null,this window=Window{9e93951 u0 Splash Screen aiv.reem.mymishna},callers=com.android.server.wm.WindowContainer.removeChild:597 com.android.server.wm.ActivityRecord.removeChild:3769 com.android.server.wm.ActivityRecord.removeChild:365 com.android.server.wm.WindowContainer.removeImmediately:649 com.android.server.wm.WindowState.removeImmediately:2380 com.android.server.wm.WindowState.destroySurface:3505 
06-18 22:18:14.636   543  8437 D C2MtkBufferManager: over 5000ms not request from VCodec but callback hooked, slow BM Cc fetch thread
06-18 22:18:14.637   560   560 I BufferQueueDebug: [Splash Screen aiv.reem.mymishna#0](this:0xb4000071d31779e0,id:-1,api:0,p:-1,c:560) onDestructor()
