06-18 22:18:14.637  1367  1847 I BLASTBufferQueue: releaseBufferCallbackThunk bufferId:5871220294043 framenumber:1 blastBufferQueue is dead
06-18 22:18:14.656   543  8437 D C2MtkBufferManager: over 5000ms not request from VCodec but callback hooked, slow BM Cc fetch thread
06-18 22:18:14.676   543  8437 D C2MtkBufferManager: over 5000ms not request from VCodec but callback hooked, slow BM Cc fetch thread
06-18 22:18:14.697   543  8437 D C2MtkBufferManager: over 5000ms not request from VCodec but callback hooked, slow BM Cc fetch thread
06-18 22:18:14.717   543  8437 D C2MtkBufferManager: over 5000ms not request from VCodec but callback hooked, slow BM Cc fetch thread
06-18 22:18:14.737   543  8437 D C2MtkBufferManager: over 5000ms not request from VCodec but callback hooked, slow BM Cc fetch thread
06-18 22:18:14.744 12540 12558 E GPUAUX  : [AUX]GuiExtAuxCheckAuxPath:667: Null anb
06-18 22:18:14.745 12540 12558 E GPUAUX  : [AUX]GuiExtAuxCheckAuxPath:667: Null anb
06-18 22:18:14.746 12540 12558 E GPUAUX  : [AUX]GuiExtAuxCheckAuxPath:667: Null anb
06-18 22:18:14.746 12540 12558 E GPUAUX  : [AUX]GuiExtAuxCheckAuxPath:667: Null anb
06-18 22:18:14.746 12540 12558 E GPUAUX  : [AUX]GuiExtAuxCheckAuxPath:667: Null anb
06-18 22:18:14.746 12540 12558 E GPUAUX  : [AUX]GuiExtAuxCheckAuxPath:667: Null anb
06-18 22:18:14.746 12540 12558 E GPUAUX  : [AUX]GuiExtAuxCheckAuxPath:667: Null anb
06-18 22:18:14.758   543  8437 D C2MtkBufferManager: over 5000ms not request from VCodec but callback hooked, slow BM Cc fetch thread
06-18 22:18:14.766  1159  2288 D ActivityManager: getProcessesInErrorState callingUid=10135, CallingPid=2360
06-18 22:18:14.774   551   602 I mtkpower@impl: [setMode] type:5, enabled:0
06-18 22:18:14.774   551   649 I libPowerHal: [perfLockRel] hdl:1633, idx:2
06-18 22:18:14.775  1159 10862 I PowerHalWrapper: amsBoostStop AMS_BOOST_PACK_SWITCH:true, AMS_BOOST_ACT_SWITCH:false, AMS_BOOST_PROCESS_CREATE:true 
06-18 22:18:14.775   551   601 I mtkpower@impl: [mtkPowerHint] hint:22, hold:500, ext:0, ext_hold:0
06-18 22:18:14.776   551   601 I mtkpower@impl: [mtkPowerHint] hint:21, hold:6000, ext:30, ext_hold:35000
06-18 22:18:14.776   551   649 I libPowerHal: [perfLockAcq] idx:2 hdl:1636 hint:22 pid:551 duration:500 lock_user:mtkpower@1.0-se => ret_hdl:1636
06-18 22:18:14.776   551   649 I libPowerHal: [perfLockRel] hdl:1634, idx:3
06-18 22:18:14.777   551   649 I libPowerHal: [perfLockAcq] idx:5 hdl:1637 hint:21 pid:551 duration:6000 lock_user:mtkpower@1.0-se => ret_hdl:1637
06-18 22:18:14.777   551   649 I libPowerHal: [perfLockRel] hdl:1635, idx:4
06-18 22:18:14.777   551   649 I libPowerHal: [perfLockAcq] idx:3 hdl:1638 hint:30 pid:551 duration:35000 lock_user:mtkpower@1.0-se => ret_hdl:1638
06-18 22:18:14.778   543  8437 D C2MtkBufferManager: over 5000ms not request from VCodec but callback hooked, slow BM Cc fetch thread
06-18 22:18:14.782  2290  2290 D CoreService: onAccessibilityEvent: currentPackageName=aiv.reem.mymishna isEditing=false isInputMethodApp=false
06-18 22:18:14.787  1960  4898 I FontLog : (REDACTED) Received query %s, URI %s
06-18 22:18:14.787  1960  4898 I FontLog : (REDACTED) Query [%s] resolved to %s
06-18 22:18:14.789  1960  4898 I FontLog : (REDACTED) Fetch %s end status %s
06-18 22:18:14.796  1960  4898 I FontLog : (REDACTED) Pulling font file for id = %d, cache size = %d
06-18 22:18:14.798   543  8437 D C2MtkBufferManager: over 5000ms not request from VCodec but callback hooked, slow BM Cc fetch thread
06-18 22:18:14.802  1960  4898 I FontLog : (REDACTED) Pulling font file for id = %d, cache size = %d
06-18 22:18:14.818   543  8437 D C2MtkBufferManager: over 5000ms not request from VCodec but callback hooked, slow BM Cc fetch thread
06-18 22:18:14.839   543  8437 D C2MtkBufferManager: over 5000ms not request from VCodec but callback hooked, slow BM Cc fetch thread
06-18 22:18:14.859   543  8437 D C2MtkBufferManager: over 5000ms not request from VCodec but callback hooked, slow BM Cc fetch thread
06-18 22:18:14.879   543  8437 D C2MtkBufferManager: over 5000ms not request from VCodec but callback hooked, slow BM Cc fetch thread
06-18 22:18:14.900   543  8437 D C2MtkBufferManager: over 5000ms not request from VCodec but callback hooked, slow BM Cc fetch thread
06-18 22:18:14.920   543  8437 D C2MtkBufferManager: over 5000ms not request from VCodec but callback hooked, slow BM Cc fetch thread
06-18 22:18:14.940   543  8437 D C2MtkBufferManager: over 5000ms not request from VCodec but callback hooked, slow BM Cc fetch thread
06-18 22:18:14.960   543  8437 D C2MtkBufferManager: over 5000ms not request from VCodec but callback hooked, slow BM Cc fetch thread
06-18 22:18:14.981   543  8437 D C2MtkBufferManager: over 5000ms not request from VCodec but callback hooked, slow BM Cc fetch thread
06-18 22:18:15.001   543  8437 D C2MtkBufferManager: over 5000ms not request from VCodec but callback hooked, slow BM Cc fetch thread
06-18 22:18:15.021   543  8437 D C2MtkBufferManager: over 5000ms not request from VCodec but callback hooked, slow BM Cc fetch thread
06-18 22:18:15.041   543  8437 D C2MtkBufferManager: over 5000ms not request from VCodec but callback hooked, slow BM Cc fetch thread
06-18 22:18:15.062   543  8437 D C2MtkBufferManager: over 5000ms not request from VCodec but callback hooked, slow BM Cc fetch thread
06-18 22:18:15.082   543  8437 D C2MtkBufferManager: over 5000ms not request from VCodec but callback hooked, slow BM Cc fetch thread
06-18 22:18:15.102   543  8437 D C2MtkBufferManager: over 5000ms not request from VCodec but callback hooked, slow BM Cc fetch thread
06-18 22:18:15.122   543  8437 D C2MtkBufferManager: over 5000ms not request from VCodec but callback hooked, slow BM Cc fetch thread
06-18 22:18:15.143   543  8437 D C2MtkBufferManager: over 5000ms not request from VCodec but callback hooked, slow BM Cc fetch thread
06-18 22:18:15.163   543  8437 D C2MtkBufferManager: over 5000ms not request from VCodec but callback hooked, slow BM Cc fetch thread
06-18 22:18:15.183   543  8437 D C2MtkBufferManager: over 5000ms not request from VCodec but callback hooked, slow BM Cc fetch thread
06-18 22:18:15.203   543  8437 D C2MtkBufferManager: over 5000ms not request from VCodec but callback hooked, slow BM Cc fetch thread
06-18 22:18:15.224   543  8437 D C2MtkBufferManager: over 5000ms not request from VCodec but callback hooked, slow BM Cc fetch thread
06-18 22:18:15.244   543  8437 D C2MtkBufferManager: over 5000ms not request from VCodec but callback hooked, slow BM Cc fetch thread
06-18 22:18:15.264   543  8437 D C2MtkBufferManager: over 5000ms not request from VCodec but callback hooked, slow BM Cc fetch thread
06-18 22:18:15.267  1159  2288 D ActivityManager: getProcessesInErrorState callingUid=10135, CallingPid=2360
06-18 22:18:15.276   551   649 I mtkpower@impl: [powerd_req] TIMER_MSG_PERF_LOCK_TIMEOUT hdl:1636
06-18 22:18:15.276   551   649 I libPowerHal: [perfLockRel] hdl:1636, idx:2
06-18 22:18:15.284   543  8437 D C2MtkBufferManager: over 5000ms not request from VCodec but callback hooked, slow BM Cc fetch thread
06-18 22:18:15.305   543  8437 D C2MtkBufferManager: over 5000ms not request from VCodec but callback hooked, slow BM Cc fetch thread
06-18 22:18:15.325   543  8437 D C2MtkBufferManager: over 5000ms not request from VCodec but callback hooked, slow BM Cc fetch thread
06-18 22:18:15.345   543  8437 D C2MtkBufferManager: over 5000ms not request from VCodec but callback hooked, slow BM Cc fetch thread
06-18 22:18:15.365   543  8437 D C2MtkBufferManager: over 5000ms not request from VCodec but callback hooked, slow BM Cc fetch thread
06-18 22:18:15.385   543  8437 D C2MtkBufferManager: over 5000ms not request from VCodec but callback hooked, slow BM Cc fetch thread
06-18 22:18:15.406   543  8437 D C2MtkBufferManager: over 5000ms not request from VCodec but callback hooked, slow BM Cc fetch thread
06-18 22:18:15.426   543  8437 D C2MtkBufferManager: over 5000ms not request from VCodec but callback hooked, slow BM Cc fetch thread
06-18 22:18:15.446   543  8437 D C2MtkBufferManager: over 5000ms not request from VCodec but callback hooked, slow BM Cc fetch thread
06-18 22:18:15.466   543  8437 D C2MtkBufferManager: over 5000ms not request from VCodec but callback hooked, slow BM Cc fetch thread
06-18 22:18:15.487   543  8437 D C2MtkBufferManager: over 5000ms not request from VCodec but callback hooked, slow BM Cc fetch thread
06-18 22:18:15.507   543  8437 D C2MtkBufferManager: over 5000ms not request from VCodec but callback hooked, slow BM Cc fetch thread
06-18 22:18:15.508   551   629 I libPerfCtl: xgfGetFPS pid:1367 fps:-1
06-18 22:18:15.508   551   629 I libPerfCtl: xgfGetFPS pid:1769 fps:-1
06-18 22:18:15.509   551   629 I libPerfCtl: xgfGetFPS pid:12540 fps:62
06-18 22:18:15.509   551   629 I libPowerHal: [updateFPS] pid(12540) : -1 => 60
06-18 22:18:15.509   551   649 I libPowerHal: [perfNotifyAppState] pack:aiv.reem.mymishna, act:aiv.reem.mymishna.MainActivity, state:5, pid:12540, uid:10166, fps:60
06-18 22:18:15.509   551   649 E UxUtility: notifyAppState error = NULL
06-18 22:18:15.509   551   649 I TouchUtility: notifyAppState error = NULL
06-18 22:18:15.527   543  8437 D C2MtkBufferManager: over 5000ms not request from VCodec but callback hooked, slow BM Cc fetch thread
06-18 22:18:15.547   543  8437 D C2MtkBufferManager: over 5000ms not request from VCodec but callback hooked, slow BM Cc fetch thread
06-18 22:18:15.568   543  8437 D C2MtkBufferManager: over 5000ms not request from VCodec but callback hooked, slow BM Cc fetch thread
06-18 22:18:15.588   543  8437 D C2MtkBufferManager: over 5000ms not request from VCodec but callback hooked, slow BM Cc fetch thread
06-18 22:18:15.608   543  8437 D C2MtkBufferManager: over 5000ms not request from VCodec but callback hooked, slow BM Cc fetch thread
06-18 22:18:15.629   543  8437 D C2MtkBufferManager: over 5000ms not request from VCodec but callback hooked, slow BM Cc fetch thread
06-18 22:18:15.649   543  8437 D C2MtkBufferManager: over 5000ms not request from VCodec but callback hooked, slow BM Cc fetch thread
06-18 22:18:15.669   543  8437 D C2MtkBufferManager: over 5000ms not request from VCodec but callback hooked, slow BM Cc fetch thread
06-18 22:18:15.689   543  8437 D C2MtkBufferManager: over 5000ms not request from VCodec but callback hooked, slow BM Cc fetch thread
06-18 22:18:15.710   543  8437 D C2MtkBufferManager: over 5000ms not request from VCodec but callback hooked, slow BM Cc fetch thread
06-18 22:18:15.730   543  8437 D C2MtkBufferManager: over 5000ms not request from VCodec but callback hooked, slow BM Cc fetch thread
06-18 22:18:15.750   543  8437 D C2MtkBufferManager: over 5000ms not request from VCodec but callback hooked, slow BM Cc fetch thread
06-18 22:18:15.768  1159  2288 D ActivityManager: getProcessesInErrorState callingUid=10135, CallingPid=2360
06-18 22:18:15.770   543  8437 D C2MtkBufferManager: over 5000ms not request from VCodec but callback hooked, slow BM Cc fetch thread
06-18 22:18:15.777  1159  1261 D SBE-LaunchIdentify: SBE boost:aiv.reem.mymishna end
06-18 22:18:15.777  1159  1261 I mtkpower_client: perf_lock_acq, hdl:1534, dur:3000, num:2, tid:1261
06-18 22:18:15.778  1159  1261 I mtkpower_client: ret_hdl:1639
06-18 22:18:15.778  1159  1261 I mtkpower_client: perf_lock_rel, hdl:1639, tid:1261
06-18 22:18:15.778   551   649 I libPowerHal: [perfLockAcq] idx:2 hdl:1639 hint:-1 pid:1159 duration:3000 lock_user:system_server => ret_hdl:1639
06-18 22:18:15.778   551   649 I SbeHandle: end_default_hold_time HindID : 21
06-18 22:18:15.778   551   649 I libPowerHal: [disableScenarioByHintId] Disable HindID : 21
06-18 22:18:15.778   551   649 I libPowerHal: [disableScenarioByHintId] disableScenarioByHintId: HindID : 21
06-18 22:18:15.779   551   649 I libPowerHal: MTKPOWER_HINT_PROCESS_CREATE: cpu_ctrl set cpu freq: -1 -1 -1 -1
06-18 22:18:15.779   551   649 I libPowerHal: [PD] MTKPOWER_HINT_PROCESS_CREATE update cmd:1000000, param:1
06-18 22:18:15.779   551   649 I libPowerHal: [PD] MTKPOWER_HINT_PROCESS_CREATE update cmd:1410000 param:0
06-18 22:18:15.779   551   649 I libPowerHal: [PD] MTKPOWER_HINT_PROCESS_CREATE update cmd:1408300 param:40
06-18 22:18:15.780   551   649 I libPowerHal: [PD] MTKPOWER_HINT_PROCESS_CREATE update cmd:1000000 param:1
06-18 22:18:15.780   551   649 I libPowerHal: [PE] system_server update cmd:3410300 param:21
06-18 22:18:15.781   551   649 I libPowerHal: [perfLockRel] hdl:1639, idx:2
06-18 22:18:15.782   551   649 I SbeHandle: end_default_hold_time HindID : 21
06-18 22:18:15.782   551   649 I libPowerHal: [disableScenarioByHintId] Disable HindID : 21
06-18 22:18:15.782   551   649 I libPowerHal: [PD] system_server update ONESHOT cmd:3410300 param:21
06-18 22:18:15.783   551   649 I libPowerHal: [perfLockAcq] idx:2 hdl:1640 hint:25 pid:551 duration:10000 lock_user:mtkpower@1.0-se => ret_hdl:1640
06-18 22:18:15.784   551   649 I libPowerHal: [PE] MTKPOWER_HINT_APP_TOUCH update cmd:3408600 param:1
06-18 22:18:15.791   543  8437 D C2MtkBufferManager: over 5000ms not request from VCodec but callback hooked, slow BM Cc fetch thread
06-18 22:18:15.811   543  8437 D C2MtkBufferManager: over 5000ms not request from VCodec but callback hooked, slow BM Cc fetch thread
06-18 22:18:15.813  2290  2290 D CoreService: onAccessibilityEvent: currentPackageName=aiv.reem.mymishna isEditing=false isInputMethodApp=false
06-18 22:18:15.818   560   560 I BufferQueueProducer: [aiv.reem.mymishna/aiv.reem.mymishna.MainActivity#0](this:0xb4000071d315dfd0,id:-1,api:0,p:-1,c:560) queueBuffer: fps=15.37 dur=1366.49 max=633.41 min=16.54
06-18 22:18:15.819   540   671 I hwcomposer: [HWCDisplay] [Display_0 (type:1)] fps:19.751255,dur:1265.74,max:633.82,min:15.99  
06-18 22:18:15.831   543  8437 D C2MtkBufferManager: over 5000ms not request from VCodec but callback hooked, slow BM Cc fetch thread
06-18 22:18:15.838 12540 12558 E GPUAUX  : [AUX]GuiExtAuxCheckAuxPath:667: Null anb
06-18 22:18:15.852   543  8437 D C2MtkBufferManager: over 5000ms not request from VCodec but callback hooked, slow BM Cc fetch thread
06-18 22:18:15.854   551   649 I libPowerHal: [perfLockRel] hdl:1640, idx:2
06-18 22:18:15.855   551   649 I libPowerHal: [PD] MTKPOWER_HINT_APP_TOUCH update cmd:3408600 param:0
06-18 22:18:15.861   551   649 I libPowerHal: [perfLockAcq] idx:2 hdl:1641 hint:43 pid:551 duration:3000 lock_user:mtkpower@1.0-se => ret_hdl:1641
06-18 22:18:15.861   551   649 I libPowerHal: MTKPOWER_HINT_UX_SCROLLING: cpu_ctrl set cpu freq: 1075000 -1 1162000 -1
06-18 22:18:15.861  1159  2288 I mtkpower_client: perf_lock_acq, hdl:0, dur:3000, num:2, tid:2288
06-18 22:18:15.861   551   649 I libPowerHal: [PE] MTKPOWER_HINT_UX_SCROLLING update cmd:1408300, param:60
06-18 22:18:15.861   551   649 I libPowerHal: [perfLockRel] hdl:1588, idx:-1
06-18 22:18:15.862  1159  2288 I mtkpower_client: ret_hdl:1642
06-18 22:18:15.862   551   649 I libPowerHal: cmdSetting - unknown cmd:2048700, scmd:(null) ,param_1:1
06-18 22:18:15.862   551   649 I libPowerHal: [perfLockAcq] idx:4 hdl:1642 hint:-1 pid:1159 duration:3000 lock_user:system_server => ret_hdl:1642
06-18 22:18:15.862  1159  2288 I mtkpower_client: perf_lock_acq, hdl:0, dur:3000, num:4, tid:2288
06-18 22:18:15.863  1159  2288 I mtkpower_client: ret_hdl:1643
06-18 22:18:15.863   551   649 I libPowerHal: [perfLockAcq] idx:5 hdl:1643 hint:-1 pid:1159 duration:3000 lock_user:system_server => ret_hdl:1643
06-18 22:18:15.863  1159  2288 I mtkpower_client: perf_lock_rel, hdl:1643, tid:2288
06-18 22:18:15.863   551   649 I libPowerHal: [fpsgo_noctrl_render_thread] -12558, 0xb4000076cbf6f518
06-18 22:18:15.863   551   649 I libPowerHal: [PE] system_server update cmd:2000400 param:-12558
06-18 22:18:15.863   551   649 I libPowerHal: [fpsgo_ctrl_render_thread] 12558, 0xb4000076cbf6f518
06-18 22:18:15.863   551   649 E libPowerHal: Could not open '/sys/kernel/fpsgo/fstb/set_ui_ctrl'
06-18 22:18:15.864   551   649 E libPowerHal: error : 2, No such file or directory
06-18 22:18:15.864   551   649 I libPowerHal: [PE] system_server update cmd:2000300 param:12558
06-18 22:18:15.864   551   649 I libPowerHal: [perfLockRel] hdl:1643, idx:5
06-18 22:18:15.864   551   649 I libPowerHal: [fpsgo_noctrl_render_thread] -12558, 0xb4000076cbf6f518
06-18 22:18:15.864   551   649 I libPowerHal: [PD] system_server update ONESHOT cmd:2000400 param:-12558
06-18 22:18:15.865   551   649 I libPowerHal: [fpsgo_ctrl_render_thread] 12558, 0xb4000076cbf6f518
06-18 22:18:15.865   551   649 E libPowerHal: Could not open '/sys/kernel/fpsgo/fstb/set_ui_ctrl'
06-18 22:18:15.865   551   649 E libPowerHal: error : 2, No such file or directory
06-18 22:18:15.865   551   649 I libPowerHal: [PD] system_server update ONESHOT cmd:2000300 param:12558
06-18 22:18:15.872   543  8437 D C2MtkBufferManager: over 5000ms not request from VCodec but callback hooked, slow BM Cc fetch thread
06-18 22:18:15.893   543  8437 D C2MtkBufferManager: over 5000ms not request from VCodec but callback hooked, slow BM Cc fetch thread
06-18 22:18:15.913   543  8437 D C2MtkBufferManager: over 5000ms not request from VCodec but callback hooked, slow BM Cc fetch thread
06-18 22:18:15.915  2290  2290 D CoreService: onAccessibilityEvent: currentPackageName=aiv.reem.mymishna isEditing=false isInputMethodApp=false
06-18 22:18:15.917  2290  2290 D CoreService: onAccessibilityEvent: currentPackageName=aiv.reem.mymishna isEditing=false isInputMethodApp=false
06-18 22:18:15.933   543  8437 D C2MtkBufferManager: over 5000ms not request from VCodec but callback hooked, slow BM Cc fetch thread
06-18 22:18:15.954   543  8437 D C2MtkBufferManager: over 5000ms not request from VCodec but callback hooked, slow BM Cc fetch thread
06-18 22:18:15.974   543  8437 D C2MtkBufferManager: over 5000ms not request from VCodec but callback hooked, slow BM Cc fetch thread
06-18 22:18:15.987 12540 12558 E GPUAUX  : [AUX]GuiExtAuxCheckAuxPath:667: Null anb
06-18 22:18:15.995   543  8437 D C2MtkBufferManager: over 5000ms not request from VCodec but callback hooked, slow BM Cc fetch thread
06-18 22:18:16.015   543  8437 D C2MtkBufferManager: over 5000ms not request from VCodec but callback hooked, slow BM Cc fetch thread
06-18 22:18:16.017  2290  2290 D CoreService: onAccessibilityEvent: currentPackageName=aiv.reem.mymishna isEditing=false isInputMethodApp=false
06-18 22:18:16.032  2290  2290 D CoreService: onAccessibilityEvent: currentPackageName=aiv.reem.mymishna isEditing=false isInputMethodApp=false
06-18 22:18:16.035   543  8437 D C2MtkBufferManager: over 5000ms not request from VCodec but callback hooked, slow BM Cc fetch thread
06-18 22:18:16.054 12540 12629 I libPerfCtl: fbcNotifySbeRescue ret=-1
06-18 22:18:16.056   543  8437 D C2MtkBufferManager: over 5000ms not request from VCodec but callback hooked, slow BM Cc fetch thread
06-18 22:18:16.076   543  8437 D C2MtkBufferManager: over 5000ms not request from VCodec but callback hooked, slow BM Cc fetch thread
06-18 22:18:16.097   543  8437 D C2MtkBufferManager: over 5000ms not request from VCodec but callback hooked, slow BM Cc fetch thread
06-18 22:18:16.117   543  8437 D C2MtkBufferManager: over 5000ms not request from VCodec but callback hooked, slow BM Cc fetch thread
06-18 22:18:16.137   543  8437 D C2MtkBufferManager: over 5000ms not request from VCodec but callback hooked, slow BM Cc fetch thread
06-18 22:18:16.158   543  8437 D C2MtkBufferManager: over 5000ms not request from VCodec but callback hooked, slow BM Cc fetch thread
06-18 22:18:16.178   543  8437 D C2MtkBufferManager: over 5000ms not request from VCodec but callback hooked, slow BM Cc fetch thread
06-18 22:18:16.198   543  8437 D C2MtkBufferManager: over 5000ms not request from VCodec but callback hooked, slow BM Cc fetch thread
06-18 22:18:16.217  2290  2290 D CoreService: onAccessibilityEvent: currentPackageName=aiv.reem.mymishna isEditing=false isInputMethodApp=false
06-18 22:18:16.219   543  8437 D C2MtkBufferManager: over 5000ms not request from VCodec but callback hooked, slow BM Cc fetch thread
06-18 22:18:16.239   543  8437 D C2MtkBufferManager: over 5000ms not request from VCodec but callback hooked, slow BM Cc fetch thread
06-18 22:18:16.259   543  8437 D C2MtkBufferManager: over 5000ms not request from VCodec but callback hooked, slow BM Cc fetch thread
06-18 22:18:16.270  1159  2288 D ActivityManager: getProcessesInErrorState callingUid=10135, CallingPid=2360
06-18 22:18:16.280   543  8437 D C2MtkBufferManager: over 5000ms not request from VCodec but callback hooked, slow BM Cc fetch thread
06-18 22:18:16.300   543  8437 D C2MtkBufferManager: over 5000ms not request from VCodec but callback hooked, slow BM Cc fetch thread
06-18 22:18:16.314 12540 12629 I libPerfCtl: fbcNotifySbeRescue ret=-1
06-18 22:18:16.321   543  8437 D C2MtkBufferManager: over 5000ms not request from VCodec but callback hooked, slow BM Cc fetch thread
06-18 22:18:16.331 12540 12629 I libPerfCtl: fbcNotifySbeRescue ret=-1
06-18 22:18:16.341   543  8437 D C2MtkBufferManager: over 5000ms not request from VCodec but callback hooked, slow BM Cc fetch thread
06-18 22:18:16.349 12540 12629 I libPerfCtl: fbcNotifySbeRescue ret=-1
06-18 22:18:16.362   543  8437 D C2MtkBufferManager: over 5000ms not request from VCodec but callback hooked, slow BM Cc fetch thread
06-18 22:18:16.369 12540 12629 I libPerfCtl: fbcNotifySbeRescue ret=-1
06-18 22:18:16.382   543  8437 D C2MtkBufferManager: over 5000ms not request from VCodec but callback hooked, slow BM Cc fetch thread
06-18 22:18:16.387 12540 12629 I libPerfCtl: fbcNotifySbeRescue ret=-1
06-18 22:18:16.402   543  8437 D C2MtkBufferManager: over 5000ms not request from VCodec but callback hooked, slow BM Cc fetch thread
06-18 22:18:16.404   551   649 I libPowerHal: [perfLockAcq] idx:5 hdl:1644 hint:25 pid:551 duration:10000 lock_user:mtkpower@1.0-se => ret_hdl:1644
06-18 22:18:16.404   551   649 I libPowerHal: [PE] MTKPOWER_HINT_APP_TOUCH update cmd:3408600 param:1
06-18 22:18:16.423   543  8437 D C2MtkBufferManager: over 5000ms not request from VCodec but callback hooked, slow BM Cc fetch thread
06-18 22:18:16.443   543  8437 D C2MtkBufferManager: over 5000ms not request from VCodec but callback hooked, slow BM Cc fetch thread
06-18 22:18:16.463   543  8437 D C2MtkBufferManager: over 5000ms not request from VCodec but callback hooked, slow BM Cc fetch thread
06-18 22:18:16.465   551   649 I libPowerHal: [perfLockRel] hdl:1644, idx:5
06-18 22:18:16.465   551   649 I libPowerHal: [PD] MTKPOWER_HINT_APP_TOUCH update cmd:3408600 param:0
06-18 22:18:16.484   543  8437 D C2MtkBufferManager: over 5000ms not request from VCodec but callback hooked, slow BM Cc fetch thread
06-18 22:18:16.493 12540 12641 D CompatibilityChangeReporter: Compat change id reported: 160794467; UID 10166; state: ENABLED
06-18 22:18:16.502  2216  2216 I GoogleInputMethodService: GoogleInputMethodService.onFinishInput():2259 
06-18 22:18:16.503  2216  2216 I Module  : DeviceLockedStatusModuleProvider$Module.updateDeviceLockedStatusInternal():127 repeatCheckTimes = 0, locked = false
06-18 22:18:16.504  2216  2216 I GoogleInputMethodService: GoogleInputMethodService.onStartInput():1446 onStartInput(EditorInfo{EditorInfo{packageName=aiv.reem.mymishna, inputType=0, inputTypeString=NULL, enableLearning=false, autoCorrection=false, autoComplete=false, imeOptions=12000000, privateImeOptions=null, actionName=UNSPECIFIED, actionLabel=null, initialSelStart=-1, initialSelEnd=-1, initialCapsMode=0, label=null, fieldId=-1, fieldName=null, extras=null, hintText=null, hintLocales=[]}}, false)
06-18 22:18:16.504   543  8437 D C2MtkBufferManager: over 5000ms not request from VCodec but callback hooked, slow BM Cc fetch thread
06-18 22:18:16.504  2216  2216 I AndroidIME: LatinIMEBase.updateInputViewCoverNavigation():321 Update input view padding, isNavbarOverInputWindow=true, bottom inset=0
06-18 22:18:16.506  2216  2216 I Module  : DeviceLockedStatusModuleProvider$Module.updateDeviceLockedStatusInternal():127 repeatCheckTimes = 1, locked = false
06-18 22:18:16.509   551   629 I libPerfCtl: xgfGetFPS pid:1367 fps:-1
06-18 22:18:16.509   551   629 I libPerfCtl: xgfGetFPS pid:1769 fps:-1
06-18 22:18:16.509   551   629 I libPerfCtl: xgfGetFPS pid:12540 fps:56
06-18 22:18:16.525   543  8437 D C2MtkBufferManager: over 5000ms not request from VCodec but callback hooked, slow BM Cc fetch thread
06-18 22:18:16.526 12540 12629 I libPerfCtl: fbcNotifySbeRescue ret=-1
06-18 22:18:16.528  2290  2290 D CoreService: onAccessibilityEvent: currentPackageName=aiv.reem.mymishna isEditing=false isInputMethodApp=false
06-18 22:18:16.541 12540 12558 E GPUAUX  : [AUX]GuiExtAuxCheckAuxPath:667: Null anb
06-18 22:18:16.542 12540 12558 E GPUAUX  : [AUX]GuiExtAuxCheckAuxPath:667: Null anb
06-18 22:18:16.545   543  8437 D C2MtkBufferManager: over 5000ms not request from VCodec but callback hooked, slow BM Cc fetch thread
06-18 22:18:16.566   543  8437 D C2MtkBufferManager: over 5000ms not request from VCodec but callback hooked, slow BM Cc fetch thread
06-18 22:18:16.570 12540 12558 E GPUAUX  : [AUX]GuiExtAuxCheckAuxPath:667: Null anb
06-18 22:18:16.571 12540 12558 E GPUAUX  : [AUX]GuiExtAuxCheckAuxPath:667: Null anb
06-18 22:18:16.578 12540 12558 E GPUAUX  : [AUX]GuiExtAuxCheckAuxPath:667: Null anb
06-18 22:18:16.578  2290  2290 D CoreService: onAccessibilityEvent: currentPackageName=aiv.reem.mymishna isEditing=false isInputMethodApp=false
06-18 22:18:16.586   543  8437 D C2MtkBufferManager: over 5000ms not request from VCodec but callback hooked, slow BM Cc fetch thread
06-18 22:18:16.589 12540 12558 E GPUAUX  : [AUX]GuiExtAuxCheckAuxPath:667: Null anb
06-18 22:18:16.605 12540 12558 E GPUAUX  : [AUX]GuiExtAuxCheckAuxPath:667: Null anb
06-18 22:18:16.606   543  8437 D C2MtkBufferManager: over 5000ms not request from VCodec but callback hooked, slow BM Cc fetch thread
06-18 22:18:16.627   543  8437 D C2MtkBufferManager: over 5000ms not request from VCodec but callback hooked, slow BM Cc fetch thread
06-18 22:18:16.629 12540 12558 E GPUAUX  : [AUX]GuiExtAuxCheckAuxPath:667: Null anb
06-18 22:18:16.644 12540 12558 E GPUAUX  : [AUX]GuiExtAuxCheckAuxPath:667: Null anb
06-18 22:18:16.647   543  8437 D C2MtkBufferManager: over 5000ms not request from VCodec but callback hooked, slow BM Cc fetch thread
06-18 22:18:16.668   543  8437 D C2MtkBufferManager: over 5000ms not request from VCodec but callback hooked, slow BM Cc fetch thread
06-18 22:18:16.672 12540 12558 E GPUAUX  : [AUX]GuiExtAuxCheckAuxPath:667: Null anb
06-18 22:18:16.688   543  8437 D C2MtkBufferManager: over 5000ms not request from VCodec but callback hooked, slow BM Cc fetch thread
06-18 22:18:16.708   543  8437 D C2MtkBufferManager: over 5000ms not request from VCodec but callback hooked, slow BM Cc fetch thread
06-18 22:18:16.729   543  8437 D C2MtkBufferManager: over 5000ms not request from VCodec but callback hooked, slow BM Cc fetch thread
06-18 22:18:16.749   543  8437 D C2MtkBufferManager: over 5000ms not request from VCodec but callback hooked, slow BM Cc fetch thread
06-18 22:18:16.754  2290  2290 D CoreService: onAccessibilityEvent: currentPackageName=aiv.reem.mymishna isEditing=false isInputMethodApp=false
06-18 22:18:16.757  2290  2290 D CoreService: onAccessibilityEvent: currentPackageName=aiv.reem.mymishna isEditing=false isInputMethodApp=false
06-18 22:18:16.758  2290  2290 D CoreService: onAccessibilityEvent: currentPackageName=aiv.reem.mymishna isEditing=false isInputMethodApp=false
06-18 22:18:16.770   543  8437 D C2MtkBufferManager: over 5000ms not request from VCodec but callback hooked, slow BM Cc fetch thread
06-18 22:18:16.771  1159 10862 D ActivityManager: getProcessesInErrorState callingUid=10135, CallingPid=2360
06-18 22:18:16.790   543  8437 D C2MtkBufferManager: over 5000ms not request from VCodec but callback hooked, slow BM Cc fetch thread
06-18 22:18:16.810   543  8437 D C2MtkBufferManager: over 5000ms not request from VCodec but callback hooked, slow BM Cc fetch thread
06-18 22:18:16.831   543  8437 D C2MtkBufferManager: over 5000ms not request from VCodec but callback hooked, slow BM Cc fetch thread
06-18 22:18:16.842  1159 10862 I mtkpower_client: perf_lock_acq, hdl:0, dur:0, num:2, tid:10862
06-18 22:18:16.843  1159 10862 I mtkpower_client: ret_hdl:1645
06-18 22:18:16.843   551   649 I libPowerHal: [perfLockAcq] idx:5 hdl:1645 hint:-1 pid:1159 duration:0 lock_user:system_server => ret_hdl:1645
06-18 22:18:16.843   551   649 I libPowerHal: [PE] system_server update cmd:2004200, param:12558
06-18 22:18:16.844  1159 10862 I mtkpower_client: perf_lock_rel, hdl:1645, tid:10862
06-18 22:18:16.844   551   649 I libPowerHal: [perfLockRel] hdl:1645, idx:5
06-18 22:18:16.844   551   649 I libPowerHal: [PD] system_server update cmd:2004200 param:0
06-18 22:18:16.851   543  8437 D C2MtkBufferManager: over 5000ms not request from VCodec but callback hooked, slow BM Cc fetch thread
06-18 22:18:16.871   543  8437 D C2MtkBufferManager: over 5000ms not request from VCodec but callback hooked, slow BM Cc fetch thread
06-18 22:18:16.892   543  8437 D C2MtkBufferManager: over 5000ms not request from VCodec but callback hooked, slow BM Cc fetch thread
06-18 22:18:16.912   543  8437 D C2MtkBufferManager: over 5000ms not request from VCodec but callback hooked, slow BM Cc fetch thread
06-18 22:18:16.933   543  8437 D C2MtkBufferManager: over 5000ms not request from VCodec but callback hooked, slow BM Cc fetch thread
06-18 22:18:16.952   551   649 I libPowerHal: [perfLockAcq] idx:5 hdl:1646 hint:25 pid:551 duration:10000 lock_user:mtkpower@1.0-se => ret_hdl:1646
06-18 22:18:16.953   551   649 I libPowerHal: [PE] MTKPOWER_HINT_APP_TOUCH update cmd:3408600 param:1
06-18 22:18:16.953   543  8437 D C2MtkBufferManager: over 5000ms not request from VCodec but callback hooked, slow BM Cc fetch thread
06-18 22:18:16.973   543  8437 D C2MtkBufferManager: over 5000ms not request from VCodec but callback hooked, slow BM Cc fetch thread
06-18 22:18:16.994   543  8437 D C2MtkBufferManager: over 5000ms not request from VCodec but callback hooked, slow BM Cc fetch thread
06-18 22:18:17.014   543  8437 D C2MtkBufferManager: over 5000ms not request from VCodec but callback hooked, slow BM Cc fetch thread
06-18 22:18:17.034   543  8437 D C2MtkBufferManager: over 5000ms not request from VCodec but callback hooked, slow BM Cc fetch thread
06-18 22:18:17.044   551   649 I libPowerHal: [perfLockRel] hdl:1646, idx:5
06-18 22:18:17.045   551   649 I libPowerHal: [PD] MTKPOWER_HINT_APP_TOUCH update cmd:3408600 param:0
06-18 22:18:17.055   543  8437 D C2MtkBufferManager: over 5000ms not request from VCodec but callback hooked, slow BM Cc fetch thread
06-18 22:18:17.075   543  8437 D C2MtkBufferManager: over 5000ms not request from VCodec but callback hooked, slow BM Cc fetch thread
06-18 22:18:17.095   543  8437 D C2MtkBufferManager: over 5000ms not request from VCodec but callback hooked, slow BM Cc fetch thread
06-18 22:18:17.115  2290  2290 D CoreService: onAccessibilityEvent: currentPackageName=aiv.reem.mymishna isEditing=false isInputMethodApp=false
06-18 22:18:17.116   543  8437 D C2MtkBufferManager: over 5000ms not request from VCodec but callback hooked, slow BM Cc fetch thread
06-18 22:18:17.124  2290  2290 D CoreService: onAccessibilityEvent: currentPackageName=aiv.reem.mymishna isEditing=false isInputMethodApp=false
06-18 22:18:17.124  2290  2290 D CoreService: onAccessibilityEvent: currentPackageName=aiv.reem.mymishna isEditing=false isInputMethodApp=false
06-18 22:18:17.125  2290  2290 D CoreService: onAccessibilityEvent: currentPackageName=aiv.reem.mymishna isEditing=false isInputMethodApp=false
06-18 22:18:17.136   543  8437 D C2MtkBufferManager: over 5000ms not request from VCodec but callback hooked, slow BM Cc fetch thread
06-18 22:18:17.150 12540 12558 E GPUAUX  : [AUX]GuiExtAuxCheckAuxPath:667: Null anb
06-18 22:18:17.151 12540 12558 E GPUAUX  : [AUX]GuiExtAuxCheckAuxPath:667: Null anb
06-18 22:18:17.151 12540 12558 E GPUAUX  : [AUX]GuiExtAuxCheckAuxPath:667: Null anb
06-18 22:18:17.151 12540 12558 E GPUAUX  : [AUX]GuiExtAuxCheckAuxPath:667: Null anb
06-18 22:18:17.151 12540 12558 E GPUAUX  : [AUX]GuiExtAuxCheckAuxPath:667: Null anb
06-18 22:18:17.151 12540 12558 E GPUAUX  : [AUX]GuiExtAuxCheckAuxPath:667: Null anb
06-18 22:18:17.152 12540 12558 E GPUAUX  : [AUX]GuiExtAuxCheckAuxPath:667: Null anb
06-18 22:18:17.157   543  8437 D C2MtkBufferManager: over 5000ms not request from VCodec but callback hooked, slow BM Cc fetch thread
06-18 22:18:17.168   560   560 I BufferQueueProducer: [aiv.reem.mymishna/aiv.reem.mymishna.MainActivity#0](this:0xb4000071d315dfd0,id:-1,api:0,p:-1,c:560) queueBuffer: fps=39.26 dur=1350.10 max=383.33 min=16.52
06-18 22:18:17.169   540   671 I hwcomposer: [HWCDisplay] [Display_0 (type:1)] fps:39.253506,dur:1350.20,max:383.72,min:16.28  
06-18 22:18:17.177   543  8437 D C2MtkBufferManager: over 5000ms not request from VCodec but callback hooked, slow BM Cc fetch thread
06-18 22:18:17.197   543  8437 D C2MtkBufferManager: over 5000ms not request from VCodec but callback hooked, slow BM Cc fetch thread
06-18 22:18:17.217  2290  2290 D CoreService: onAccessibilityEvent: currentPackageName=aiv.reem.mymishna isEditing=false isInputMethodApp=false
06-18 22:18:17.218   543  8437 D C2MtkBufferManager: over 5000ms not request from VCodec but callback hooked, slow BM Cc fetch thread
06-18 22:18:17.224  2290  2290 D CoreService: onAccessibilityEvent: currentPackageName=aiv.reem.mymishna isEditing=false isInputMethodApp=false
06-18 22:18:17.236  1528  1528 W libc    : Access denied finding property "persist.vendor.sss.smartRat.ut"
06-18 22:18:17.237  1528  1528 W libc    : Access denied finding property "persist.vendor.sss.smartRat.looback"
06-18 22:18:17.237  1528  1528 W libc    : Access denied finding property "persist.vendor.sss.smartRat.looback_mode"
06-18 22:18:17.238   543  8437 D C2MtkBufferManager: over 5000ms not request from VCodec but callback hooked, slow BM Cc fetch thread
06-18 22:18:17.259   543  8437 D C2MtkBufferManager: over 5000ms not request from VCodec but callback hooked, slow BM Cc fetch thread
06-18 22:18:17.273  1159  2288 D ActivityManager: getProcessesInErrorState callingUid=10135, CallingPid=2360
06-18 22:18:17.279   543  8437 D C2MtkBufferManager: over 5000ms not request from VCodec but callback hooked, slow BM Cc fetch thread
06-18 22:18:17.299   543  8437 D C2MtkBufferManager: over 5000ms not request from VCodec but callback hooked, slow BM Cc fetch thread
06-18 22:18:17.312  1159  2288 I mtkpower_client: perf_lock_acq, hdl:1645, dur:0, num:2, tid:2288
06-18 22:18:17.313  1159  2288 I mtkpower_client: ret_hdl:1647
06-18 22:18:17.314   551   649 I libPowerHal: [perfLockAcq] idx:5 hdl:1647 hint:-1 pid:1159 duration:0 lock_user:system_server => ret_hdl:1647
06-18 22:18:17.314   551   649 I libPowerHal: [PE] system_server update cmd:2004200, param:12558
06-18 22:18:17.314  1159  2288 I mtkpower_client: perf_lock_rel, hdl:1647, tid:2288
06-18 22:18:17.315   551   649 I libPowerHal: [perfLockRel] hdl:1647, idx:5
06-18 22:18:17.315   551   649 I libPowerHal: [PD] system_server update cmd:2004200 param:0
06-18 22:18:17.320   543  8437 D C2MtkBufferManager: over 5000ms not request from VCodec but callback hooked, slow BM Cc fetch thread
06-18 22:18:17.340   543  8437 D C2MtkBufferManager: over 5000ms not request from VCodec but callback hooked, slow BM Cc fetch thread
06-18 22:18:17.361   543  8437 D C2MtkBufferManager: over 5000ms not request from VCodec but callback hooked, slow BM Cc fetch thread
06-18 22:18:17.381   543  8437 D C2MtkBufferManager: over 5000ms not request from VCodec but callback hooked, slow BM Cc fetch thread
06-18 22:18:17.401   543  8437 D C2MtkBufferManager: over 5000ms not request from VCodec but callback hooked, slow BM Cc fetch thread
06-18 22:18:17.422   543  8437 D C2MtkBufferManager: over 5000ms not request from VCodec but callback hooked, slow BM Cc fetch thread
06-18 22:18:17.442   543  8437 D C2MtkBufferManager: over 5000ms not request from VCodec but callback hooked, slow BM Cc fetch thread
06-18 22:18:17.463   543  8437 D C2MtkBufferManager: over 5000ms not request from VCodec but callback hooked, slow BM Cc fetch thread
06-18 22:18:17.483   543  8437 D C2MtkBufferManager: over 5000ms not request from VCodec but callback hooked, slow BM Cc fetch thread
06-18 22:18:17.504   543  8437 D C2MtkBufferManager: over 5000ms not request from VCodec but callback hooked, slow BM Cc fetch thread
06-18 22:18:17.509   551   629 I libPerfCtl: xgfGetFPS pid:1367 fps:-1
06-18 22:18:17.509   551   629 I libPerfCtl: xgfGetFPS pid:1769 fps:-1
06-18 22:18:17.509   551   629 I libPerfCtl: xgfGetFPS pid:12540 fps:47
06-18 22:18:17.524   543  8437 D C2MtkBufferManager: over 5000ms not request from VCodec but callback hooked, slow BM Cc fetch thread
06-18 22:18:17.544   543  8437 D C2MtkBufferManager: over 5000ms not request from VCodec but callback hooked, slow BM Cc fetch thread
06-18 22:18:17.565   543  8437 D C2MtkBufferManager: over 5000ms not request from VCodec but callback hooked, slow BM Cc fetch thread
06-18 22:18:17.585   543  8437 D C2MtkBufferManager: over 5000ms not request from VCodec but callback hooked, slow BM Cc fetch thread
06-18 22:18:17.606   543  8437 D C2MtkBufferManager: over 5000ms not request from VCodec but callback hooked, slow BM Cc fetch thread
06-18 22:18:17.626   543  8437 D C2MtkBufferManager: over 5000ms not request from VCodec but callback hooked, slow BM Cc fetch thread
06-18 22:18:17.647   543  8437 D C2MtkBufferManager: over 5000ms not request from VCodec but callback hooked, slow BM Cc fetch thread
06-18 22:18:17.649   551   649 I libPowerHal: [perfLockAcq] idx:5 hdl:1648 hint:25 pid:551 duration:10000 lock_user:mtkpower@1.0-se => ret_hdl:1648
06-18 22:18:17.649   551   649 I libPowerHal: [PE] MTKPOWER_HINT_APP_TOUCH update cmd:3408600 param:1
06-18 22:18:17.667   543  8437 D C2MtkBufferManager: over 5000ms not request from VCodec but callback hooked, slow BM Cc fetch thread
06-18 22:18:17.687   543  8437 D C2MtkBufferManager: over 5000ms not request from VCodec but callback hooked, slow BM Cc fetch thread
06-18 22:18:17.697  2290  2290 D CoreService: onAccessibilityEvent: currentPackageName=aiv.reem.mymishna isEditing=false isInputMethodApp=false
06-18 22:18:17.706 12540 12558 E GPUAUX  : [AUX]GuiExtAuxCheckAuxPath:667: Null anb
06-18 22:18:17.708   543  8437 D C2MtkBufferManager: over 5000ms not request from VCodec but callback hooked, slow BM Cc fetch thread
06-18 22:18:17.719  2290  2290 D CoreService: onAccessibilityEvent: currentPackageName=aiv.reem.mymishna isEditing=false isInputMethodApp=false
06-18 22:18:17.720  2290  2290 D CoreService: onAccessibilityEvent: currentPackageName=aiv.reem.mymishna isEditing=false isInputMethodApp=false
06-18 22:18:17.721  2290  2290 D CoreService: onAccessibilityEvent: currentPackageName=aiv.reem.mymishna isEditing=false isInputMethodApp=false
06-18 22:18:17.721  2290  2290 D CoreService: onAccessibilityEvent: currentPackageName=aiv.reem.mymishna isEditing=false isInputMethodApp=false
06-18 22:18:17.722  2290  2290 D CoreService: onAccessibilityEvent: currentPackageName=aiv.reem.mymishna isEditing=false isInputMethodApp=false
06-18 22:18:17.725   551   649 I libPowerHal: [perfLockRel] hdl:1648, idx:5
06-18 22:18:17.726   551   649 I libPowerHal: [PD] MTKPOWER_HINT_APP_TOUCH update cmd:3408600 param:0
06-18 22:18:17.728   543  8437 D C2MtkBufferManager: over 5000ms not request from VCodec but callback hooked, slow BM Cc fetch thread
06-18 22:18:17.748   543  8437 D C2MtkBufferManager: over 5000ms not request from VCodec but callback hooked, slow BM Cc fetch thread
06-18 22:18:17.769   543  8437 D C2MtkBufferManager: over 5000ms not request from VCodec but callback hooked, slow BM Cc fetch thread
06-18 22:18:17.775  1159 10862 D ActivityManager: getProcessesInErrorState callingUid=10135, CallingPid=2360
06-18 22:18:17.789   543  8437 D C2MtkBufferManager: over 5000ms not request from VCodec but callback hooked, slow BM Cc fetch thread
06-18 22:18:17.798  2290  2290 D CoreService: onAccessibilityEvent: currentPackageName=aiv.reem.mymishna isEditing=false isInputMethodApp=false
06-18 22:18:17.798  2290  2290 D CoreService: onAccessibilityEvent: currentPackageName=aiv.reem.mymishna isEditing=false isInputMethodApp=false
06-18 22:18:17.796  3534  3534 W ThreadPoolForeg: type=1400 audit(0.0:770): avc: denied { write } for name="traced_producer" dev="tmpfs" ino=10613 scontext=u:r:gmscore_app:s0:c512,c768 tcontext=u:object_r:traced_producer_socket:s0 tclass=sock_file permissive=0 app=com.google.android.gms
06-18 22:18:17.810   543  8437 D C2MtkBufferManager: over 5000ms not request from VCodec but callback hooked, slow BM Cc fetch thread
06-18 22:18:17.820  2290  2290 D CoreService: onAccessibilityEvent: currentPackageName=aiv.reem.mymishna isEditing=false isInputMethodApp=false
06-18 22:18:17.821  2290  2290 D CoreService: onAccessibilityEvent: currentPackageName=aiv.reem.mymishna isEditing=false isInputMethodApp=false
06-18 22:18:17.821  2290  2290 D CoreService: onAccessibilityEvent: currentPackageName=aiv.reem.mymishna isEditing=false isInputMethodApp=false
06-18 22:18:17.830   543  8437 D C2MtkBufferManager: over 5000ms not request from VCodec but callback hooked, slow BM Cc fetch thread
06-18 22:18:17.831  2290  2290 D CoreService: onAccessibilityEvent: currentPackageName=aiv.reem.mymishna isEditing=false isInputMethodApp=false
06-18 22:18:17.831  2290  2290 D CoreService: onAccessibilityEvent: currentPackageName=aiv.reem.mymishna isEditing=false isInputMethodApp=false
06-18 22:18:17.851   543  8437 D C2MtkBufferManager: over 5000ms not request from VCodec but callback hooked, slow BM Cc fetch thread
06-18 22:18:17.862   565   580 D ccci_mdinit: (1):monitor_time_update_thread round:133 ########
06-18 22:18:17.871   543  8437 D C2MtkBufferManager: over 5000ms not request from VCodec but callback hooked, slow BM Cc fetch thread
06-18 22:18:17.892   543  8437 D C2MtkBufferManager: over 5000ms not request from VCodec but callback hooked, slow BM Cc fetch thread
06-18 22:18:17.912   543  8437 D C2MtkBufferManager: over 5000ms not request from VCodec but callback hooked, slow BM Cc fetch thread
06-18 22:18:17.913  2290  2290 D CoreService: onAccessibilityEvent: currentPackageName=aiv.reem.mymishna isEditing=false isInputMethodApp=false
06-18 22:18:17.932   543  8437 D C2MtkBufferManager: over 5000ms not request from VCodec but callback hooked, slow BM Cc fetch thread
06-18 22:18:17.953   543  8437 D C2MtkBufferManager: over 5000ms not request from VCodec but callback hooked, slow BM Cc fetch thread
06-18 22:18:17.973   543  8437 D C2MtkBufferManager: over 5000ms not request from VCodec but callback hooked, slow BM Cc fetch thread
06-18 22:18:17.993   543  8437 D C2MtkBufferManager: over 5000ms not request from VCodec but callback hooked, slow BM Cc fetch thread
06-18 22:18:18.014   543  8437 D C2MtkBufferManager: over 5000ms not request from VCodec but callback hooked, slow BM Cc fetch thread
06-18 22:18:18.016  2290  2290 D CoreService: onAccessibilityEvent: currentPackageName=aiv.reem.mymishna isEditing=false isInputMethodApp=false
06-18 22:18:18.034   543  8437 D C2MtkBufferManager: over 5000ms not request from VCodec but callback hooked, slow BM Cc fetch thread
06-18 22:18:18.042   551   603 D power@timer: [mtkPowerTimer] visRead:0
06-18 22:18:18.055   543  8437 D C2MtkBufferManager: over 5000ms not request from VCodec but callback hooked, slow BM Cc fetch thread
06-18 22:18:18.075   543  8437 D C2MtkBufferManager: over 5000ms not request from VCodec but callback hooked, slow BM Cc fetch thread
06-18 22:18:18.095   543  8437 D C2MtkBufferManager: over 5000ms not request from VCodec but callback hooked, slow BM Cc fetch thread
06-18 22:18:18.116   543  8437 D C2MtkBufferManager: over 5000ms not request from VCodec but callback hooked, slow BM Cc fetch thread
06-18 22:18:18.136   543  8437 D C2MtkBufferManager: over 5000ms not request from VCodec but callback hooked, slow BM Cc fetch thread
06-18 22:18:18.152   551   649 I libPowerHal: [perfLockAcq] idx:5 hdl:1649 hint:25 pid:551 duration:10000 lock_user:mtkpower@1.0-se => ret_hdl:1649
06-18 22:18:18.152   551   649 I libPowerHal: [PE] MTKPOWER_HINT_APP_TOUCH update cmd:3408600 param:1
06-18 22:18:18.157   543  8437 D C2MtkBufferManager: over 5000ms not request from VCodec but callback hooked, slow BM Cc fetch thread
06-18 22:18:18.168   560   560 I BufferQueueProducer: [aiv.reem.mymishna/aiv.reem.mymishna.MainActivity#0](this:0xb4000071d315dfd0,id:-1,api:0,p:-1,c:560) queueBuffer: fps=28.00 dur=1000.08 max=483.17 min=16.57
06-18 22:18:18.170   540   671 I hwcomposer: [HWCDisplay] [Display_0 (type:1)] fps:27.996365,dur:1000.13,max:483.07,min:16.24  
06-18 22:18:18.177   543  8437 D C2MtkBufferManager: over 5000ms not request from VCodec but callback hooked, slow BM Cc fetch thread
06-18 22:18:18.197   543  8437 D C2MtkBufferManager: over 5000ms not request from VCodec but callback hooked, slow BM Cc fetch thread
06-18 22:18:18.218   543  8437 D C2MtkBufferManager: over 5000ms not request from VCodec but callback hooked, slow BM Cc fetch thread
06-18 22:18:18.238   543  8437 D C2MtkBufferManager: over 5000ms not request from VCodec but callback hooked, slow BM Cc fetch thread
06-18 22:18:18.252   551   649 I libPowerHal: [perfLockRel] hdl:1649, idx:5
06-18 22:18:18.252   551   649 I libPowerHal: [PD] MTKPOWER_HINT_APP_TOUCH update cmd:3408600 param:0
06-18 22:18:18.259   543  8437 D C2MtkBufferManager: over 5000ms not request from VCodec but callback hooked, slow BM Cc fetch thread
06-18 22:18:18.275  1159 10862 D ActivityManager: getProcessesInErrorState callingUid=10135, CallingPid=2360
06-18 22:18:18.279   543  8437 D C2MtkBufferManager: over 5000ms not request from VCodec but callback hooked, slow BM Cc fetch thread
06-18 22:18:18.299   543  8437 D C2MtkBufferManager: over 5000ms not request from VCodec but callback hooked, slow BM Cc fetch thread
06-18 22:18:18.308  2290  2290 D CoreService: onAccessibilityEvent: currentPackageName=aiv.reem.mymishna isEditing=false isInputMethodApp=false
06-18 22:18:18.310  2290  2290 D CoreService: onAccessibilityEvent: currentPackageName=aiv.reem.mymishna isEditing=false isInputMethodApp=false
06-18 22:18:18.313  2290  2290 D CoreService: onAccessibilityEvent: currentPackageName=aiv.reem.mymishna isEditing=false isInputMethodApp=false
06-18 22:18:18.315  2290  2290 D CoreService: onAccessibilityEvent: currentPackageName=aiv.reem.mymishna isEditing=false isInputMethodApp=false
06-18 22:18:18.316  2290  2290 D CoreService: onAccessibilityEvent: currentPackageName=aiv.reem.mymishna isEditing=false isInputMethodApp=false
06-18 22:18:18.320   543  8437 D C2MtkBufferManager: over 5000ms not request from VCodec but callback hooked, slow BM Cc fetch thread
06-18 22:18:18.331 12540 12629 I libPerfCtl: fbcNotifySbeRescue ret=-1
06-18 22:18:18.340   543  8437 D C2MtkBufferManager: over 5000ms not request from VCodec but callback hooked, slow BM Cc fetch thread
06-18 22:18:18.357 12540 12558 E GPUAUX  : [AUX]GuiExtAuxCheckAuxPath:667: Null anb
06-18 22:18:18.357 12540 12558 E GPUAUX  : [AUX]GuiExtAuxCheckAuxPath:667: Null anb
06-18 22:18:18.357 12540 12558 E GPUAUX  : [AUX]GuiExtAuxCheckAuxPath:667: Null anb
06-18 22:18:18.357 12540 12558 E GPUAUX  : [AUX]GuiExtAuxCheckAuxPath:667: Null anb
06-18 22:18:18.361   543  8437 D C2MtkBufferManager: over 5000ms not request from VCodec but callback hooked, slow BM Cc fetch thread
06-18 22:18:18.381   543  8437 D C2MtkBufferManager: over 5000ms not request from VCodec but callback hooked, slow BM Cc fetch thread
06-18 22:18:18.402   543  8437 D C2MtkBufferManager: over 5000ms not request from VCodec but callback hooked, slow BM Cc fetch thread
06-18 22:18:18.411  2290  2290 D CoreService: onAccessibilityEvent: currentPackageName=aiv.reem.mymishna isEditing=false isInputMethodApp=false
06-18 22:18:18.422   543  8437 D C2MtkBufferManager: over 5000ms not request from VCodec but callback hooked, slow BM Cc fetch thread
06-18 22:18:18.427  2290  2290 D CoreService: onAccessibilityEvent: currentPackageName=aiv.reem.mymishna isEditing=false isInputMethodApp=false
06-18 22:18:18.442   543  8437 D C2MtkBufferManager: over 5000ms not request from VCodec but callback hooked, slow BM Cc fetch thread
06-18 22:18:18.463   543  8437 D C2MtkBufferManager: over 5000ms not request from VCodec but callback hooked, slow BM Cc fetch thread
06-18 22:18:18.483   543  8437 D C2MtkBufferManager: over 5000ms not request from VCodec but callback hooked, slow BM Cc fetch thread
06-18 22:18:18.503   543  8437 D C2MtkBufferManager: over 5000ms not request from VCodec but callback hooked, slow BM Cc fetch thread
06-18 22:18:18.509   551   629 I libPerfCtl: xgfGetFPS pid:1367 fps:-1
06-18 22:18:18.509   551   629 I libPerfCtl: xgfGetFPS pid:1769 fps:-1
06-18 22:18:18.509   551   629 I libPerfCtl: xgfGetFPS pid:12540 fps:53
06-18 22:18:18.512  1159 10862 I mtkpower_client: perf_lock_acq, hdl:1647, dur:0, num:2, tid:10862
06-18 22:18:18.513  1159 10862 I mtkpower_client: ret_hdl:1650
06-18 22:18:18.513   551   649 I libPowerHal: [perfLockAcq] idx:5 hdl:1650 hint:-1 pid:1159 duration:0 lock_user:system_server => ret_hdl:1650
06-18 22:18:18.514   551   649 I libPowerHal: [PE] system_server update cmd:2004200, param:12558
06-18 22:18:18.514  1159 10862 I mtkpower_client: perf_lock_rel, hdl:1650, tid:10862
06-18 22:18:18.514   551   649 I libPowerHal: [perfLockRel] hdl:1650, idx:5
06-18 22:18:18.515   551   649 I libPowerHal: [PD] system_server update cmd:2004200 param:0
06-18 22:18:18.524   543  8437 D C2MtkBufferManager: over 5000ms not request from VCodec but callback hooked, slow BM Cc fetch thread
06-18 22:18:18.544   543  8437 D C2MtkBufferManager: over 5000ms not request from VCodec but callback hooked, slow BM Cc fetch thread
